<?xml version="1.0" encoding="ISO-8859-1" ?>
<link_info>
   <banner>TI ARM Clang Linker PC v3.2.2.LTS</banner>
   <copyright>Copyright (c) 1996-2018 Texas Instruments Incorporated</copyright>
   <link_time>0x696cfa51</link_time>
   <link_errors>0x0</link_errors>
   <output_file>C:\Users\kawoj\greenhouse\httpget_CC3235SF_LAUNCHXL_tirtos7_ticlang\MCU+Image\httpget_CC3235SF_LAUNCHXL_tirtos7_ticlang.out</output_file>
   <entry_point>
      <name>_c_int00</name>
      <address>0x101370d</address>
   </entry_point>
   <input_file_list>
      <input_file id="fl-1">
         <path>C:\Users\kawoj\greenhouse\httpget_CC3235SF_LAUNCHXL_tirtos7_ticlang\MCU+Image\.\syscfg\</path>
         <kind>object</kind>
         <file>ti_drivers_config.o</file>
         <name>ti_drivers_config.o</name>
      </input_file>
      <input_file id="fl-2">
         <path>C:\Users\kawoj\greenhouse\httpget_CC3235SF_LAUNCHXL_tirtos7_ticlang\MCU+Image\.\syscfg\</path>
         <kind>object</kind>
         <file>ti_net_config.o</file>
         <name>ti_net_config.o</name>
      </input_file>
      <input_file id="fl-3">
         <path>C:\Users\kawoj\greenhouse\httpget_CC3235SF_LAUNCHXL_tirtos7_ticlang\MCU+Image\.\syscfg\</path>
         <kind>object</kind>
         <file>ti_sysbios_config.o</file>
         <name>ti_sysbios_config.o</name>
      </input_file>
      <input_file id="fl-4">
         <path>C:\Users\kawoj\greenhouse\httpget_CC3235SF_LAUNCHXL_tirtos7_ticlang\MCU+Image\.\syscfg\</path>
         <kind>object</kind>
         <file>ti_drivers_net_wifi_config.o</file>
         <name>ti_drivers_net_wifi_config.o</name>
      </input_file>
      <input_file id="fl-5">
         <path>C:\Users\kawoj\greenhouse\httpget_CC3235SF_LAUNCHXL_tirtos7_ticlang\MCU+Image\.\</path>
         <kind>object</kind>
         <file>httpget.o</file>
         <name>httpget.o</name>
      </input_file>
      <input_file id="fl-6">
         <path>C:\Users\kawoj\greenhouse\httpget_CC3235SF_LAUNCHXL_tirtos7_ticlang\MCU+Image\.\</path>
         <kind>object</kind>
         <file>main_tirtos.o</file>
         <name>main_tirtos.o</name>
      </input_file>
      <input_file id="fl-7">
         <path>C:\Users\kawoj\greenhouse\httpget_CC3235SF_LAUNCHXL_tirtos7_ticlang\MCU+Image\.\</path>
         <kind>object</kind>
         <file>platform.o</file>
         <name>platform.o</name>
      </input_file>
      <input_file id="fl-8">
         <path>C:\Users\kawoj\greenhouse\httpget_CC3235SF_LAUNCHXL_tirtos7_ticlang\MCU+Image\.\lib\</path>
         <kind>object</kind>
         <file>cJSON.o</file>
         <name>cJSON.o</name>
      </input_file>
      <input_file id="fl-22">
         <path>C:\Users\kawoj\greenhouse\httpget_CC3235SF_LAUNCHXL_tirtos7_ticlang\MCU+Image\</path>
         <kind>object</kind>
         <file>&lt;internal&gt;</file>
         <name>&lt;internal&gt;</name>
      </input_file>
      <input_file id="fl-23">
         <path>C:\ti\simplelink_cc32xx_sdk_7_10_00_13\source\ti\display\lib\ticlang\m4\</path>
         <kind>archive</kind>
         <file>display_cc32xx.a</file>
         <name>Display.c.obj</name>
      </input_file>
      <input_file id="fl-24">
         <path>C:\ti\simplelink_cc32xx_sdk_7_10_00_13\source\ti\display\lib\ticlang\m4\</path>
         <kind>archive</kind>
         <file>display_cc32xx.a</file>
         <name>DisplayUart2.c.obj</name>
      </input_file>
      <input_file id="fl-25">
         <path>C:\ti\simplelink_cc32xx_sdk_7_10_00_13\source\ti\drivers\net\wifi\slnetif\ticlang\Release\</path>
         <kind>archive</kind>
         <file>slnetifwifi.a</file>
         <name>slnetifwifi.obj</name>
      </input_file>
      <input_file id="fl-26">
         <path>C:\ti\simplelink_cc32xx_sdk_7_10_00_13\source\ti\drivers\net\wifi\slnetif\ticlang\Release\</path>
         <kind>archive</kind>
         <file>slnetifwifi.a</file>
         <name>slwificonn.obj</name>
      </input_file>
      <input_file id="fl-27">
         <path>C:\ti\simplelink_cc32xx_sdk_7_10_00_13\source\ti\drivers\net\wifi\ticlang\rtos\</path>
         <kind>archive</kind>
         <file>simplelink.a</file>
         <name>device.obj</name>
      </input_file>
      <input_file id="fl-28">
         <path>C:\ti\simplelink_cc32xx_sdk_7_10_00_13\source\ti\drivers\net\wifi\ticlang\rtos\</path>
         <kind>archive</kind>
         <file>simplelink.a</file>
         <name>driver.obj</name>
      </input_file>
      <input_file id="fl-29">
         <path>C:\ti\simplelink_cc32xx_sdk_7_10_00_13\source\ti\drivers\net\wifi\ticlang\rtos\</path>
         <kind>archive</kind>
         <file>simplelink.a</file>
         <name>flowcont.obj</name>
      </input_file>
      <input_file id="fl-2a">
         <path>C:\ti\simplelink_cc32xx_sdk_7_10_00_13\source\ti\drivers\net\wifi\ticlang\rtos\</path>
         <kind>archive</kind>
         <file>simplelink.a</file>
         <name>fs.obj</name>
      </input_file>
      <input_file id="fl-2b">
         <path>C:\ti\simplelink_cc32xx_sdk_7_10_00_13\source\ti\drivers\net\wifi\ticlang\rtos\</path>
         <kind>archive</kind>
         <file>simplelink.a</file>
         <name>netapp.obj</name>
      </input_file>
      <input_file id="fl-2c">
         <path>C:\ti\simplelink_cc32xx_sdk_7_10_00_13\source\ti\drivers\net\wifi\ticlang\rtos\</path>
         <kind>archive</kind>
         <file>simplelink.a</file>
         <name>netcfg.obj</name>
      </input_file>
      <input_file id="fl-2d">
         <path>C:\ti\simplelink_cc32xx_sdk_7_10_00_13\source\ti\drivers\net\wifi\ticlang\rtos\</path>
         <kind>archive</kind>
         <file>simplelink.a</file>
         <name>netutil.obj</name>
      </input_file>
      <input_file id="fl-2e">
         <path>C:\ti\simplelink_cc32xx_sdk_7_10_00_13\source\ti\drivers\net\wifi\ticlang\rtos\</path>
         <kind>archive</kind>
         <file>simplelink.a</file>
         <name>sl_socket.obj</name>
      </input_file>
      <input_file id="fl-2f">
         <path>C:\ti\simplelink_cc32xx_sdk_7_10_00_13\source\ti\drivers\net\wifi\ticlang\rtos\</path>
         <kind>archive</kind>
         <file>simplelink.a</file>
         <name>spawn.obj</name>
      </input_file>
      <input_file id="fl-30">
         <path>C:\ti\simplelink_cc32xx_sdk_7_10_00_13\source\ti\drivers\net\wifi\ticlang\rtos\</path>
         <kind>archive</kind>
         <file>simplelink.a</file>
         <name>wlan.obj</name>
      </input_file>
      <input_file id="fl-31">
         <path>C:\ti\simplelink_cc32xx_sdk_7_10_00_13\source\ti\drivers\net\wifi\ticlang\rtos\</path>
         <kind>archive</kind>
         <file>simplelink.a</file>
         <name>cc_pal.obj</name>
      </input_file>
      <input_file id="fl-32">
         <path>C:\ti\simplelink_cc32xx_sdk_7_10_00_13\source\ti\drivers\net\wifi\ticlang\rtos\</path>
         <kind>archive</kind>
         <file>simplelink.a</file>
         <name>eventreg.obj</name>
      </input_file>
      <input_file id="fl-33">
         <path>C:\ti\simplelink_cc32xx_sdk_7_10_00_13\source\ti\drivers\lib\ticlang\m4\</path>
         <kind>archive</kind>
         <file>drivers_cc32xx.a</file>
         <name>GPIOCC32XX.c.obj</name>
      </input_file>
      <input_file id="fl-34">
         <path>C:\ti\simplelink_cc32xx_sdk_7_10_00_13\source\ti\drivers\lib\ticlang\m4\</path>
         <kind>archive</kind>
         <file>drivers_cc32xx.a</file>
         <name>PowerCC32XX.c.obj</name>
      </input_file>
      <input_file id="fl-35">
         <path>C:\ti\simplelink_cc32xx_sdk_7_10_00_13\source\ti\drivers\lib\ticlang\m4\</path>
         <kind>archive</kind>
         <file>drivers_cc32xx.a</file>
         <name>PowerCC32XX_ticlang.asm.obj</name>
      </input_file>
      <input_file id="fl-36">
         <path>C:\ti\simplelink_cc32xx_sdk_7_10_00_13\source\ti\drivers\lib\ticlang\m4\</path>
         <kind>archive</kind>
         <file>drivers_cc32xx.a</file>
         <name>SPI.c.obj</name>
      </input_file>
      <input_file id="fl-37">
         <path>C:\ti\simplelink_cc32xx_sdk_7_10_00_13\source\ti\drivers\lib\ticlang\m4\</path>
         <kind>archive</kind>
         <file>drivers_cc32xx.a</file>
         <name>SPICC32XXDMA.c.obj</name>
      </input_file>
      <input_file id="fl-38">
         <path>C:\ti\simplelink_cc32xx_sdk_7_10_00_13\source\ti\drivers\lib\ticlang\m4\</path>
         <kind>archive</kind>
         <file>drivers_cc32xx.a</file>
         <name>UART2.c.obj</name>
      </input_file>
      <input_file id="fl-39">
         <path>C:\ti\simplelink_cc32xx_sdk_7_10_00_13\source\ti\drivers\lib\ticlang\m4\</path>
         <kind>archive</kind>
         <file>drivers_cc32xx.a</file>
         <name>UART2CC32XX.c.obj</name>
      </input_file>
      <input_file id="fl-3a">
         <path>C:\ti\simplelink_cc32xx_sdk_7_10_00_13\source\ti\drivers\lib\ticlang\m4\</path>
         <kind>archive</kind>
         <file>drivers_cc32xx.a</file>
         <name>WatchdogCC32XX.c.obj</name>
      </input_file>
      <input_file id="fl-3b">
         <path>C:\ti\simplelink_cc32xx_sdk_7_10_00_13\source\ti\drivers\lib\ticlang\m4\</path>
         <kind>archive</kind>
         <file>drivers_cc32xx.a</file>
         <name>List.c.obj</name>
      </input_file>
      <input_file id="fl-3c">
         <path>C:\ti\simplelink_cc32xx_sdk_7_10_00_13\source\ti\drivers\lib\ticlang\m4\</path>
         <kind>archive</kind>
         <file>drivers_cc32xx.a</file>
         <name>RingBuf.c.obj</name>
      </input_file>
      <input_file id="fl-3d">
         <path>C:\ti\simplelink_cc32xx_sdk_7_10_00_13\source\ti\drivers\lib\ticlang\m4\</path>
         <kind>archive</kind>
         <file>drivers_cc32xx.a</file>
         <name>UDMACC32XX.c.obj</name>
      </input_file>
      <input_file id="fl-3e">
         <path>C:\ti\simplelink_cc32xx_sdk_7_10_00_13\source\ti\net\http\lib\ticlang\m4\</path>
         <kind>archive</kind>
         <file>httpclient_release.a</file>
         <name>httpclient.om4</name>
      </input_file>
      <input_file id="fl-3f">
         <path>C:\ti\simplelink_cc32xx_sdk_7_10_00_13\source\ti\net\lib\ticlang\m4\</path>
         <kind>archive</kind>
         <file>slnetsock_release.a</file>
         <name>slnetsock.om4</name>
      </input_file>
      <input_file id="fl-40">
         <path>C:\ti\simplelink_cc32xx_sdk_7_10_00_13\source\ti\net\lib\ticlang\m4\</path>
         <kind>archive</kind>
         <file>slnetsock_release.a</file>
         <name>slnetutils.om4</name>
      </input_file>
      <input_file id="fl-41">
         <path>C:\ti\simplelink_cc32xx_sdk_7_10_00_13\source\ti\net\lib\ticlang\m4\</path>
         <kind>archive</kind>
         <file>slnetsock_release.a</file>
         <name>slnetif.om4</name>
      </input_file>
      <input_file id="fl-42">
         <path>C:\ti\simplelink_cc32xx_sdk_7_10_00_13\kernel\tirtos7\packages\ti\sysbios\lib\ticlang\m4\</path>
         <kind>archive</kind>
         <file>sysbios.a</file>
         <name>TaskSupport_asm_gcc.s.obj</name>
      </input_file>
      <input_file id="fl-43">
         <path>C:\ti\simplelink_cc32xx_sdk_7_10_00_13\kernel\tirtos7\packages\ti\sysbios\lib\ticlang\m4\</path>
         <kind>archive</kind>
         <file>sysbios.a</file>
         <name>Hwi_asm_gcc.s.obj</name>
      </input_file>
      <input_file id="fl-44">
         <path>C:\ti\simplelink_cc32xx_sdk_7_10_00_13\kernel\tirtos7\packages\ti\sysbios\lib\ticlang\m4\</path>
         <kind>archive</kind>
         <file>sysbios.a</file>
         <name>Hwi_asm_switch_gcc.s.obj</name>
      </input_file>
      <input_file id="fl-45">
         <path>C:\ti\simplelink_cc32xx_sdk_7_10_00_13\kernel\tirtos7\packages\ti\sysbios\lib\ticlang\m4\</path>
         <kind>archive</kind>
         <file>sysbios.a</file>
         <name>boot_cortex_m.c.obj</name>
      </input_file>
      <input_file id="fl-46">
         <path>C:\ti\simplelink_cc32xx_sdk_7_10_00_13\source\ti\devices\cc32xx\driverlib\ticlang\Release\</path>
         <kind>archive</kind>
         <file>driverlib.a</file>
         <name>cpu.obj</name>
      </input_file>
      <input_file id="fl-47">
         <path>C:\ti\simplelink_cc32xx_sdk_7_10_00_13\source\ti\devices\cc32xx\driverlib\ticlang\Release\</path>
         <kind>archive</kind>
         <file>driverlib.a</file>
         <name>gpio.obj</name>
      </input_file>
      <input_file id="fl-48">
         <path>C:\ti\simplelink_cc32xx_sdk_7_10_00_13\source\ti\devices\cc32xx\driverlib\ticlang\Release\</path>
         <kind>archive</kind>
         <file>driverlib.a</file>
         <name>hwspinlock.obj</name>
      </input_file>
      <input_file id="fl-49">
         <path>C:\ti\simplelink_cc32xx_sdk_7_10_00_13\source\ti\devices\cc32xx\driverlib\ticlang\Release\</path>
         <kind>archive</kind>
         <file>driverlib.a</file>
         <name>interrupt.obj</name>
      </input_file>
      <input_file id="fl-4a">
         <path>C:\ti\simplelink_cc32xx_sdk_7_10_00_13\source\ti\devices\cc32xx\driverlib\ticlang\Release\</path>
         <kind>archive</kind>
         <file>driverlib.a</file>
         <name>pin.obj</name>
      </input_file>
      <input_file id="fl-4b">
         <path>C:\ti\simplelink_cc32xx_sdk_7_10_00_13\source\ti\devices\cc32xx\driverlib\ticlang\Release\</path>
         <kind>archive</kind>
         <file>driverlib.a</file>
         <name>prcm.obj</name>
      </input_file>
      <input_file id="fl-4c">
         <path>C:\ti\simplelink_cc32xx_sdk_7_10_00_13\source\ti\devices\cc32xx\driverlib\ticlang\Release\</path>
         <kind>archive</kind>
         <file>driverlib.a</file>
         <name>spi.obj</name>
      </input_file>
      <input_file id="fl-4d">
         <path>C:\ti\simplelink_cc32xx_sdk_7_10_00_13\source\ti\devices\cc32xx\driverlib\ticlang\Release\</path>
         <kind>archive</kind>
         <file>driverlib.a</file>
         <name>uart.obj</name>
      </input_file>
      <input_file id="fl-4e">
         <path>C:\ti\simplelink_cc32xx_sdk_7_10_00_13\source\ti\devices\cc32xx\driverlib\ticlang\Release\</path>
         <kind>archive</kind>
         <file>driverlib.a</file>
         <name>udma.obj</name>
      </input_file>
      <input_file id="fl-4f">
         <path>C:\ti\simplelink_cc32xx_sdk_7_10_00_13\source\ti\devices\cc32xx\driverlib\ticlang\Release\</path>
         <kind>archive</kind>
         <file>driverlib.a</file>
         <name>utils.obj</name>
      </input_file>
      <input_file id="fl-50">
         <path>C:\ti\simplelink_cc32xx_sdk_7_10_00_13\source\ti\devices\cc32xx\driverlib\ticlang\Release\</path>
         <kind>archive</kind>
         <file>driverlib.a</file>
         <name>wdt.obj</name>
      </input_file>
      <input_file id="fl-51">
         <path>C:\ti\simplelink_cc32xx_sdk_7_10_00_13\source\ti\devices\cc32xx\driverlib\ticlang\Release\</path>
         <kind>archive</kind>
         <file>driverlib.a</file>
         <name>flash.obj</name>
      </input_file>
      <input_file id="fl-60">
         <path>C:\ti\ccs1281\ccs\tools\compiler\ti-cgt-armllvm_3.2.2.LTS\lib\armv7em-ti-none-eabi\c\</path>
         <kind>archive</kind>
         <file>libc.a</file>
         <name>sprintf.c.obj</name>
      </input_file>
      <input_file id="fl-61">
         <path>C:\ti\ccs1281\ccs\tools\compiler\ti-cgt-armllvm_3.2.2.LTS\lib\armv7em-ti-none-eabi\c\</path>
         <kind>archive</kind>
         <file>libc.a</file>
         <name>vsnprintf.c.obj</name>
      </input_file>
      <input_file id="fl-62">
         <path>C:\ti\ccs1281\ccs\tools\compiler\ti-cgt-armllvm_3.2.2.LTS\lib\armv7em-ti-none-eabi\c\</path>
         <kind>archive</kind>
         <file>libc.a</file>
         <name>sscanf.c.obj</name>
      </input_file>
      <input_file id="fl-63">
         <path>C:\ti\ccs1281\ccs\tools\compiler\ti-cgt-armllvm_3.2.2.LTS\lib\armv7em-ti-none-eabi\c\</path>
         <kind>archive</kind>
         <file>libc.a</file>
         <name>aeabi_ctype.S.obj</name>
      </input_file>
      <input_file id="fl-64">
         <path>C:\ti\ccs1281\ccs\tools\compiler\ti-cgt-armllvm_3.2.2.LTS\lib\armv7em-ti-none-eabi\c\</path>
         <kind>archive</kind>
         <file>libc.a</file>
         <name>strcmp_t2.S.obj</name>
      </input_file>
      <input_file id="fl-65">
         <path>C:\ti\ccs1281\ccs\tools\compiler\ti-cgt-armllvm_3.2.2.LTS\lib\armv7em-ti-none-eabi\c\</path>
         <kind>archive</kind>
         <file>libc.a</file>
         <name>aeabi_portable.c.obj</name>
      </input_file>
      <input_file id="fl-66">
         <path>C:\ti\ccs1281\ccs\tools\compiler\ti-cgt-armllvm_3.2.2.LTS\lib\armv7em-ti-none-eabi\c\</path>
         <kind>archive</kind>
         <file>libc.a</file>
         <name>exit.c.obj</name>
      </input_file>
      <input_file id="fl-67">
         <path>C:\ti\ccs1281\ccs\tools\compiler\ti-cgt-armllvm_3.2.2.LTS\lib\armv7em-ti-none-eabi\c\</path>
         <kind>archive</kind>
         <file>libc.a</file>
         <name>_lock.c.obj</name>
      </input_file>
      <input_file id="fl-68">
         <path>C:\ti\ccs1281\ccs\tools\compiler\ti-cgt-armllvm_3.2.2.LTS\lib\armv7em-ti-none-eabi\c\</path>
         <kind>archive</kind>
         <file>libc.a</file>
         <name>args_main.c.obj</name>
      </input_file>
      <input_file id="fl-69">
         <path>C:\ti\ccs1281\ccs\tools\compiler\ti-cgt-armllvm_3.2.2.LTS\lib\armv7em-ti-none-eabi\c\</path>
         <kind>archive</kind>
         <file>libc.a</file>
         <name>assert.c.obj</name>
      </input_file>
      <input_file id="fl-6a">
         <path>C:\ti\ccs1281\ccs\tools\compiler\ti-cgt-armllvm_3.2.2.LTS\lib\armv7em-ti-none-eabi\c\</path>
         <kind>archive</kind>
         <file>libc.a</file>
         <name>atoi.c.obj</name>
      </input_file>
      <input_file id="fl-6b">
         <path>C:\ti\ccs1281\ccs\tools\compiler\ti-cgt-armllvm_3.2.2.LTS\lib\armv7em-ti-none-eabi\c\</path>
         <kind>archive</kind>
         <file>libc.a</file>
         <name>defs.c.obj</name>
      </input_file>
      <input_file id="fl-6c">
         <path>C:\ti\ccs1281\ccs\tools\compiler\ti-cgt-armllvm_3.2.2.LTS\lib\armv7em-ti-none-eabi\c\</path>
         <kind>archive</kind>
         <file>libc.a</file>
         <name>strlen.c.obj</name>
      </input_file>
      <input_file id="fl-6d">
         <path>C:\ti\ccs1281\ccs\tools\compiler\ti-cgt-armllvm_3.2.2.LTS\lib\armv7em-ti-none-eabi\c\</path>
         <kind>archive</kind>
         <file>libc.a</file>
         <name>strstr.c.obj</name>
      </input_file>
      <input_file id="fl-6e">
         <path>C:\ti\ccs1281\ccs\tools\compiler\ti-cgt-armllvm_3.2.2.LTS\lib\armv7em-ti-none-eabi\c\</path>
         <kind>archive</kind>
         <file>libc.a</file>
         <name>strtod.c.obj</name>
      </input_file>
      <input_file id="fl-6f">
         <path>C:\ti\ccs1281\ccs\tools\compiler\ti-cgt-armllvm_3.2.2.LTS\lib\armv7em-ti-none-eabi\c\</path>
         <kind>archive</kind>
         <file>libc.a</file>
         <name>strtoul.c.obj</name>
      </input_file>
      <input_file id="fl-70">
         <path>C:\ti\ccs1281\ccs\tools\compiler\ti-cgt-armllvm_3.2.2.LTS\lib\armv7em-ti-none-eabi\c\</path>
         <kind>archive</kind>
         <file>libc.a</file>
         <name>autoinit.c.obj</name>
      </input_file>
      <input_file id="fl-71">
         <path>C:\ti\ccs1281\ccs\tools\compiler\ti-cgt-armllvm_3.2.2.LTS\lib\armv7em-ti-none-eabi\c\</path>
         <kind>archive</kind>
         <file>libc.a</file>
         <name>cpy_tbl.c.obj</name>
      </input_file>
      <input_file id="fl-72">
         <path>C:\ti\ccs1281\ccs\tools\compiler\ti-cgt-armllvm_3.2.2.LTS\lib\armv7em-ti-none-eabi\c\</path>
         <kind>archive</kind>
         <file>libc.a</file>
         <name>copy_zero_init.c.obj</name>
      </input_file>
      <input_file id="fl-73">
         <path>C:\ti\ccs1281\ccs\tools\compiler\ti-cgt-armllvm_3.2.2.LTS\lib\armv7em-ti-none-eabi\c\</path>
         <kind>archive</kind>
         <file>libc.a</file>
         <name>copy_decompress_none.c.obj</name>
      </input_file>
      <input_file id="fl-74">
         <path>C:\ti\ccs1281\ccs\tools\compiler\ti-cgt-armllvm_3.2.2.LTS\lib\armv7em-ti-none-eabi\c\</path>
         <kind>archive</kind>
         <file>libc.a</file>
         <name>copy_decompress_lzss.c.obj</name>
      </input_file>
      <input_file id="fl-75">
         <path>C:\ti\ccs1281\ccs\tools\compiler\ti-cgt-armllvm_3.2.2.LTS\lib\armv7em-ti-none-eabi\c\</path>
         <kind>archive</kind>
         <file>libc.a</file>
         <name>_printfi.c.obj</name>
      </input_file>
      <input_file id="fl-76">
         <path>C:\ti\ccs1281\ccs\tools\compiler\ti-cgt-armllvm_3.2.2.LTS\lib\armv7em-ti-none-eabi\c\</path>
         <kind>archive</kind>
         <file>libc.a</file>
         <name>_scanfi.c.obj</name>
      </input_file>
      <input_file id="fl-77">
         <path>C:\ti\ccs1281\ccs\tools\compiler\ti-cgt-armllvm_3.2.2.LTS\lib\armv7em-ti-none-eabi\c\</path>
         <kind>archive</kind>
         <file>libc.a</file>
         <name>fflush.c.obj</name>
      </input_file>
      <input_file id="fl-78">
         <path>C:\ti\ccs1281\ccs\tools\compiler\ti-cgt-armllvm_3.2.2.LTS\lib\armv7em-ti-none-eabi\c\</path>
         <kind>archive</kind>
         <file>libc.a</file>
         <name>fputs.c.obj</name>
      </input_file>
      <input_file id="fl-79">
         <path>C:\ti\ccs1281\ccs\tools\compiler\ti-cgt-armllvm_3.2.2.LTS\lib\armv7em-ti-none-eabi\c\</path>
         <kind>archive</kind>
         <file>libc.a</file>
         <name>_io_perm.c.obj</name>
      </input_file>
      <input_file id="fl-7a">
         <path>C:\ti\ccs1281\ccs\tools\compiler\ti-cgt-armllvm_3.2.2.LTS\lib\armv7em-ti-none-eabi\c\</path>
         <kind>archive</kind>
         <file>libc.a</file>
         <name>setvbuf.c.obj</name>
      </input_file>
      <input_file id="fl-7b">
         <path>C:\ti\ccs1281\ccs\tools\compiler\ti-cgt-armllvm_3.2.2.LTS\lib\armv7em-ti-none-eabi\c\</path>
         <kind>archive</kind>
         <file>libc.a</file>
         <name>s_frexp.c.obj</name>
      </input_file>
      <input_file id="fl-7c">
         <path>C:\ti\ccs1281\ccs\tools\compiler\ti-cgt-armllvm_3.2.2.LTS\lib\armv7em-ti-none-eabi\c\</path>
         <kind>archive</kind>
         <file>libc.a</file>
         <name>s_scalbn.c.obj</name>
      </input_file>
      <input_file id="fl-7d">
         <path>C:\ti\ccs1281\ccs\tools\compiler\ti-cgt-armllvm_3.2.2.LTS\lib\armv7em-ti-none-eabi\c\</path>
         <kind>archive</kind>
         <file>libc.a</file>
         <name>_ltoa.c.obj</name>
      </input_file>
      <input_file id="fl-7e">
         <path>C:\ti\ccs1281\ccs\tools\compiler\ti-cgt-armllvm_3.2.2.LTS\lib\armv7em-ti-none-eabi\c\</path>
         <kind>archive</kind>
         <file>libc.a</file>
         <name>memccpy.c.obj</name>
      </input_file>
      <input_file id="fl-7f">
         <path>C:\ti\ccs1281\ccs\tools\compiler\ti-cgt-armllvm_3.2.2.LTS\lib\armv7em-ti-none-eabi\c\</path>
         <kind>archive</kind>
         <file>libc.a</file>
         <name>strtol.c.obj</name>
      </input_file>
      <input_file id="fl-80">
         <path>C:\ti\ccs1281\ccs\tools\compiler\ti-cgt-armllvm_3.2.2.LTS\lib\armv7em-ti-none-eabi\c\</path>
         <kind>archive</kind>
         <file>libc.a</file>
         <name>strtoll.c.obj</name>
      </input_file>
      <input_file id="fl-81">
         <path>C:\ti\ccs1281\ccs\tools\compiler\ti-cgt-armllvm_3.2.2.LTS\lib\armv7em-ti-none-eabi\c\</path>
         <kind>archive</kind>
         <file>libc.a</file>
         <name>strtoull.c.obj</name>
      </input_file>
      <input_file id="fl-82">
         <path>C:\ti\ccs1281\ccs\tools\compiler\ti-cgt-armllvm_3.2.2.LTS\lib\armv7em-ti-none-eabi\c\</path>
         <kind>archive</kind>
         <file>libc.a</file>
         <name>wcslen.c.obj</name>
      </input_file>
      <input_file id="fl-83">
         <path>C:\ti\ccs1281\ccs\tools\compiler\ti-cgt-armllvm_3.2.2.LTS\lib\armv7em-ti-none-eabi\c\</path>
         <kind>archive</kind>
         <file>libc.a</file>
         <name>fopen.c.obj</name>
      </input_file>
      <input_file id="fl-84">
         <path>C:\ti\ccs1281\ccs\tools\compiler\ti-cgt-armllvm_3.2.2.LTS\lib\armv7em-ti-none-eabi\c\</path>
         <kind>archive</kind>
         <file>libc.a</file>
         <name>fseek.c.obj</name>
      </input_file>
      <input_file id="fl-85">
         <path>C:\ti\ccs1281\ccs\tools\compiler\ti-cgt-armllvm_3.2.2.LTS\lib\armv7em-ti-none-eabi\c\</path>
         <kind>archive</kind>
         <file>libc.a</file>
         <name>fclose.c.obj</name>
      </input_file>
      <input_file id="fl-eb">
         <path>C:\ti\ccs1281\ccs\tools\compiler\ti-cgt-armllvm_3.2.2.LTS\lib\armv7em-ti-none-eabi\c\</path>
         <kind>archive</kind>
         <file>libsysbm.a</file>
         <name>write.c.obj</name>
      </input_file>
      <input_file id="fl-ec">
         <path>C:\ti\ccs1281\ccs\tools\compiler\ti-cgt-armllvm_3.2.2.LTS\lib\armv7em-ti-none-eabi\c\</path>
         <kind>archive</kind>
         <file>libsysbm.a</file>
         <name>host_device.c.obj</name>
      </input_file>
      <input_file id="fl-ed">
         <path>C:\ti\ccs1281\ccs\tools\compiler\ti-cgt-armllvm_3.2.2.LTS\lib\armv7em-ti-none-eabi\c\</path>
         <kind>archive</kind>
         <file>libsysbm.a</file>
         <name>remove.c.obj</name>
      </input_file>
      <input_file id="fl-ee">
         <path>C:\ti\ccs1281\ccs\tools\compiler\ti-cgt-armllvm_3.2.2.LTS\lib\armv7em-ti-none-eabi\c\</path>
         <kind>archive</kind>
         <file>libsysbm.a</file>
         <name>open.c.obj</name>
      </input_file>
      <input_file id="fl-ef">
         <path>C:\ti\ccs1281\ccs\tools\compiler\ti-cgt-armllvm_3.2.2.LTS\lib\armv7em-ti-none-eabi\c\</path>
         <kind>archive</kind>
         <file>libsysbm.a</file>
         <name>lseek.c.obj</name>
      </input_file>
      <input_file id="fl-f0">
         <path>C:\ti\ccs1281\ccs\tools\compiler\ti-cgt-armllvm_3.2.2.LTS\lib\armv7em-ti-none-eabi\c\</path>
         <kind>archive</kind>
         <file>libsysbm.a</file>
         <name>close.c.obj</name>
      </input_file>
      <input_file id="fl-f1">
         <path>C:\ti\ccs1281\ccs\tools\compiler\ti-cgt-armllvm_3.2.2.LTS\lib\armv7em-ti-none-eabi\c\</path>
         <kind>archive</kind>
         <file>libsysbm.a</file>
         <name>unlink.c.obj</name>
      </input_file>
      <input_file id="fl-f2">
         <path>C:\ti\ccs1281\ccs\tools\compiler\ti-cgt-armllvm_3.2.2.LTS\lib\armv7em-ti-none-eabi\c\</path>
         <kind>archive</kind>
         <file>libsysbm.a</file>
         <name>hostclose.c.obj</name>
      </input_file>
      <input_file id="fl-f3">
         <path>C:\ti\ccs1281\ccs\tools\compiler\ti-cgt-armllvm_3.2.2.LTS\lib\armv7em-ti-none-eabi\c\</path>
         <kind>archive</kind>
         <file>libsysbm.a</file>
         <name>hostlseek.c.obj</name>
      </input_file>
      <input_file id="fl-f4">
         <path>C:\ti\ccs1281\ccs\tools\compiler\ti-cgt-armllvm_3.2.2.LTS\lib\armv7em-ti-none-eabi\c\</path>
         <kind>archive</kind>
         <file>libsysbm.a</file>
         <name>hostopen.c.obj</name>
      </input_file>
      <input_file id="fl-f5">
         <path>C:\ti\ccs1281\ccs\tools\compiler\ti-cgt-armllvm_3.2.2.LTS\lib\armv7em-ti-none-eabi\c\</path>
         <kind>archive</kind>
         <file>libsysbm.a</file>
         <name>hostread.c.obj</name>
      </input_file>
      <input_file id="fl-f6">
         <path>C:\ti\ccs1281\ccs\tools\compiler\ti-cgt-armllvm_3.2.2.LTS\lib\armv7em-ti-none-eabi\c\</path>
         <kind>archive</kind>
         <file>libsysbm.a</file>
         <name>hostrename.c.obj</name>
      </input_file>
      <input_file id="fl-f7">
         <path>C:\ti\ccs1281\ccs\tools\compiler\ti-cgt-armllvm_3.2.2.LTS\lib\armv7em-ti-none-eabi\c\</path>
         <kind>archive</kind>
         <file>libsysbm.a</file>
         <name>hostunlink.c.obj</name>
      </input_file>
      <input_file id="fl-f8">
         <path>C:\ti\ccs1281\ccs\tools\compiler\ti-cgt-armllvm_3.2.2.LTS\lib\armv7em-ti-none-eabi\c\</path>
         <kind>archive</kind>
         <file>libsysbm.a</file>
         <name>hostwrite.c.obj</name>
      </input_file>
      <input_file id="fl-f9">
         <path>C:\ti\ccs1281\ccs\tools\compiler\ti-cgt-armllvm_3.2.2.LTS\lib\armv7em-ti-none-eabi\c\</path>
         <kind>archive</kind>
         <file>libsysbm.a</file>
         <name>trgmsg.c.obj</name>
      </input_file>
      <input_file id="fl-fa">
         <path>C:\ti\ccs1281\ccs\tools\compiler\ti-cgt-armllvm_3.2.2.LTS\lib\clang\15.0.7\lib\armv7em-ti-none-eabi\</path>
         <kind>archive</kind>
         <file>libclang_rt.builtins.a</file>
         <name>adddf3.S.obj</name>
      </input_file>
      <input_file id="fl-fb">
         <path>C:\ti\ccs1281\ccs\tools\compiler\ti-cgt-armllvm_3.2.2.LTS\lib\clang\15.0.7\lib\armv7em-ti-none-eabi\</path>
         <kind>archive</kind>
         <file>libclang_rt.builtins.a</file>
         <name>muldf3.S.obj</name>
      </input_file>
      <input_file id="fl-fc">
         <path>C:\ti\ccs1281\ccs\tools\compiler\ti-cgt-armllvm_3.2.2.LTS\lib\clang\15.0.7\lib\armv7em-ti-none-eabi\</path>
         <kind>archive</kind>
         <file>libclang_rt.builtins.a</file>
         <name>divdf3.S.obj</name>
      </input_file>
      <input_file id="fl-fd">
         <path>C:\ti\ccs1281\ccs\tools\compiler\ti-cgt-armllvm_3.2.2.LTS\lib\clang\15.0.7\lib\armv7em-ti-none-eabi\</path>
         <kind>archive</kind>
         <file>libclang_rt.builtins.a</file>
         <name>extendsfdf2.S.obj</name>
      </input_file>
      <input_file id="fl-fe">
         <path>C:\ti\ccs1281\ccs\tools\compiler\ti-cgt-armllvm_3.2.2.LTS\lib\clang\15.0.7\lib\armv7em-ti-none-eabi\</path>
         <kind>archive</kind>
         <file>libclang_rt.builtins.a</file>
         <name>fixdfsi.S.obj</name>
      </input_file>
      <input_file id="fl-ff">
         <path>C:\ti\ccs1281\ccs\tools\compiler\ti-cgt-armllvm_3.2.2.LTS\lib\clang\15.0.7\lib\armv7em-ti-none-eabi\</path>
         <kind>archive</kind>
         <file>libclang_rt.builtins.a</file>
         <name>fixunsdfsi.S.obj</name>
      </input_file>
      <input_file id="fl-100">
         <path>C:\ti\ccs1281\ccs\tools\compiler\ti-cgt-armllvm_3.2.2.LTS\lib\clang\15.0.7\lib\armv7em-ti-none-eabi\</path>
         <kind>archive</kind>
         <file>libclang_rt.builtins.a</file>
         <name>floatsidf.S.obj</name>
      </input_file>
      <input_file id="fl-101">
         <path>C:\ti\ccs1281\ccs\tools\compiler\ti-cgt-armllvm_3.2.2.LTS\lib\clang\15.0.7\lib\armv7em-ti-none-eabi\</path>
         <kind>archive</kind>
         <file>libclang_rt.builtins.a</file>
         <name>truncdfsf2.S.obj</name>
      </input_file>
      <input_file id="fl-102">
         <path>C:\ti\ccs1281\ccs\tools\compiler\ti-cgt-armllvm_3.2.2.LTS\lib\clang\15.0.7\lib\armv7em-ti-none-eabi\</path>
         <kind>archive</kind>
         <file>libclang_rt.builtins.a</file>
         <name>aeabi_dcmp.S.obj</name>
      </input_file>
      <input_file id="fl-103">
         <path>C:\ti\ccs1281\ccs\tools\compiler\ti-cgt-armllvm_3.2.2.LTS\lib\clang\15.0.7\lib\armv7em-ti-none-eabi\</path>
         <kind>archive</kind>
         <file>libclang_rt.builtins.a</file>
         <name>aeabi_memcpy.S.obj</name>
      </input_file>
      <input_file id="fl-104">
         <path>C:\ti\ccs1281\ccs\tools\compiler\ti-cgt-armllvm_3.2.2.LTS\lib\clang\15.0.7\lib\armv7em-ti-none-eabi\</path>
         <kind>archive</kind>
         <file>libclang_rt.builtins.a</file>
         <name>aeabi_memset.S.obj</name>
      </input_file>
      <input_file id="fl-105">
         <path>C:\ti\ccs1281\ccs\tools\compiler\ti-cgt-armllvm_3.2.2.LTS\lib\clang\15.0.7\lib\armv7em-ti-none-eabi\</path>
         <kind>archive</kind>
         <file>libclang_rt.builtins.a</file>
         <name>aeabi_uldivmod.S.obj</name>
      </input_file>
      <input_file id="fl-106">
         <path>C:\ti\ccs1281\ccs\tools\compiler\ti-cgt-armllvm_3.2.2.LTS\lib\clang\15.0.7\lib\armv7em-ti-none-eabi\</path>
         <kind>archive</kind>
         <file>libclang_rt.builtins.a</file>
         <name>udivmoddi4.S.obj</name>
      </input_file>
      <input_file id="fl-107">
         <path>C:\ti\ccs1281\ccs\tools\compiler\ti-cgt-armllvm_3.2.2.LTS\lib\clang\15.0.7\lib\armv7em-ti-none-eabi\</path>
         <kind>archive</kind>
         <file>libclang_rt.builtins.a</file>
         <name>comparedf2.c.obj</name>
      </input_file>
      <input_file id="fl-108">
         <path>C:\ti\ccs1281\ccs\tools\compiler\ti-cgt-armllvm_3.2.2.LTS\lib\clang\15.0.7\lib\armv7em-ti-none-eabi\</path>
         <kind>archive</kind>
         <file>libclang_rt.builtins.a</file>
         <name>aeabi_div0.c.obj</name>
      </input_file>
      <input_file id="fl-109">
         <path>C:\ti\ccs1281\ccs\tools\compiler\ti-cgt-armllvm_3.2.2.LTS\lib\armv7em-ti-none-eabi\c\</path>
         <kind>archive</kind>
         <file>libc.a</file>
         <name>getdevice.c.obj</name>
      </input_file>
      <input_file id="fl-10a">
         <path>C:\ti\ccs1281\ccs\tools\compiler\ti-cgt-armllvm_3.2.2.LTS\lib\armv7em-ti-none-eabi\c\</path>
         <kind>archive</kind>
         <file>libc.a</file>
         <name>memcpy_t2.S.obj</name>
      </input_file>
      <input_file id="fl-10b">
         <path>C:\ti\ccs1281\ccs\tools\compiler\ti-cgt-armllvm_3.2.2.LTS\lib\armv7em-ti-none-eabi\c\</path>
         <kind>archive</kind>
         <file>libc.a</file>
         <name>memset_t2.S.obj</name>
      </input_file>
   </input_file_list>
   <object_component_list>
      <object_component id="oc-1c">
         <name>.resetVecs</name>
         <load_address>0x1000800</load_address>
         <readonly>true</readonly>
         <run_address>0x1000800</run_address>
         <size>0x3c</size>
         <alignment>0x4</alignment>
         <input_file_ref idref="fl-3"/>
      </object_component>
      <object_component id="oc-25f">
         <name>.text._SlDrvMsgRead</name>
         <load_address>0x1000840</load_address>
         <readonly>true</readonly>
         <executable>true</executable>
         <run_address>0x1000840</run_address>
         <size>0xa36</size>
         <alignment>0x4</alignment>
         <input_file_ref idref="fl-28"/>
      </object_component>
      <object_component id="oc-182">
         <name>.text.BIOS_nullFunc</name>
         <load_address>0x1001276</load_address>
         <readonly>true</readonly>
         <executable>true</executable>
         <run_address>0x1001276</run_address>
         <size>0x2</size>
         <alignment>0x2</alignment>
         <input_file_ref idref="fl-3"/>
      </object_component>
      <object_component id="oc-523">
         <name>.text:__TI_printfi</name>
         <load_address>0x1001278</load_address>
         <readonly>true</readonly>
         <executable>true</executable>
         <run_address>0x1001278</run_address>
         <size>0x9d8</size>
         <alignment>0x4</alignment>
         <input_file_ref idref="fl-75"/>
      </object_component>
      <object_component id="oc-431">
         <name>.text.HTTPClient_sendRequest</name>
         <load_address>0x1001c50</load_address>
         <readonly>true</readonly>
         <executable>true</executable>
         <run_address>0x1001c50</run_address>
         <size>0x648</size>
         <alignment>0x4</alignment>
         <input_file_ref idref="fl-3e"/>
      </object_component>
      <object_component id="oc-39e">
         <name>.text._SlSocketHandleAsync_Select</name>
         <load_address>0x1002298</load_address>
         <readonly>true</readonly>
         <executable>true</executable>
         <run_address>0x1002298</run_address>
         <size>0x50a</size>
         <alignment>0x2</alignment>
         <input_file_ref idref="fl-2e"/>
      </object_component>
      <object_component id="oc-be">
         <name>.text.PRCMCC3200MCUInit</name>
         <load_address>0x10027a2</load_address>
         <readonly>true</readonly>
         <executable>true</executable>
         <run_address>0x10027a2</run_address>
         <size>0x4b8</size>
         <alignment>0x2</alignment>
         <input_file_ref idref="fl-4b"/>
      </object_component>
      <object_component id="oc-1d2">
         <name>.text._SlDrvMsgWrite</name>
         <load_address>0x1002c5a</load_address>
         <readonly>true</readonly>
         <executable>true</executable>
         <run_address>0x1002c5a</run_address>
         <size>0x414</size>
         <alignment>0x2</alignment>
         <input_file_ref idref="fl-28"/>
      </object_component>
      <object_component id="oc-ce">
         <name>.text.Board_initHook</name>
         <load_address>0x100306e</load_address>
         <readonly>true</readonly>
         <executable>true</executable>
         <run_address>0x100306e</run_address>
         <size>0x2</size>
         <alignment>0x2</alignment>
         <input_file_ref idref="fl-1"/>
      </object_component>
      <object_component id="oc-489">
         <name>.text.manageResponseHeaders</name>
         <load_address>0x1003070</load_address>
         <readonly>true</readonly>
         <executable>true</executable>
         <run_address>0x1003070</run_address>
         <size>0x410</size>
         <alignment>0x4</alignment>
         <input_file_ref idref="fl-3e"/>
      </object_component>
      <object_component id="oc-21c">
         <name>.text.Power_sleep</name>
         <load_address>0x1003480</load_address>
         <readonly>true</readonly>
         <executable>true</executable>
         <run_address>0x1003480</run_address>
         <size>0x3e4</size>
         <alignment>0x4</alignment>
         <input_file_ref idref="fl-34"/>
      </object_component>
      <object_component id="oc-160">
         <name>.text._SlDrvReleasePoolObj</name>
         <load_address>0x1003864</load_address>
         <readonly>true</readonly>
         <executable>true</executable>
         <run_address>0x1003864</run_address>
         <size>0x3b2</size>
         <alignment>0x2</alignment>
         <input_file_ref idref="fl-28"/>
      </object_component>
      <object_component id="oc-2e5">
         <name>.text._SlDrvRxHdrRead</name>
         <load_address>0x1003c16</load_address>
         <readonly>true</readonly>
         <executable>true</executable>
         <run_address>0x1003c16</run_address>
         <size>0x3ae</size>
         <alignment>0x2</alignment>
         <input_file_ref idref="fl-28"/>
      </object_component>
      <object_component id="oc-1d4">
         <name>.text._SlDrvWaitForPoolObj</name>
         <load_address>0x1003fc4</load_address>
         <readonly>true</readonly>
         <executable>true</executable>
         <run_address>0x1003fc4</run_address>
         <size>0x3a4</size>
         <alignment>0x2</alignment>
         <input_file_ref idref="fl-28"/>
      </object_component>
      <object_component id="oc-4a4">
         <name>.text.sl_Select</name>
         <load_address>0x1004368</load_address>
         <readonly>true</readonly>
         <executable>true</executable>
         <run_address>0x1004368</run_address>
         <size>0x368</size>
         <alignment>0x2</alignment>
         <input_file_ref idref="fl-2e"/>
      </object_component>
      <object_component id="oc-386">
         <name>.text.ti_sysbios_runtime_System_doPrint</name>
         <load_address>0x10046d0</load_address>
         <readonly>true</readonly>
         <executable>true</executable>
         <run_address>0x10046d0</run_address>
         <size>0x34c</size>
         <alignment>0x4</alignment>
         <input_file_ref idref="fl-3"/>
      </object_component>
      <object_component id="oc-4f5">
         <name>.text._SlDrvDataReadOp</name>
         <load_address>0x1004a1c</load_address>
         <readonly>true</readonly>
         <executable>true</executable>
         <run_address>0x1004a1c</run_address>
         <size>0x2f6</size>
         <alignment>0x2</alignment>
         <input_file_ref idref="fl-28"/>
      </object_component>
      <object_component id="oc-16d">
         <name>.text.sl_WlanConnect</name>
         <load_address>0x1004d12</load_address>
         <readonly>true</readonly>
         <executable>true</executable>
         <run_address>0x1004d12</run_address>
         <size>0x2dc</size>
         <alignment>0x2</alignment>
         <input_file_ref idref="fl-30"/>
      </object_component>
      <object_component id="oc-4f7">
         <name>.text._SlDrvDataWriteOp</name>
         <load_address>0x1004fee</load_address>
         <readonly>true</readonly>
         <executable>true</executable>
         <run_address>0x1004fee</run_address>
         <size>0x2be</size>
         <alignment>0x2</alignment>
         <input_file_ref idref="fl-28"/>
      </object_component>
      <object_component id="oc-1d3">
         <name>.text._SlDrvMsgReadCmdCtx</name>
         <load_address>0x10052ac</load_address>
         <readonly>true</readonly>
         <executable>true</executable>
         <run_address>0x10052ac</run_address>
         <size>0x2aa</size>
         <alignment>0x2</alignment>
         <input_file_ref idref="fl-28"/>
      </object_component>
      <object_component id="oc-1ca">
         <name>.text._SlDrvDriverCBInit</name>
         <load_address>0x1005556</load_address>
         <readonly>true</readonly>
         <executable>true</executable>
         <run_address>0x1005556</run_address>
         <size>0x2a2</size>
         <alignment>0x2</alignment>
         <input_file_ref idref="fl-28"/>
      </object_component>
      <object_component id="oc-47d">
         <name>.text.HTTPClient_connect2</name>
         <load_address>0x10057f8</load_address>
         <readonly>true</readonly>
         <executable>true</executable>
         <run_address>0x10057f8</run_address>
         <size>0x284</size>
         <alignment>0x4</alignment>
         <input_file_ref idref="fl-3e"/>
      </object_component>
      <object_component id="oc-ea">
         <name>.text.sl_Stop</name>
         <load_address>0x1005a7c</load_address>
         <readonly>true</readonly>
         <executable>true</executable>
         <run_address>0x1005a7c</run_address>
         <size>0x272</size>
         <alignment>0x2</alignment>
         <input_file_ref idref="fl-27"/>
      </object_component>
      <object_component id="oc-4ae">
         <name>.text.sl_NetAppPing</name>
         <load_address>0x1005cee</load_address>
         <readonly>true</readonly>
         <executable>true</executable>
         <run_address>0x1005cee</run_address>
         <size>0x258</size>
         <alignment>0x2</alignment>
         <input_file_ref idref="fl-2b"/>
      </object_component>
      <object_component id="oc-248">
         <name>.text.DisplayUart2Min_clear</name>
         <load_address>0x1005f46</load_address>
         <readonly>true</readonly>
         <executable>true</executable>
         <run_address>0x1005f46</run_address>
         <size>0x2</size>
         <alignment>0x2</alignment>
         <input_file_ref idref="fl-24"/>
      </object_component>
      <object_component id="oc-53a">
         <name>.text._pconv_a</name>
         <load_address>0x1005f48</load_address>
         <readonly>true</readonly>
         <executable>true</executable>
         <run_address>0x1005f48</run_address>
         <size>0x228</size>
         <alignment>0x4</alignment>
         <input_file_ref idref="fl-75"/>
      </object_component>
      <object_component id="oc-35a">
         <name>.text._SlNetAppEventHandler</name>
         <load_address>0x1006170</load_address>
         <readonly>true</readonly>
         <executable>true</executable>
         <run_address>0x1006170</run_address>
         <size>0x226</size>
         <alignment>0x2</alignment>
         <input_file_ref idref="fl-2b"/>
      </object_component>
      <object_component id="oc-346">
         <name>.text.UART2CC32XX_hwiIntFxn</name>
         <load_address>0x1006396</load_address>
         <readonly>true</readonly>
         <executable>true</executable>
         <run_address>0x1006396</run_address>
         <size>0x222</size>
         <alignment>0x2</alignment>
         <input_file_ref idref="fl-39"/>
      </object_component>
      <object_component id="oc-163">
         <name>.text._SlDrvReleaseAllActivePendingPoolObj</name>
         <load_address>0x10065b8</load_address>
         <readonly>true</readonly>
         <executable>true</executable>
         <run_address>0x10065b8</run_address>
         <size>0x218</size>
         <alignment>0x2</alignment>
         <input_file_ref idref="fl-28"/>
      </object_component>
      <object_component id="oc-3f8">
         <name>.text.httpTask</name>
         <load_address>0x10067d0</load_address>
         <readonly>true</readonly>
         <executable>true</executable>
         <run_address>0x10067d0</run_address>
         <size>0x210</size>
         <alignment>0x4</alignment>
         <input_file_ref idref="fl-5"/>
      </object_component>
      <object_component id="oc-4a0">
         <name>.text.sl_Accept</name>
         <load_address>0x10069e0</load_address>
         <readonly>true</readonly>
         <executable>true</executable>
         <run_address>0x10069e0</run_address>
         <size>0x202</size>
         <alignment>0x2</alignment>
         <input_file_ref idref="fl-2e"/>
      </object_component>
      <object_component id="oc-249">
         <name>.text.DisplayUart2Min_clearLines</name>
         <load_address>0x1006be2</load_address>
         <readonly>true</readonly>
         <executable>true</executable>
         <run_address>0x1006be2</run_address>
         <size>0x2</size>
         <alignment>0x2</alignment>
         <input_file_ref idref="fl-24"/>
      </object_component>
      <object_component id="oc-432">
         <name>.text.HTTPClient_readResponseBody</name>
         <load_address>0x1006be4</load_address>
         <readonly>true</readonly>
         <executable>true</executable>
         <run_address>0x1006be4</run_address>
         <size>0x1ec</size>
         <alignment>0x4</alignment>
         <input_file_ref idref="fl-3e"/>
      </object_component>
      <object_component id="oc-4f0">
         <name>.text._SlDrvRegisterForSelectAsync</name>
         <load_address>0x1006dd0</load_address>
         <readonly>true</readonly>
         <executable>true</executable>
         <run_address>0x1006dd0</run_address>
         <size>0x1ea</size>
         <alignment>0x2</alignment>
         <input_file_ref idref="fl-2e"/>
      </object_component>
      <object_component id="oc-242">
         <name>.text.DisplayUart2Min_init</name>
         <load_address>0x1006fba</load_address>
         <readonly>true</readonly>
         <executable>true</executable>
         <run_address>0x1006fba</run_address>
         <size>0x2</size>
         <alignment>0x2</alignment>
         <input_file_ref idref="fl-24"/>
      </object_component>
      <object_component id="oc-53d">
         <name>.text._pconv_g</name>
         <load_address>0x1006fbc</load_address>
         <readonly>true</readonly>
         <executable>true</executable>
         <run_address>0x1006fbc</run_address>
         <size>0x1e8</size>
         <alignment>0x4</alignment>
         <input_file_ref idref="fl-75"/>
      </object_component>
      <object_component id="oc-2ea">
         <name>.text._SlDrvFindAndSetActiveObj</name>
         <load_address>0x10071a4</load_address>
         <readonly>true</readonly>
         <executable>true</executable>
         <run_address>0x10071a4</run_address>
         <size>0x1de</size>
         <alignment>0x2</alignment>
         <input_file_ref idref="fl-28"/>
      </object_component>
      <object_component id="oc-272">
         <name>.text.SimpleLinkFatalErrorEventHandler</name>
         <load_address>0x1007382</load_address>
         <readonly>true</readonly>
         <executable>true</executable>
         <run_address>0x1007382</run_address>
         <size>0x2</size>
         <alignment>0x2</alignment>
         <input_file_ref idref="fl-7"/>
      </object_component>
      <object_component id="oc-2d5">
         <name>.text.UART2_open</name>
         <load_address>0x1007384</load_address>
         <readonly>true</readonly>
         <executable>true</executable>
         <run_address>0x1007384</run_address>
         <size>0x1cc</size>
         <alignment>0x4</alignment>
         <input_file_ref idref="fl-39"/>
      </object_component>
      <object_component id="oc-4a3">
         <name>.text.sl_Connect</name>
         <load_address>0x1007550</load_address>
         <readonly>true</readonly>
         <executable>true</executable>
         <run_address>0x1007550</run_address>
         <size>0x1bc</size>
         <alignment>0x2</alignment>
         <input_file_ref idref="fl-2e"/>
      </object_component>
      <object_component id="oc-3e0">
         <name>.text.adddf3_subdf3</name>
         <load_address>0x100770c</load_address>
         <readonly>true</readonly>
         <executable>true</executable>
         <run_address>0x100770c</run_address>
         <size>0x1b6</size>
         <alignment>0x4</alignment>
         <input_file_ref idref="fl-fa"/>
      </object_component>
      <object_component id="oc-4ad">
         <name>.text.sl_NetAppDnsGetHostByName</name>
         <load_address>0x10078c2</load_address>
         <readonly>true</readonly>
         <executable>true</executable>
         <run_address>0x10078c2</run_address>
         <size>0x1ac</size>
         <alignment>0x2</alignment>
         <input_file_ref idref="fl-2b"/>
      </object_component>
      <object_component id="oc-23d">
         <name>.text.SPICC32XXDMA_transfer</name>
         <load_address>0x1007a6e</load_address>
         <readonly>true</readonly>
         <executable>true</executable>
         <run_address>0x1007a6e</run_address>
         <size>0x1a4</size>
         <alignment>0x2</alignment>
         <input_file_ref idref="fl-37"/>
      </object_component>
      <object_component id="oc-4a8">
         <name>.text.sl_RecvFrom</name>
         <load_address>0x1007c12</load_address>
         <readonly>true</readonly>
         <executable>true</executable>
         <run_address>0x1007c12</run_address>
         <size>0x19c</size>
         <alignment>0x2</alignment>
         <input_file_ref idref="fl-2e"/>
      </object_component>
      <object_component id="oc-3ef">
         <name>.text.SimpleLinkGeneralEventHandler</name>
         <load_address>0x1007dae</load_address>
         <readonly>true</readonly>
         <executable>true</executable>
         <run_address>0x1007dae</run_address>
         <size>0x2</size>
         <alignment>0x2</alignment>
         <input_file_ref idref="fl-7"/>
      </object_component>
      <object_component id="oc-257">
         <name>.text._SlDrvMsgReadSpawnCtx</name>
         <load_address>0x1007db0</load_address>
         <readonly>true</readonly>
         <executable>true</executable>
         <run_address>0x1007db0</run_address>
         <size>0x194</size>
         <alignment>0x4</alignment>
         <input_file_ref idref="fl-28"/>
      </object_component>
      <object_component id="oc-4ac">
         <name>.text.sl_StartTLS</name>
         <load_address>0x1007f44</load_address>
         <readonly>true</readonly>
         <executable>true</executable>
         <run_address>0x1007f44</run_address>
         <size>0x188</size>
         <alignment>0x2</alignment>
         <input_file_ref idref="fl-2e"/>
      </object_component>
      <object_component id="oc-3c9">
         <name>.text._SlDrvGetNextTimeoutValue</name>
         <load_address>0x10080cc</load_address>
         <readonly>true</readonly>
         <executable>true</executable>
         <run_address>0x10080cc</run_address>
         <size>0x180</size>
         <alignment>0x2</alignment>
         <input_file_ref idref="fl-2e"/>
      </object_component>
      <object_component id="oc-16b">
         <name>.text._SlDrvDriverCBDeinit</name>
         <load_address>0x100824c</load_address>
         <readonly>true</readonly>
         <executable>true</executable>
         <run_address>0x100824c</run_address>
         <size>0x17a</size>
         <alignment>0x2</alignment>
         <input_file_ref idref="fl-28"/>
      </object_component>
      <object_component id="oc-260">
         <name>.text._SlSpawnMsgListInsert</name>
         <load_address>0x10083c6</load_address>
         <readonly>true</readonly>
         <executable>true</executable>
         <run_address>0x10083c6</run_address>
         <size>0x17a</size>
         <alignment>0x2</alignment>
         <input_file_ref idref="fl-28"/>
      </object_component>
      <object_component id="oc-157">
         <name>.text.sl_Start</name>
         <load_address>0x1008540</load_address>
         <readonly>true</readonly>
         <executable>true</executable>
         <run_address>0x1008540</run_address>
         <size>0x176</size>
         <alignment>0x2</alignment>
         <input_file_ref idref="fl-27"/>
      </object_component>
      <object_component id="oc-388">
         <name>.text.UART2_writeTimeoutBlocking</name>
         <load_address>0x10086b6</load_address>
         <readonly>true</readonly>
         <executable>true</executable>
         <run_address>0x10086b6</run_address>
         <size>0x174</size>
         <alignment>0x2</alignment>
         <input_file_ref idref="fl-38"/>
      </object_component>
      <object_component id="oc-4f8">
         <name>.text._SlSocketHandleAsync_StartTLS</name>
         <load_address>0x100882a</load_address>
         <readonly>true</readonly>
         <executable>true</executable>
         <run_address>0x100882a</run_address>
         <size>0x16c</size>
         <alignment>0x2</alignment>
         <input_file_ref idref="fl-2e"/>
      </object_component>
      <object_component id="oc-1d0">
         <name>.text._SlDrvObjGlobalLockWaitForever</name>
         <load_address>0x1008996</load_address>
         <readonly>true</readonly>
         <executable>true</executable>
         <run_address>0x1008996</run_address>
         <size>0x16a</size>
         <alignment>0x2</alignment>
         <input_file_ref idref="fl-28"/>
      </object_component>
      <object_component id="oc-2e3">
         <name>.text._SlDrvAsyncEventGenericHandler</name>
         <load_address>0x1008b00</load_address>
         <readonly>true</readonly>
         <executable>true</executable>
         <run_address>0x1008b00</run_address>
         <size>0x166</size>
         <alignment>0x2</alignment>
         <input_file_ref idref="fl-28"/>
      </object_component>
      <object_component id="oc-2e7">
         <name>.text._SlDrvClassifyRxMsg</name>
         <load_address>0x1008c66</load_address>
         <readonly>true</readonly>
         <executable>true</executable>
         <run_address>0x1008c66</run_address>
         <size>0x162</size>
         <alignment>0x2</alignment>
         <input_file_ref idref="fl-28"/>
      </object_component>
      <object_component id="oc-4c9">
         <name>.text.SlNetSock_connectURI</name>
         <load_address>0x1008dc8</load_address>
         <readonly>true</readonly>
         <executable>true</executable>
         <run_address>0x1008dc8</run_address>
         <size>0x160</size>
         <alignment>0x2</alignment>
         <input_file_ref idref="fl-3e"/>
      </object_component>
      <object_component id="oc-511">
         <name>.text.SlNetUtil_inetPton</name>
         <load_address>0x1008f28</load_address>
         <readonly>true</readonly>
         <executable>true</executable>
         <run_address>0x1008f28</run_address>
         <size>0x15c</size>
         <alignment>0x4</alignment>
         <input_file_ref idref="fl-40"/>
      </object_component>
      <object_component id="oc-a0">
         <name>.text.mainThread</name>
         <load_address>0x1009084</load_address>
         <readonly>true</readonly>
         <executable>true</executable>
         <run_address>0x1009084</run_address>
         <size>0x158</size>
         <alignment>0x4</alignment>
         <input_file_ref idref="fl-7"/>
      </object_component>
      <object_component id="oc-15a">
         <name>.text._SlDrvCmdOp</name>
         <load_address>0x10091dc</load_address>
         <readonly>true</readonly>
         <executable>true</executable>
         <run_address>0x10091dc</run_address>
         <size>0x154</size>
         <alignment>0x2</alignment>
         <input_file_ref idref="fl-28"/>
      </object_component>
      <object_component id="oc-4b7">
         <name>.text.sl_FsOpen</name>
         <load_address>0x1009330</load_address>
         <readonly>true</readonly>
         <executable>true</executable>
         <run_address>0x1009330</run_address>
         <size>0x14e</size>
         <alignment>0x2</alignment>
         <input_file_ref idref="fl-2a"/>
      </object_component>
      <object_component id="oc-3fc">
         <name>.text.SimpleLinkHttpServerEventHandler</name>
         <load_address>0x100947e</load_address>
         <readonly>true</readonly>
         <executable>true</executable>
         <run_address>0x100947e</run_address>
         <size>0x2</size>
         <alignment>0x2</alignment>
         <input_file_ref idref="fl-7"/>
      </object_component>
      <object_component id="oc-2bd">
         <name>.text.configDMA</name>
         <load_address>0x1009480</load_address>
         <readonly>true</readonly>
         <executable>true</executable>
         <run_address>0x1009480</run_address>
         <size>0x14c</size>
         <alignment>0x4</alignment>
         <input_file_ref idref="fl-37"/>
      </object_component>
      <object_component id="oc-47b">
         <name>.text.parseURI</name>
         <load_address>0x10095cc</load_address>
         <readonly>true</readonly>
         <executable>true</executable>
         <run_address>0x10095cc</run_address>
         <size>0x14c</size>
         <alignment>0x4</alignment>
         <input_file_ref idref="fl-3e"/>
      </object_component>
      <object_component id="oc-13a">
         <name>.text.GPIO_setConfig</name>
         <load_address>0x1009718</load_address>
         <readonly>true</readonly>
         <executable>true</executable>
         <run_address>0x1009718</run_address>
         <size>0x140</size>
         <alignment>0x4</alignment>
         <input_file_ref idref="fl-33"/>
      </object_component>
      <object_component id="oc-38d">
         <name>.text._SlDeviceEventHandler</name>
         <load_address>0x1009858</load_address>
         <readonly>true</readonly>
         <executable>true</executable>
         <run_address>0x1009858</run_address>
         <size>0x140</size>
         <alignment>0x2</alignment>
         <input_file_ref idref="fl-27"/>
      </object_component>
      <object_component id="oc-55e">
         <name>.text.fcvt</name>
         <load_address>0x1009998</load_address>
         <readonly>true</readonly>
         <executable>true</executable>
         <run_address>0x1009998</run_address>
         <size>0x13c</size>
         <alignment>0x4</alignment>
         <input_file_ref idref="fl-75"/>
      </object_component>
      <object_component id="oc-23c">
         <name>.text.SPICC32XXDMA_open</name>
         <load_address>0x1009ad4</load_address>
         <readonly>true</readonly>
         <executable>true</executable>
         <run_address>0x1009ad4</run_address>
         <size>0x138</size>
         <alignment>0x4</alignment>
         <input_file_ref idref="fl-37"/>
      </object_component>
      <object_component id="oc-55a">
         <name>.text.__divdf3</name>
         <load_address>0x1009c0c</load_address>
         <readonly>true</readonly>
         <executable>true</executable>
         <run_address>0x1009c0c</run_address>
         <size>0x136</size>
         <alignment>0x4</alignment>
         <input_file_ref idref="fl-fc"/>
      </object_component>
      <object_component id="oc-430">
         <name>.text.HTTPClient_connect</name>
         <load_address>0x1009d42</load_address>
         <readonly>true</readonly>
         <executable>true</executable>
         <run_address>0x1009d42</run_address>
         <size>0x132</size>
         <alignment>0x2</alignment>
         <input_file_ref idref="fl-3e"/>
      </object_component>
      <object_component id="oc-4b8">
         <name>.text.sl_FsWrite</name>
         <load_address>0x1009e74</load_address>
         <readonly>true</readonly>
         <executable>true</executable>
         <run_address>0x1009e74</run_address>
         <size>0x130</size>
         <alignment>0x2</alignment>
         <input_file_ref idref="fl-2a"/>
      </object_component>
      <object_component id="oc-15f">
         <name>.text._SlDrvWaitForInternalAsyncEvent</name>
         <load_address>0x1009fa4</load_address>
         <readonly>true</readonly>
         <executable>true</executable>
         <run_address>0x1009fa4</run_address>
         <size>0x12e</size>
         <alignment>0x2</alignment>
         <input_file_ref idref="fl-28"/>
      </object_component>
      <object_component id="oc-4aa">
         <name>.text.sl_SendTo</name>
         <load_address>0x100a0d2</load_address>
         <readonly>true</readonly>
         <executable>true</executable>
         <run_address>0x100a0d2</run_address>
         <size>0x12a</size>
         <alignment>0x2</alignment>
         <input_file_ref idref="fl-2e"/>
      </object_component>
      <object_component id="oc-42e">
         <name>.text.HTTPClient_setHeader</name>
         <load_address>0x100a1fc</load_address>
         <readonly>true</readonly>
         <executable>true</executable>
         <run_address>0x100a1fc</run_address>
         <size>0x128</size>
         <alignment>0x4</alignment>
         <input_file_ref idref="fl-3e"/>
      </object_component>
      <object_component id="oc-393">
         <name>.text._SlNetAppHandleAsync_DnsGetHostByService</name>
         <load_address>0x100a324</load_address>
         <readonly>true</readonly>
         <executable>true</executable>
         <run_address>0x100a324</run_address>
         <size>0x128</size>
         <alignment>0x2</alignment>
         <input_file_ref idref="fl-2b"/>
      </object_component>
      <object_component id="oc-46f">
         <name>.text.SlNetIfWifi_loadSecObj</name>
         <load_address>0x100a44c</load_address>
         <readonly>true</readonly>
         <executable>true</executable>
         <run_address>0x100a44c</run_address>
         <size>0x126</size>
         <alignment>0x2</alignment>
         <input_file_ref idref="fl-25"/>
      </object_component>
      <object_component id="oc-3fd">
         <name>.text.SimpleLinkNetAppRequestEventHandler</name>
         <load_address>0x100a572</load_address>
         <readonly>true</readonly>
         <executable>true</executable>
         <run_address>0x100a572</run_address>
         <size>0x2</size>
         <alignment>0x2</alignment>
         <input_file_ref idref="fl-7"/>
      </object_component>
      <object_component id="oc-420">
         <name>.text.SlNetIf_add</name>
         <load_address>0x100a574</load_address>
         <readonly>true</readonly>
         <executable>true</executable>
         <run_address>0x100a574</run_address>
         <size>0x120</size>
         <alignment>0x4</alignment>
         <input_file_ref idref="fl-41"/>
      </object_component>
      <object_component id="oc-496">
         <name>.text.strtoul</name>
         <load_address>0x100a694</load_address>
         <readonly>true</readonly>
         <executable>true</executable>
         <run_address>0x100a694</run_address>
         <size>0x11c</size>
         <alignment>0x4</alignment>
         <input_file_ref idref="fl-6f"/>
      </object_component>
      <object_component id="oc-387">
         <name>.text.UART2_writeTimeoutNonblocking</name>
         <load_address>0x100a7b0</load_address>
         <readonly>true</readonly>
         <executable>true</executable>
         <run_address>0x100a7b0</run_address>
         <size>0x11a</size>
         <alignment>0x2</alignment>
         <input_file_ref idref="fl-38"/>
      </object_component>
      <object_component id="oc-3c6">
         <name>.text.SimpleLinkNetAppRequestMemFreeEventHandler</name>
         <load_address>0x100a8ca</load_address>
         <readonly>true</readonly>
         <executable>true</executable>
         <run_address>0x100a8ca</run_address>
         <size>0x2</size>
         <alignment>0x2</alignment>
         <input_file_ref idref="fl-7"/>
      </object_component>
      <object_component id="oc-53b">
         <name>.text._pconv_e</name>
         <load_address>0x100a8cc</load_address>
         <readonly>true</readonly>
         <executable>true</executable>
         <run_address>0x100a8cc</run_address>
         <size>0x118</size>
         <alignment>0x4</alignment>
         <input_file_ref idref="fl-75"/>
      </object_component>
      <object_component id="oc-49f">
         <name>.text.sl_Close</name>
         <load_address>0x100a9e4</load_address>
         <readonly>true</readonly>
         <executable>true</executable>
         <run_address>0x100a9e4</run_address>
         <size>0x116</size>
         <alignment>0x2</alignment>
         <input_file_ref idref="fl-2e"/>
      </object_component>
      <object_component id="oc-427">
         <name>.text.sl_FsGetInfo</name>
         <load_address>0x100aafa</load_address>
         <readonly>true</readonly>
         <executable>true</executable>
         <run_address>0x100aafa</run_address>
         <size>0x114</size>
         <alignment>0x2</alignment>
         <input_file_ref idref="fl-2a"/>
      </object_component>
      <object_component id="oc-327">
         <name>.text.uDMAChannelTransferSet</name>
         <load_address>0x100ac0e</load_address>
         <readonly>true</readonly>
         <executable>true</executable>
         <run_address>0x100ac0e</run_address>
         <size>0x112</size>
         <alignment>0x2</alignment>
         <input_file_ref idref="fl-4e"/>
      </object_component>
      <object_component id="oc-19e">
         <name>.text.PowerCC32XX_sleepPolicy</name>
         <load_address>0x100ad20</load_address>
         <readonly>true</readonly>
         <executable>true</executable>
         <run_address>0x100ad20</run_address>
         <size>0x108</size>
         <alignment>0x4</alignment>
         <input_file_ref idref="fl-3"/>
      </object_component>
      <object_component id="oc-3b9">
         <name>.text._SlDeviceHandleAsync_InitComplete</name>
         <load_address>0x100ae28</load_address>
         <readonly>true</readonly>
         <executable>true</executable>
         <run_address>0x100ae28</run_address>
         <size>0x106</size>
         <alignment>0x2</alignment>
         <input_file_ref idref="fl-27"/>
      </object_component>
      <object_component id="oc-3bf">
         <name>.text.SimpleLinkSockEventHandler</name>
         <load_address>0x100af2e</load_address>
         <readonly>true</readonly>
         <executable>true</executable>
         <run_address>0x100af2e</run_address>
         <size>0x2</size>
         <alignment>0x2</alignment>
         <input_file_ref idref="fl-7"/>
      </object_component>
      <object_component id="oc-27e">
         <name>.text.ti_sysbios_family_arm_m3_Timer_Instance_init</name>
         <load_address>0x100af30</load_address>
         <readonly>true</readonly>
         <executable>true</executable>
         <run_address>0x100af30</run_address>
         <size>0x104</size>
         <alignment>0x4</alignment>
         <input_file_ref idref="fl-3"/>
      </object_component>
      <object_component id="oc-3e4">
         <name>.text.__muldf3</name>
         <load_address>0x100b034</load_address>
         <readonly>true</readonly>
         <executable>true</executable>
         <run_address>0x100b034</run_address>
         <size>0xfc</size>
         <alignment>0x4</alignment>
         <input_file_ref idref="fl-fb"/>
      </object_component>
      <object_component id="oc-3b1">
         <name>.text.ti_sysbios_runtime_System_printfExtend</name>
         <load_address>0x100b130</load_address>
         <readonly>true</readonly>
         <executable>true</executable>
         <run_address>0x100b130</run_address>
         <size>0xf8</size>
         <alignment>0x4</alignment>
         <input_file_ref idref="fl-3"/>
      </object_component>
      <object_component id="oc-1a2">
         <name>.text.ti_sysbios_knl_Semaphore_pend</name>
         <load_address>0x100b228</load_address>
         <readonly>true</readonly>
         <executable>true</executable>
         <run_address>0x100b228</run_address>
         <size>0xf4</size>
         <alignment>0x4</alignment>
         <input_file_ref idref="fl-3"/>
      </object_component>
      <object_component id="oc-1df">
         <name>.text._SlDrvRemoveFromList</name>
         <load_address>0x100b31c</load_address>
         <readonly>true</readonly>
         <executable>true</executable>
         <run_address>0x100b31c</run_address>
         <size>0xee</size>
         <alignment>0x2</alignment>
         <input_file_ref idref="fl-28"/>
      </object_component>
      <object_component id="oc-158">
         <name>.text._SlDrvDriverIsApiAllowed</name>
         <load_address>0x100b40a</load_address>
         <readonly>true</readonly>
         <executable>true</executable>
         <run_address>0x100b40a</run_address>
         <size>0xec</size>
         <alignment>0x2</alignment>
         <input_file_ref idref="fl-28"/>
      </object_component>
      <object_component id="oc-3be">
         <name>.text.SimpleLinkWlanEventHandler</name>
         <load_address>0x100b4f6</load_address>
         <readonly>true</readonly>
         <executable>true</executable>
         <run_address>0x100b4f6</run_address>
         <size>0x2</size>
         <alignment>0x2</alignment>
         <input_file_ref idref="fl-7"/>
      </object_component>
      <object_component id="oc-3f">
         <name>.text.ti_sysbios_family_arm_m3_Hwi_dispatch</name>
         <load_address>0x100b4f8</load_address>
         <readonly>true</readonly>
         <executable>true</executable>
         <run_address>0x100b4f8</run_address>
         <size>0xec</size>
         <alignment>0x4</alignment>
         <input_file_ref idref="fl-43"/>
      </object_component>
      <object_component id="oc-4b0">
         <name>.text.sl_NetCfgGet</name>
         <load_address>0x100b5e4</load_address>
         <readonly>true</readonly>
         <executable>true</executable>
         <run_address>0x100b5e4</run_address>
         <size>0xea</size>
         <alignment>0x2</alignment>
         <input_file_ref idref="fl-2c"/>
      </object_component>
      <object_component id="oc-344">
         <name>.text.UART2CC32XX_eventCallback</name>
         <load_address>0x100b6ce</load_address>
         <readonly>true</readonly>
         <executable>true</executable>
         <run_address>0x100b6ce</run_address>
         <size>0x2</size>
         <alignment>0x2</alignment>
         <input_file_ref idref="fl-39"/>
      </object_component>
      <object_component id="oc-2de">
         <name>.text.UART2_close</name>
         <load_address>0x100b6d0</load_address>
         <readonly>true</readonly>
         <executable>true</executable>
         <run_address>0x100b6d0</run_address>
         <size>0xe8</size>
         <alignment>0x4</alignment>
         <input_file_ref idref="fl-39"/>
      </object_component>
      <object_component id="oc-4b2">
         <name>.text.sl_WlanGet</name>
         <load_address>0x100b7b8</load_address>
         <readonly>true</readonly>
         <executable>true</executable>
         <run_address>0x100b7b8</run_address>
         <size>0xe2</size>
         <alignment>0x2</alignment>
         <input_file_ref idref="fl-30"/>
      </object_component>
      <object_component id="oc-162">
         <name>.text.NwpPowerOff</name>
         <load_address>0x100b89a</load_address>
         <readonly>true</readonly>
         <executable>true</executable>
         <run_address>0x100b89a</run_address>
         <size>0xe0</size>
         <alignment>0x2</alignment>
         <input_file_ref idref="fl-31"/>
      </object_component>
      <object_component id="oc-39f">
         <name>.text._SlNetAppHandleAsync_NetAppReceive</name>
         <load_address>0x100b97a</load_address>
         <readonly>true</readonly>
         <executable>true</executable>
         <run_address>0x100b97a</run_address>
         <size>0xdc</size>
         <alignment>0x2</alignment>
         <input_file_ref idref="fl-2b"/>
      </object_component>
      <object_component id="oc-4a6">
         <name>.text.sl_GetSockOpt</name>
         <load_address>0x100ba56</load_address>
         <readonly>true</readonly>
         <executable>true</executable>
         <run_address>0x100ba56</run_address>
         <size>0xdc</size>
         <alignment>0x2</alignment>
         <input_file_ref idref="fl-2e"/>
      </object_component>
      <object_component id="oc-4a9">
         <name>.text.sl_Send</name>
         <load_address>0x100bb32</load_address>
         <readonly>true</readonly>
         <executable>true</executable>
         <run_address>0x100bb32</run_address>
         <size>0xda</size>
         <alignment>0x2</alignment>
         <input_file_ref idref="fl-2e"/>
      </object_component>
      <object_component id="oc-9e">
         <name>.text.pthread_create</name>
         <load_address>0x100bc0c</load_address>
         <readonly>true</readonly>
         <executable>true</executable>
         <run_address>0x100bc0c</run_address>
         <size>0xd8</size>
         <alignment>0x4</alignment>
         <input_file_ref idref="fl-3"/>
      </object_component>
      <object_component id="oc-480">
         <name>.text.sprsend</name>
         <load_address>0x100bce4</load_address>
         <readonly>true</readonly>
         <executable>true</executable>
         <run_address>0x100bce4</run_address>
         <size>0xd8</size>
         <alignment>0x4</alignment>
         <input_file_ref idref="fl-3e"/>
      </object_component>
      <object_component id="oc-b0">
         <name>.text.ti_sysbios_family_arm_m3_Hwi_excFillContext</name>
         <load_address>0x100bdbc</load_address>
         <readonly>true</readonly>
         <executable>true</executable>
         <run_address>0x100bdbc</run_address>
         <size>0xd8</size>
         <alignment>0x4</alignment>
         <input_file_ref idref="fl-3"/>
      </object_component>
      <object_component id="oc-465">
         <name>.text.SlNetIfWifi_getSockOpt</name>
         <load_address>0x100be94</load_address>
         <readonly>true</readonly>
         <executable>true</executable>
         <run_address>0x100be94</run_address>
         <size>0xd6</size>
         <alignment>0x2</alignment>
         <input_file_ref idref="fl-25"/>
      </object_component>
      <object_component id="oc-2fd">
         <name>.text.__aeabi_ldiv0</name>
         <load_address>0x100bf6a</load_address>
         <readonly>true</readonly>
         <executable>true</executable>
         <run_address>0x100bf6a</run_address>
         <size>0x2</size>
         <alignment>0x2</alignment>
         <input_file_ref idref="fl-108"/>
      </object_component>
      <object_component id="oc-23e">
         <name>.text.SPICC32XXDMA_transferCancel</name>
         <load_address>0x100bf6c</load_address>
         <readonly>true</readonly>
         <executable>true</executable>
         <run_address>0x100bf6c</run_address>
         <size>0xd4</size>
         <alignment>0x4</alignment>
         <input_file_ref idref="fl-37"/>
      </object_component>
      <object_component id="oc-1db">
         <name>.text.Semaphore_pend_handle</name>
         <load_address>0x100c040</load_address>
         <readonly>true</readonly>
         <executable>true</executable>
         <run_address>0x100c040</run_address>
         <size>0xd4</size>
         <alignment>0x2</alignment>
         <input_file_ref idref="fl-31"/>
      </object_component>
      <object_component id="oc-268">
         <name>.text.clock_gettime</name>
         <load_address>0x100c114</load_address>
         <readonly>true</readonly>
         <executable>true</executable>
         <run_address>0x100c114</run_address>
         <size>0xd4</size>
         <alignment>0x4</alignment>
         <input_file_ref idref="fl-3"/>
      </object_component>
      <object_component id="oc-4af">
         <name>.text.matchModeByRole</name>
         <load_address>0x100c1e8</load_address>
         <readonly>true</readonly>
         <executable>true</executable>
         <run_address>0x100c1e8</run_address>
         <size>0xd0</size>
         <alignment>0x2</alignment>
         <input_file_ref idref="fl-25"/>
      </object_component>
      <object_component id="oc-392">
         <name>.text._SlNetAppHandleAsync_DnsGetHostByName</name>
         <load_address>0x100c2b8</load_address>
         <readonly>true</readonly>
         <executable>true</executable>
         <run_address>0x100c2b8</run_address>
         <size>0xce</size>
         <alignment>0x2</alignment>
         <input_file_ref idref="fl-2b"/>
      </object_component>
      <object_component id="oc-4a1">
         <name>.text.sl_Bind</name>
         <load_address>0x100c386</load_address>
         <readonly>true</readonly>
         <executable>true</executable>
         <run_address>0x100c386</run_address>
         <size>0xce</size>
         <alignment>0x2</alignment>
         <input_file_ref idref="fl-2e"/>
      </object_component>
      <object_component id="oc-383">
         <name>.text.UART2Support_dmaStartRx</name>
         <load_address>0x100c454</load_address>
         <readonly>true</readonly>
         <executable>true</executable>
         <run_address>0x100c454</run_address>
         <size>0xcc</size>
         <alignment>0x4</alignment>
         <input_file_ref idref="fl-39"/>
      </object_component>
      <object_component id="oc-168">
         <name>.text._SlDrvHandleFatalError</name>
         <load_address>0x100c520</load_address>
         <readonly>true</readonly>
         <executable>true</executable>
         <run_address>0x100c520</run_address>
         <size>0xca</size>
         <alignment>0x4</alignment>
         <input_file_ref idref="fl-28"/>
      </object_component>
      <object_component id="oc-35b">
         <name>.text._SlNetAppHandleAsync_PingResponse</name>
         <load_address>0x100c5ea</load_address>
         <readonly>true</readonly>
         <executable>true</executable>
         <run_address>0x100c5ea</run_address>
         <size>0xca</size>
         <alignment>0x2</alignment>
         <input_file_ref idref="fl-2b"/>
      </object_component>
      <object_component id="oc-31e">
         <name>.text.PRCMPeripheralClockGet</name>
         <load_address>0x100c6b4</load_address>
         <readonly>true</readonly>
         <executable>true</executable>
         <run_address>0x100c6b4</run_address>
         <size>0xc6</size>
         <alignment>0x2</alignment>
         <input_file_ref idref="fl-4b"/>
      </object_component>
      <object_component id="oc-181">
         <name>.text._nop</name>
         <load_address>0x100c77a</load_address>
         <readonly>true</readonly>
         <executable>true</executable>
         <run_address>0x100c77a</run_address>
         <size>0x2</size>
         <alignment>0x2</alignment>
         <input_file_ref idref="fl-67"/>
      </object_component>
      <object_component id="oc-33f">
         <name>.text.UART2CC32XX_initHw</name>
         <load_address>0x100c77c</load_address>
         <readonly>true</readonly>
         <executable>true</executable>
         <run_address>0x100c77c</run_address>
         <size>0xc4</size>
         <alignment>0x4</alignment>
         <input_file_ref idref="fl-39"/>
      </object_component>
      <object_component id="oc-1d9">
         <name>.text._SlDrvIsTimeoutExpired</name>
         <load_address>0x100c840</load_address>
[...]
         <name>SPICSDisable</name>
         <value>0x1013e83</value>
         <object_component_ref idref="oc-2a4"/>
      </symbol>
      <symbol id="sm-b5a">
         <name>SPICSEnable</name>
         <value>0x1013e99</value>
         <object_component_ref idref="oc-2c0"/>
      </symbol>
      <symbol id="sm-b5b">
         <name>SPIConfigSetExpClk</name>
         <value>0x100d119</value>
         <object_component_ref idref="oc-31f"/>
      </symbol>
      <symbol id="sm-b5c">
         <name>SPIDataGet</name>
         <value>0x1013481</value>
         <object_component_ref idref="oc-2c3"/>
      </symbol>
      <symbol id="sm-b5d">
         <name>SPIDataPut</name>
         <value>0x10135a5</value>
         <object_component_ref idref="oc-2c1"/>
      </symbol>
      <symbol id="sm-b5e">
         <name>SPIDisable</name>
         <value>0x1013eaf</value>
         <object_component_ref idref="oc-2a9"/>
      </symbol>
      <symbol id="sm-b5f">
         <name>SPIDmaDisable</name>
         <value>0x1013c87</value>
         <object_component_ref idref="oc-2cd"/>
      </symbol>
      <symbol id="sm-b60">
         <name>SPIDmaEnable</name>
         <value>0x1013d69</value>
         <object_component_ref idref="oc-329"/>
      </symbol>
      <symbol id="sm-b61">
         <name>SPIEnable</name>
         <value>0x1013ec5</value>
         <object_component_ref idref="oc-2bf"/>
      </symbol>
      <symbol id="sm-b62">
         <name>SPIFIFODisable</name>
         <value>0x1013ca1</value>
         <object_component_ref idref="oc-2aa"/>
      </symbol>
      <symbol id="sm-b63">
         <name>SPIFIFOEnable</name>
         <value>0x1013d81</value>
         <object_component_ref idref="oc-320"/>
      </symbol>
      <symbol id="sm-b64">
         <name>SPIFIFOLevelSet</name>
         <value>0x101268f</value>
         <object_component_ref idref="oc-321"/>
      </symbol>
      <symbol id="sm-b65">
         <name>SPIIntClear</name>
         <value>0x100fd61</value>
         <object_component_ref idref="oc-2cc"/>
      </symbol>
      <symbol id="sm-b66">
         <name>SPIIntDisable</name>
         <value>0x100f465</value>
         <object_component_ref idref="oc-2cb"/>
      </symbol>
      <symbol id="sm-b67">
         <name>SPIIntEnable</name>
         <value>0x100f899</value>
         <object_component_ref idref="oc-32a"/>
      </symbol>
      <symbol id="sm-b68">
         <name>SPIIntStatus</name>
         <value>0x100e1bf</value>
         <object_component_ref idref="oc-323"/>
      </symbol>
      <symbol id="sm-b69">
         <name>SPIReset</name>
         <value>0x1013229</value>
         <object_component_ref idref="oc-31d"/>
      </symbol>
      <symbol id="sm-b6a">
         <name>SPIWordCountSet</name>
         <value>0x1013797</value>
         <object_component_ref idref="oc-2be"/>
      </symbol>
      <symbol id="sm-bd4">
         <name>UARTBusy</name>
         <value>0x10141f9</value>
         <object_component_ref idref="oc-3ee"/>
      </symbol>
      <symbol id="sm-bd5">
         <name>UARTCharPutNonBlocking</name>
         <value>0x10126fb</value>
         <object_component_ref idref="oc-3ed"/>
      </symbol>
      <symbol id="sm-bd6">
         <name>UARTCharsAvail</name>
         <value>0x1013ef1</value>
         <object_component_ref idref="oc-382"/>
      </symbol>
      <symbol id="sm-bd7">
         <name>UARTConfigSetExpClk</name>
         <value>0x100ec6f</value>
         <object_component_ref idref="oc-372"/>
      </symbol>
      <symbol id="sm-bd8">
         <name>UARTDMADisable</name>
         <value>0x1013f07</value>
         <object_component_ref idref="oc-350"/>
      </symbol>
      <symbol id="sm-bd9">
         <name>UARTDMAEnable</name>
         <value>0x1013fb1</value>
         <object_component_ref idref="oc-3ad"/>
      </symbol>
      <symbol id="sm-bda">
         <name>UARTDisable</name>
         <value>0x1012ef9</value>
         <object_component_ref idref="oc-352"/>
      </symbol>
      <symbol id="sm-bdb">
         <name>UARTEnable</name>
         <value>0x1013a35</value>
         <object_component_ref idref="oc-374"/>
      </symbol>
      <symbol id="sm-bdc">
         <name>UARTFIFOLevelSet</name>
         <value>0x1013f1d</value>
         <object_component_ref idref="oc-376"/>
      </symbol>
      <symbol id="sm-bdd">
         <name>UARTFlowControlSet</name>
         <value>0x1013cbb</value>
         <object_component_ref idref="oc-377"/>
      </symbol>
      <symbol id="sm-bde">
         <name>UARTIntClear</name>
         <value>0x1014209</value>
         <object_component_ref idref="oc-373"/>
      </symbol>
      <symbol id="sm-bdf">
         <name>UARTIntDisable</name>
         <value>0x1013f33</value>
         <object_component_ref idref="oc-34b"/>
      </symbol>
      <symbol id="sm-be0">
         <name>UARTIntEnable</name>
         <value>0x1013fc5</value>
         <object_component_ref idref="oc-375"/>
      </symbol>
      <symbol id="sm-be1">
         <name>UARTIntStatus</name>
         <value>0x101310b</value>
         <object_component_ref idref="oc-37e"/>
      </symbol>
      <symbol id="sm-be2">
         <name>UARTRxErrorGet</name>
         <value>0x1014219</value>
         <object_component_ref idref="oc-380"/>
      </symbol>
      <symbol id="sm-c3d">
         <name>uDMAChannelAssign</name>
         <value>0x1010f93</value>
         <object_component_ref idref="oc-328"/>
      </symbol>
      <symbol id="sm-c3e">
         <name>uDMAChannelAttributeDisable</name>
         <value>0x100e251</value>
         <object_component_ref idref="oc-326"/>
      </symbol>
      <symbol id="sm-c3f">
         <name>uDMAChannelControlSet</name>
         <value>0x1011ff1</value>
         <object_component_ref idref="oc-325"/>
      </symbol>
      <symbol id="sm-c40">
         <name>uDMAChannelDisable</name>
         <value>0x1013aad</value>
         <object_component_ref idref="oc-2c6"/>
      </symbol>
      <symbol id="sm-c41">
         <name>uDMAChannelEnable</name>
         <value>0x1013acb</value>
         <object_component_ref idref="oc-32b"/>
      </symbol>
      <symbol id="sm-c42">
         <name>uDMAChannelIsEnabled</name>
         <value>0x1013ae9</value>
         <object_component_ref idref="oc-324"/>
      </symbol>
      <symbol id="sm-c43">
         <name>uDMAChannelSizeGet</name>
         <value>0x1011287</value>
         <object_component_ref idref="oc-3a8"/>
      </symbol>
      <symbol id="sm-c44">
         <name>uDMAChannelTransferSet</name>
         <value>0x100ac0f</value>
         <object_component_ref idref="oc-327"/>
      </symbol>
      <symbol id="sm-c45">
         <name>uDMAControlBaseGet</name>
         <value>0x10144d1</value>
         <object_component_ref idref="oc-2cf"/>
      </symbol>
      <symbol id="sm-c46">
         <name>uDMAControlBaseSet</name>
         <value>0x10140dd</value>
         <object_component_ref idref="oc-31b"/>
      </symbol>
      <symbol id="sm-c47">
         <name>uDMAEnable</name>
         <value>0x1014349</value>
         <object_component_ref idref="oc-31a"/>
      </symbol>
      <symbol id="sm-c48">
         <name>uDMAErrorStatusClear</name>
         <value>0x1014357</value>
         <object_component_ref idref="oc-3ce"/>
      </symbol>
      <symbol id="sm-c49">
         <name>uDMAErrorStatusGet</name>
         <value>0x10144dd</value>
         <object_component_ref idref="oc-3cd"/>
      </symbol>
      <symbol id="sm-c4a">
         <name>uDMAIntClear</name>
         <value>0x10140f1</value>
         <object_component_ref idref="oc-3a9"/>
      </symbol>
      <symbol id="sm-c55">
         <name>UtilsDelay</name>
         <value>0x10145d3</value>
         <object_component_ref idref="oc-11e"/>
      </symbol>
      <symbol id="sm-c83">
         <name>FlashDisable</name>
         <value>0x101012d</value>
         <object_component_ref idref="oc-30a"/>
      </symbol>
      <symbol id="sm-c94">
         <name>sprintf</name>
         <value>0x1012541</value>
         <object_component_ref idref="oc-4c0"/>
      </symbol>
      <symbol id="sm-ca5">
         <name>vsnprintf</name>
         <value>0x1012341</value>
         <object_component_ref idref="oc-4cb"/>
      </symbol>
      <symbol id="sm-ca7">
         <name>__aeabi_ctype_table_</name>
         <value>0x1014d40</value>
         <object_component_ref idref="oc-4df"/>
      </symbol>
      <symbol id="sm-ca8">
         <name>__aeabi_ctype_table_C</name>
         <value>0x1014d40</value>
         <object_component_ref idref="oc-4df"/>
      </symbol>
      <symbol id="sm-cb3">
         <name>__aeabi_errno_addr</name>
         <value>0x10145dd</value>
         <object_component_ref idref="oc-1e3"/>
      </symbol>
      <symbol id="sm-cb4">
         <name>__aeabi_errno</name>
         <value>0x20009ef0</value>
         <object_component_ref idref="oc-26a"/>
      </symbol>
      <symbol id="sm-cc4">
         <name>_nop</name>
         <value>0x100c77b</value>
         <object_component_ref idref="oc-181"/>
      </symbol>
      <symbol id="sm-cc5">
         <name>_register_lock</name>
         <value>0x1014471</value>
         <object_component_ref idref="oc-177"/>
      </symbol>
      <symbol id="sm-cc6">
         <name>_lock</name>
         <value>0x20009ef4</value>
         <object_component_ref idref="oc-1f5"/>
      </symbol>
      <symbol id="sm-cc7">
         <name>_register_unlock</name>
         <value>0x101447d</value>
         <object_component_ref idref="oc-17c"/>
      </symbol>
      <symbol id="sm-cc8">
         <name>_unlock</name>
         <value>0x20009ef8</value>
         <object_component_ref idref="oc-1f8"/>
      </symbol>
      <symbol id="sm-cd2">
         <name>_args_main</name>
         <value>0x1014029</value>
         <object_component_ref idref="oc-48"/>
      </symbol>
      <symbol id="sm-cdd">
         <name>atoi</name>
         <value>0x1011ef1</value>
         <object_component_ref idref="oc-531"/>
      </symbol>
      <symbol id="sm-ce7">
         <name>strlen</name>
         <value>0x1014303</value>
         <object_component_ref idref="oc-4b3"/>
      </symbol>
      <symbol id="sm-cf0">
         <name>strstr</name>
         <value>0x1012fdd</value>
         <object_component_ref idref="oc-48c"/>
      </symbol>
      <symbol id="sm-cfc">
         <name>strtoul</name>
         <value>0x100a695</value>
         <object_component_ref idref="oc-496"/>
      </symbol>
      <symbol id="sm-d07">
         <name>__TI_auto_init_nobinit_nopinit</name>
         <value>0x1012621</value>
         <object_component_ref idref="oc-67"/>
      </symbol>
      <symbol id="sm-d12">
         <name>__TI_zero_init</name>
         <value>0x1014259</value>
         <object_component_ref idref="oc-60"/>
      </symbol>
      <symbol id="sm-d1b">
         <name>__TI_decompress_none</name>
         <value>0x1014373</value>
         <object_component_ref idref="oc-28"/>
      </symbol>
      <symbol id="sm-d25">
         <name>__TI_decompress_lzss</name>
         <value>0x100f23d</value>
         <object_component_ref idref="oc-24"/>
      </symbol>
      <symbol id="sm-d6c">
         <name>__TI_printfi</name>
         <value>0x1001279</value>
         <object_component_ref idref="oc-523"/>
      </symbol>
      <symbol id="sm-d7b">
         <name>frexp</name>
         <value>0x1010ad9</value>
         <object_component_ref idref="oc-548"/>
      </symbol>
      <symbol id="sm-d7c">
         <name>frexpl</name>
         <value>0x1010ad9</value>
         <object_component_ref idref="oc-548"/>
      </symbol>
      <symbol id="sm-d86">
         <name>scalbn</name>
         <value>0x100c905</value>
         <object_component_ref idref="oc-54c"/>
      </symbol>
      <symbol id="sm-d87">
         <name>ldexp</name>
         <value>0x100c905</value>
         <object_component_ref idref="oc-54c"/>
      </symbol>
      <symbol id="sm-d88">
         <name>scalbnl</name>
         <value>0x100c905</value>
         <object_component_ref idref="oc-54c"/>
      </symbol>
      <symbol id="sm-d89">
         <name>ldexpl</name>
         <value>0x100c905</value>
         <object_component_ref idref="oc-54c"/>
      </symbol>
      <symbol id="sm-d92">
         <name>__TI_ltoa</name>
         <value>0x1010889</value>
         <object_component_ref idref="oc-550"/>
      </symbol>
      <symbol id="sm-d9b">
         <name>memccpy</name>
         <value>0x1013a53</value>
         <object_component_ref idref="oc-52a"/>
      </symbol>
      <symbol id="sm-da7">
         <name>wcslen</name>
         <value>0x1014249</value>
         <object_component_ref idref="oc-535"/>
      </symbol>
      <symbol id="sm-dbf">
         <name>__aeabi_dadd</name>
         <value>0x1007717</value>
         <object_component_ref idref="oc-3e0"/>
      </symbol>
      <symbol id="sm-dc0">
         <name>__adddf3</name>
         <value>0x1007717</value>
         <object_component_ref idref="oc-3e0"/>
      </symbol>
      <symbol id="sm-dc1">
         <name>__aeabi_dsub</name>
         <value>0x100770d</value>
         <object_component_ref idref="oc-3e0"/>
      </symbol>
      <symbol id="sm-dc2">
         <name>__subdf3</name>
         <value>0x100770d</value>
         <object_component_ref idref="oc-3e0"/>
      </symbol>
      <symbol id="sm-dc8">
         <name>__aeabi_dmul</name>
         <value>0x100b035</value>
         <object_component_ref idref="oc-3e4"/>
      </symbol>
      <symbol id="sm-dc9">
         <name>__muldf3</name>
         <value>0x100b035</value>
         <object_component_ref idref="oc-3e4"/>
      </symbol>
      <symbol id="sm-dcf">
         <name>__aeabi_ddiv</name>
         <value>0x1009c0d</value>
         <object_component_ref idref="oc-55a"/>
      </symbol>
      <symbol id="sm-dd0">
         <name>__divdf3</name>
         <value>0x1009c0d</value>
         <object_component_ref idref="oc-55a"/>
      </symbol>
      <symbol id="sm-dd6">
         <name>__aeabi_f2d</name>
         <value>0x10124d1</value>
         <object_component_ref idref="oc-3d0"/>
      </symbol>
      <symbol id="sm-dd7">
         <name>__extendsfdf2</name>
         <value>0x10124d1</value>
         <object_component_ref idref="oc-3d0"/>
      </symbol>
      <symbol id="sm-ddd">
         <name>__aeabi_d2iz</name>
         <value>0x1011439</value>
         <object_component_ref idref="oc-3d8"/>
      </symbol>
      <symbol id="sm-dde">
         <name>__fixdfsi</name>
         <value>0x1011439</value>
         <object_component_ref idref="oc-3d8"/>
      </symbol>
      <symbol id="sm-de4">
         <name>__aeabi_d2uiz</name>
         <value>0x1011a41</value>
         <object_component_ref idref="oc-3e8"/>
      </symbol>
      <symbol id="sm-de5">
         <name>__fixunsdfsi</name>
         <value>0x1011a41</value>
         <object_component_ref idref="oc-3e8"/>
      </symbol>
      <symbol id="sm-deb">
         <name>__aeabi_i2d</name>
         <value>0x1012f29</value>
         <object_component_ref idref="oc-3dc"/>
      </symbol>
      <symbol id="sm-dec">
         <name>__floatsidf</name>
         <value>0x1012f29</value>
         <object_component_ref idref="oc-3dc"/>
      </symbol>
      <symbol id="sm-df2">
         <name>__aeabi_dcmpeq</name>
         <value>0x100fe89</value>
         <object_component_ref idref="oc-3d4"/>
      </symbol>
      <symbol id="sm-df3">
         <name>__aeabi_dcmplt</name>
         <value>0x100fe9d</value>
         <object_component_ref idref="oc-3d4"/>
      </symbol>
      <symbol id="sm-df4">
         <name>__aeabi_dcmple</name>
         <value>0x100feb1</value>
         <object_component_ref idref="oc-3d4"/>
      </symbol>
      <symbol id="sm-df5">
         <name>__aeabi_dcmpge</name>
         <value>0x100fec5</value>
         <object_component_ref idref="oc-3d4"/>
      </symbol>
      <symbol id="sm-df6">
         <name>__aeabi_dcmpgt</name>
         <value>0x100fed9</value>
         <object_component_ref idref="oc-3d4"/>
      </symbol>
      <symbol id="sm-dfc">
         <name>__aeabi_memcpy</name>
         <value>0x1014699</value>
         <object_component_ref idref="oc-53"/>
      </symbol>
      <symbol id="sm-dfd">
         <name>__aeabi_memcpy4</name>
         <value>0x1014699</value>
         <object_component_ref idref="oc-53"/>
      </symbol>
      <symbol id="sm-dfe">
         <name>__aeabi_memcpy8</name>
         <value>0x1014699</value>
         <object_component_ref idref="oc-53"/>
      </symbol>
      <symbol id="sm-e07">
         <name>__aeabi_memset</name>
         <value>0x1014561</value>
         <object_component_ref idref="oc-529"/>
      </symbol>
      <symbol id="sm-e08">
         <name>__aeabi_memset4</name>
         <value>0x1014561</value>
         <object_component_ref idref="oc-529"/>
      </symbol>
      <symbol id="sm-e09">
         <name>__aeabi_memset8</name>
         <value>0x1014561</value>
         <object_component_ref idref="oc-529"/>
      </symbol>
      <symbol id="sm-e0a">
         <name>__aeabi_memclr</name>
         <value>0x10145e5</value>
         <object_component_ref idref="oc-83"/>
      </symbol>
      <symbol id="sm-e0b">
         <name>__aeabi_memclr4</name>
         <value>0x10145e5</value>
         <object_component_ref idref="oc-83"/>
      </symbol>
      <symbol id="sm-e0c">
         <name>__aeabi_memclr8</name>
         <value>0x10145e5</value>
         <object_component_ref idref="oc-83"/>
      </symbol>
      <symbol id="sm-e12">
         <name>__aeabi_uldivmod</name>
         <value>0x1014015</value>
         <object_component_ref idref="oc-215"/>
      </symbol>
      <symbol id="sm-e18">
         <name>__udivmoddi4</name>
         <value>0x100d3e9</value>
         <object_component_ref idref="oc-284"/>
      </symbol>
      <symbol id="sm-e24">
         <name>__ledf2</name>
         <value>0x100f31d</value>
         <object_component_ref idref="oc-401"/>
      </symbol>
      <symbol id="sm-e25">
         <name>__gedf2</name>
         <value>0x100f2ad</value>
         <object_component_ref idref="oc-407"/>
      </symbol>
      <symbol id="sm-e26">
         <name>__cmpdf2</name>
         <value>0x100f31d</value>
         <object_component_ref idref="oc-401"/>
      </symbol>
      <symbol id="sm-e27">
         <name>__eqdf2</name>
         <value>0x100f31d</value>
         <object_component_ref idref="oc-401"/>
      </symbol>
      <symbol id="sm-e28">
         <name>__ltdf2</name>
         <value>0x100f31d</value>
         <object_component_ref idref="oc-401"/>
      </symbol>
      <symbol id="sm-e29">
         <name>__nedf2</name>
         <value>0x100f31d</value>
         <object_component_ref idref="oc-401"/>
      </symbol>
      <symbol id="sm-e2a">
         <name>__gtdf2</name>
         <value>0x100f2ad</value>
         <object_component_ref idref="oc-407"/>
      </symbol>
      <symbol id="sm-e34">
         <name>__aeabi_ldiv0</name>
         <value>0x100bf6b</value>
         <object_component_ref idref="oc-2fd"/>
      </symbol>
      <symbol id="sm-e3d">
         <name>TI_memcpy_small</name>
         <value>0x10141a7</value>
         <object_component_ref idref="oc-a8"/>
      </symbol>
      <symbol id="sm-e45">
         <name>TI_memset_small</name>
         <value>0x1014365</value>
         <object_component_ref idref="oc-fe"/>
      </symbol>
      <symbol id="sm-e46">
         <name>__TI_static_base__</name>
         <value>0x1015d74</value>
      </symbol>
      <symbol id="sm-e49">
         <name>ITM_flush</name>
         <value>0x0</value>
      </symbol>
      <symbol id="sm-e4a">
         <name>ITM_restore</name>
         <value>0x0</value>
      </symbol>
      <symbol id="sm-e4b">
         <name>__mpu_init</name>
         <value>0x0</value>
      </symbol>
      <symbol id="sm-e4c">
         <name>__c_args__</name>
         <value>0x0</value>
      </symbol>
   </symbol_table>
   <title>Link successful</title>
</link_info>
