******************************************************************************
            TI ARM Clang Linker PC v3.2.2                      
******************************************************************************
>> Linked Sun Jan 18 16:20:49 2026

OUTPUT FILE NAME:   <httpget_CC3235SF_LAUNCHXL_tirtos7_ticlang.out>
ENTRY POINT SYMBOL: "_c_int00"  address: 0101370d


MEMORY CONFIGURATION

         name            origin    length      used     unused   attr    fill
----------------------  --------  ---------  --------  --------  ----  --------
  FLASH_HDR             01000000   000007ff  00000000  000007ff  R  X
  FLASH                 01000800   000ff800  0001574c  000ea0b4  R  X
  SRAM                  20000000   00040000  0000a62e  000359d2  RW X
  LOG_DATA              90000000   00040000  00000000  00040000  R   
  LOG_PTR               94000008   00040000  00000000  00040000  R   


SEGMENT ALLOCATION MAP

run origin  load origin   length   init length attrs members
----------  ----------- ---------- ----------- ----- -------
01000800    01000800    00013ea8   00013ea8    r-x
  01000800    01000800    0000003c   0000003c    r-- .resetVecs
  01000840    01000840    00013e68   00013e68    r-x .text
010146b0    010146b0    000018a8   000018a8    r--
  010146b0    010146b0    000016c4   000016c4    r-- .rodata
  01015d74    01015d74    000001e4   000001e4    r-- .cinit
20000000    20000000    00008000   00000000    r--
  20000000    20000000    00008000   00000000    r-- .priheap
20008000    20008000    00001f27   00000000    rw-
  20008000    20008000    00001963   00000000    rw- .bss
  20009968    20009968    000005bf   00000000    rw- .data
2003fc00    2003fc00    00000400   00000000    rw-
  2003fc00    2003fc00    00000400   00000000    rw- .stack


SECTION ALLOCATION MAP

 output                                  attributes/
section   page    origin      length       input sections
--------  ----  ----------  ----------   ----------------
.resetVecs 
*          0    01000800    0000003c     
                  01000800    0000003c     ti_sysbios_config.o (.resetVecs)

.text      0    01000840    00013e68     
                  01000840    00000a36     simplelink.a : driver.obj (.text._SlDrvMsgRead)
                  01001276    00000002     ti_sysbios_config.o (.text.BIOS_nullFunc)
                  01001278    000009d8     libc.a : _printfi.c.obj (.text:__TI_printfi)
                  01001c50    00000648     httpclient_release.a : httpclient.om4 (.text.HTTPClient_sendRequest)
                  01002298    0000050a     simplelink.a : sl_socket.obj (.text._SlSocketHandleAsync_Select)
                  010027a2    000004b8     driverlib.a : prcm.obj (.text.PRCMCC3200MCUInit)
                  01002c5a    00000414     simplelink.a : driver.obj (.text._SlDrvMsgWrite)
                  0100306e    00000002     ti_drivers_config.o (.text.Board_initHook)
                  01003070    00000410     httpclient_release.a : httpclient.om4 (.text.manageResponseHeaders)
                  01003480    000003e4     drivers_cc32xx.a : PowerCC32XX.c.obj (.text.Power_sleep)
                  01003864    000003b2     simplelink.a : driver.obj (.text._SlDrvReleasePoolObj)
                  01003c16    000003ae                  : driver.obj (.text._SlDrvRxHdrRead)
                  01003fc4    000003a4                  : driver.obj (.text._SlDrvWaitForPoolObj)
                  01004368    00000368                  : sl_socket.obj (.text.sl_Select)
                  010046d0    0000034c     ti_sysbios_config.o (.text.ti_sysbios_runtime_System_doPrint)
                  01004a1c    000002f6     simplelink.a : driver.obj (.text._SlDrvDataReadOp)
                  01004d12    000002dc                  : wlan.obj (.text.sl_WlanConnect)
                  01004fee    000002be                  : driver.obj (.text._SlDrvDataWriteOp)
                  010052ac    000002aa                  : driver.obj (.text._SlDrvMsgReadCmdCtx)
                  01005556    000002a2                  : driver.obj (.text._SlDrvDriverCBInit)
                  010057f8    00000284     httpclient_release.a : httpclient.om4 (.text.HTTPClient_connect2)
                  01005a7c    00000272     simplelink.a : device.obj (.text.sl_Stop)
                  01005cee    00000258                  : netapp.obj (.text.sl_NetAppPing)
                  01005f46    00000002     display_cc32xx.a : DisplayUart2.c.obj (.text.DisplayUart2Min_clear)
                  01005f48    00000228     libc.a : _printfi.c.obj (.text._pconv_a)
                  01006170    00000226     simplelink.a : netapp.obj (.text._SlNetAppEventHandler)
                  01006396    00000222     drivers_cc32xx.a : UART2CC32XX.c.obj (.text.UART2CC32XX_hwiIntFxn)
                  010065b8    00000218     simplelink.a : driver.obj (.text._SlDrvReleaseAllActivePendingPoolObj)
                  010067d0    00000210     httpget.o (.text.httpTask)
                  010069e0    00000202     simplelink.a : sl_socket.obj (.text.sl_Accept)
                  01006be2    00000002     display_cc32xx.a : DisplayUart2.c.obj (.text.DisplayUart2Min_clearLines)
                  01006be4    000001ec     httpclient_release.a : httpclient.om4 (.text.HTTPClient_readResponseBody)
                  01006dd0    000001ea     simplelink.a : sl_socket.obj (.text._SlDrvRegisterForSelectAsync)
                  01006fba    00000002     display_cc32xx.a : DisplayUart2.c.obj (.text.DisplayUart2Min_init)
                  01006fbc    000001e8     libc.a : _printfi.c.obj (.text._pconv_g)
                  010071a4    000001de     simplelink.a : driver.obj (.text._SlDrvFindAndSetActiveObj)
                  01007382    00000002     platform.o (.text.SimpleLinkFatalErrorEventHandler)
                  01007384    000001cc     drivers_cc32xx.a : UART2CC32XX.c.obj (.text.UART2_open)
                  01007550    000001bc     simplelink.a : sl_socket.obj (.text.sl_Connect)
                  0100770c    000001b6     libclang_rt.builtins.a : adddf3.S.obj (.text.adddf3_subdf3)
                  010078c2    000001ac     simplelink.a : netapp.obj (.text.sl_NetAppDnsGetHostByName)
                  01007a6e    000001a4     drivers_cc32xx.a : SPICC32XXDMA.c.obj (.text.SPICC32XXDMA_transfer)
                  01007c12    0000019c     simplelink.a : sl_socket.obj (.text.sl_RecvFrom)
                  01007dae    00000002     platform.o (.text.SimpleLinkGeneralEventHandler)
                  01007db0    00000194     simplelink.a : driver.obj (.text._SlDrvMsgReadSpawnCtx)
                  01007f44    00000188                  : sl_socket.obj (.text.sl_StartTLS)
                  010080cc    00000180                  : sl_socket.obj (.text._SlDrvGetNextTimeoutValue)
                  0100824c    0000017a                  : driver.obj (.text._SlDrvDriverCBDeinit)
                  010083c6    0000017a                  : driver.obj (.text._SlSpawnMsgListInsert)
                  01008540    00000176                  : device.obj (.text.sl_Start)
                  010086b6    00000174     drivers_cc32xx.a : UART2.c.obj (.text.UART2_writeTimeoutBlocking)
                  0100882a    0000016c     simplelink.a : sl_socket.obj (.text._SlSocketHandleAsync_StartTLS)
                  01008996    0000016a                  : driver.obj (.text._SlDrvObjGlobalLockWaitForever)
                  01008b00    00000166                  : driver.obj (.text._SlDrvAsyncEventGenericHandler)
                  01008c66    00000162                  : driver.obj (.text._SlDrvClassifyRxMsg)
                  01008dc8    00000160     httpclient_release.a : httpclient.om4 (.text.SlNetSock_connectURI)
                  01008f28    0000015c     slnetsock_release.a : slnetutils.om4 (.text.SlNetUtil_inetPton)
                  01009084    00000158     platform.o (.text.mainThread)
                  010091dc    00000154     simplelink.a : driver.obj (.text._SlDrvCmdOp)
                  01009330    0000014e                  : fs.obj (.text.sl_FsOpen)
                  0100947e    00000002     platform.o (.text.SimpleLinkHttpServerEventHandler)
                  01009480    0000014c     drivers_cc32xx.a : SPICC32XXDMA.c.obj (.text.configDMA)
                  010095cc    0000014c     httpclient_release.a : httpclient.om4 (.text.parseURI)
                  01009718    00000140     drivers_cc32xx.a : GPIOCC32XX.c.obj (.text.GPIO_setConfig)
                  01009858    00000140     simplelink.a : device.obj (.text._SlDeviceEventHandler)
                  01009998    0000013c     libc.a : _printfi.c.obj (.text.fcvt)
                  01009ad4    00000138     drivers_cc32xx.a : SPICC32XXDMA.c.obj (.text.SPICC32XXDMA_open)
                  01009c0c    00000136     libclang_rt.builtins.a : divdf3.S.obj (.text.__divdf3)
                  01009d42    00000132     httpclient_release.a : httpclient.om4 (.text.HTTPClient_connect)
                  01009e74    00000130     simplelink.a : fs.obj (.text.sl_FsWrite)
                  01009fa4    0000012e                  : driver.obj (.text._SlDrvWaitForInternalAsyncEvent)
                  0100a0d2    0000012a                  : sl_socket.obj (.text.sl_SendTo)
                  0100a1fc    00000128     httpclient_release.a : httpclient.om4 (.text.HTTPClient_setHeader)
                  0100a324    00000128     simplelink.a : netapp.obj (.text._SlNetAppHandleAsync_DnsGetHostByService)
                  0100a44c    00000126     slnetifwifi.a : slnetifwifi.obj (.text.SlNetIfWifi_loadSecObj)
                  0100a572    00000002     platform.o (.text.SimpleLinkNetAppRequestEventHandler)
                  0100a574    00000120     slnetsock_release.a : slnetif.om4 (.text.SlNetIf_add)
                  0100a694    0000011c     libc.a : strtoul.c.obj (.text.strtoul)
                  0100a7b0    0000011a     drivers_cc32xx.a : UART2.c.obj (.text.UART2_writeTimeoutNonblocking)
                  0100a8ca    00000002     platform.o (.text.SimpleLinkNetAppRequestMemFreeEventHandler)
                  0100a8cc    00000118     libc.a : _printfi.c.obj (.text._pconv_e)
                  0100a9e4    00000116     simplelink.a : sl_socket.obj (.text.sl_Close)
                  0100aafa    00000114                  : fs.obj (.text.sl_FsGetInfo)
                  0100ac0e    00000112     driverlib.a : udma.obj (.text.uDMAChannelTransferSet)
                  0100ad20    00000108     ti_sysbios_config.o (.text.PowerCC32XX_sleepPolicy)
                  0100ae28    00000106     simplelink.a : device.obj (.text._SlDeviceHandleAsync_InitComplete)
                  0100af2e    00000002     platform.o (.text.SimpleLinkSockEventHandler)
                  0100af30    00000104     ti_sysbios_config.o (.text.ti_sysbios_family_arm_m3_Timer_Instance_init)
                  0100b034    000000fc     libclang_rt.builtins.a : muldf3.S.obj (.text.__muldf3)
                  0100b130    000000f8     ti_sysbios_config.o (.text.ti_sysbios_runtime_System_printfExtend)
                  0100b228    000000f4     ti_sysbios_config.o (.text.ti_sysbios_knl_Semaphore_pend)
                  0100b31c    000000ee     simplelink.a : driver.obj (.text._SlDrvRemoveFromList)
                  0100b40a    000000ec                  : driver.obj (.text._SlDrvDriverIsApiAllowed)
                  0100b4f6    00000002     platform.o (.text.SimpleLinkWlanEventHandler)
                  0100b4f8    000000ec     sysbios.a : Hwi_asm_gcc.s.obj (.text.ti_sysbios_family_arm_m3_Hwi_dispatch)
                  0100b5e4    000000ea     simplelink.a : netcfg.obj (.text.sl_NetCfgGet)
                  0100b6ce    00000002     drivers_cc32xx.a : UART2CC32XX.c.obj (.text.UART2CC32XX_eventCallback)
                  0100b6d0    000000e8                      : UART2CC32XX.c.obj (.text.UART2_close)
                  0100b7b8    000000e2     simplelink.a : wlan.obj (.text.sl_WlanGet)
                  0100b89a    000000e0                  : cc_pal.obj (.text.NwpPowerOff)
                  0100b97a    000000dc                  : netapp.obj (.text._SlNetAppHandleAsync_NetAppReceive)
                  0100ba56    000000dc                  : sl_socket.obj (.text.sl_GetSockOpt)
                  0100bb32    000000da                  : sl_socket.obj (.text.sl_Send)
                  0100bc0c    000000d8     ti_sysbios_config.o (.text.pthread_create)
                  0100bce4    000000d8     httpclient_release.a : httpclient.om4 (.text.sprsend)
                  0100bdbc    000000d8     ti_sysbios_config.o (.text.ti_sysbios_family_arm_m3_Hwi_excFillContext)
                  0100be94    000000d6     slnetifwifi.a : slnetifwifi.obj (.text.SlNetIfWifi_getSockOpt)
                  0100bf6a    00000002     libclang_rt.builtins.a : aeabi_div0.c.obj (.text.__aeabi_ldiv0)
                  0100bf6c    000000d4     drivers_cc32xx.a : SPICC32XXDMA.c.obj (.text.SPICC32XXDMA_transferCancel)
                  0100c040    000000d4     simplelink.a : cc_pal.obj (.text.Semaphore_pend_handle)
                  0100c114    000000d4     ti_sysbios_config.o (.text.clock_gettime)
                  0100c1e8    000000d0     slnetifwifi.a : slnetifwifi.obj (.text.matchModeByRole)
                  0100c2b8    000000ce     simplelink.a : netapp.obj (.text._SlNetAppHandleAsync_DnsGetHostByName)
                  0100c386    000000ce                  : sl_socket.obj (.text.sl_Bind)
                  0100c454    000000cc     drivers_cc32xx.a : UART2CC32XX.c.obj (.text.UART2Support_dmaStartRx)
                  0100c520    000000ca     simplelink.a : driver.obj (.text._SlDrvHandleFatalError)
                  0100c5ea    000000ca                  : netapp.obj (.text._SlNetAppHandleAsync_PingResponse)
                  0100c6b4    000000c6     driverlib.a : prcm.obj (.text.PRCMPeripheralClockGet)
                  0100c77a    00000002     libc.a : _lock.c.obj (.text._nop)
                  0100c77c    000000c4     drivers_cc32xx.a : UART2CC32XX.c.obj (.text.UART2CC32XX_initHw)
                  0100c840    000000c4     simplelink.a : driver.obj (.text._SlDrvIsTimeoutExpired)
                  0100c904    000000c4     libc.a : s_scalbn.c.obj (.text.scalbn)
                  0100c9c8    000000c4     simplelink.a : fs.obj (.text.sl_FsClose)
                  0100ca8c    000000c0     platform.o (.text.SimpleLinkNetAppEventHandler)
                  0100cb4c    000000c0     simplelink.a : netutil.obj (.text._SlNetUtilHandleAsync_Cmd)
                  0100cc0c    000000be                  : netapp.obj (.text._SlNetAppSendResponse)
                  0100ccca    00000002     ti_sysbios_config.o (.text._system_pre_init)
                  0100cccc    000000b8     drivers_cc32xx.a : UART2CC32XX.c.obj (.text.UART2Support_dmaStartTx)
                  0100cd84    000000b8     simplelink.a : sl_socket.obj (.text._SlDrvUnRegisterForSelectAsync)
                  0100ce3c    000000b8                  : driver.obj (.text._SlSpawnMsgListProcess)
                  0100cef4    000000b8     ti_sysbios_config.o (.text.ti_sysbios_knl_Task_Instance_finalize)
                  0100cfac    000000b8     ti_sysbios_config.o (.text.ti_sysbios_knl_Task_setPri)
                  0100d064    000000b4     drivers_cc32xx.a : SPICC32XXDMA.c.obj (.text.SPICC32XXDMA_close)
                  0100d118    000000b4     driverlib.a : spi.obj (.text.SPIConfigSetExpClk)
                  0100d1cc    000000b4     simplelink.a : cc_pal.obj (.text.spi_Read)
                  0100d280    000000b4                  : cc_pal.obj (.text.spi_Write)
                  0100d334    000000b2                  : driver.obj (.text._SlDrvProtectAsyncRespSetting)
                  0100d3e6    00000002     ti_sysbios_config.o (.text.ti_sysbios_runtime_System_exitSpin)
                  0100d3e8    000000b0     libclang_rt.builtins.a : udivmoddi4.S.obj (.text)
                  0100d498    000000ac     driverlib.a : gpio.obj (.text.GPIOIntTypeSet)
                  0100d544    000000ac     simplelink.a : sl_socket.obj (.text._SlSocketHandleAsync_Close)
                  0100d5f0    000000ac                  : sl_socket.obj (.text._SlSocketHandleAsync_Connect)
                  0100d69c    000000aa     slnetsock_release.a : slnetsock.om4 (.text.SlNetSock_create)
                  0100d746    000000a6     slnetifwifi.a : slnetifwifi.obj (.text.SlNetIfWifi_ping)
                  0100d7ec    000000a4     simplelink.a : fs.obj (.text.FsGetCreateFsMode)
                  0100d890    000000a4     httpclient_release.a : httpclient.om4 (.text.getStatus)
                  0100d934    000000a4     simplelink.a : sl_socket.obj (.text.sl_Recv)
                  0100d9d8    000000a4                  : sl_socket.obj (.text.sl_SetSockOpt)
                  0100da7c    000000a4     ti_sysbios_config.o (.text.ti_sysbios_knl_Task_Instance_init)
                  0100db20    000000a4     ti_sysbios_config.o (.text.ti_sysbios_knl_Task_sleep)
                  0100dbc4    000000a2     driverlib.a : pin.obj (.text.PinConfigSet)
                  0100dc66    0000009e     simplelink.a : sl_socket.obj (.text._SlDrvOpenCtrlSocket)
                  0100dd04    0000009c                  : sl_socket.obj (.text._SlSocketHandleAsync_Accept)
                  0100dda0    00000098     slnetifwifi.a : slnetifwifi.obj (.text.SlNetIfWifi_sockstartSec)
                  0100de38    00000098     simplelink.a : device.obj (.text._SlDeviceHandleAsync_Stop)
                  0100ded0    00000098                  : device.obj (.text.sl_DeviceSet)
                  0100df68    00000096                  : eventreg.obj (.text.sl_UnregisterLibsEventHandler)
                  0100dffe    00000002     --HOLE-- [fill = 0]
                  0100e000    00000096     drivers_cc32xx.a : PowerCC32XX_ticlang.asm.obj (.text)
                  0100e096    00000094     simplelink.a : sl_socket.obj (.text.sl_Socket)
                  0100e12a    00000094     drivers_cc32xx.a : SPICC32XXDMA.c.obj (.text.spiHwiFxn)
                  0100e1be    00000092     driverlib.a : spi.obj (.text.SPIIntStatus)
                  0100e250    00000092                 : udma.obj (.text.uDMAChannelAttributeDisable)
                  0100e2e2    00000002     --HOLE-- [fill = 0]
                  0100e2e4    00000090     drivers_cc32xx.a : GPIOCC32XX.c.obj (.text.GPIO_init)
                  0100e374    00000090     httpclient_release.a : httpclient.om4 (.text.sendReqHeaders)
                  0100e404    0000008e     driverlib.a : prcm.obj (.text.PRCMSysResetCauseGet)
                  0100e492    00000002     --HOLE-- [fill = 0]
                  0100e494    0000008c     ti_sysbios_config.o (.text.ti_sysbios_knl_Mailbox_post)
                  0100e520    00000088     drivers_cc32xx.a : PowerCC32XX.c.obj (.text.PowerCC32XX_configureWakeup)
                  0100e5a8    00000088     slnetsock_release.a : slnetsock.om4 (.text.SlNetSock_getVirtualSdConf)
                  0100e630    00000084                         : slnetutils.om4 (.text.SlNetUtil_getHostByName)
                  0100e6b4    00000084     drivers_cc32xx.a : SPICC32XXDMA.c.obj (.text.initHw)
                  0100e738    00000080     ti_sysbios_config.o (.text._pthread_abstime2ticks)
                  0100e7b8    0000007e     httpclient_release.a : httpclient.om4 (.text.readLine)
                  0100e836    0000007c     simplelink.a : netapp.obj (.text._SlNetAppSendTokenValue)
                  0100e8b2    00000002     --HOLE-- [fill = 0]
                  0100e8b4    0000007c     ti_sysbios_config.o (.text.ti_sysbios_family_arm_m3_Hwi_postInit)
                  0100e930    00000078     drivers_cc32xx.a : PowerCC32XX.c.obj (.text.Power_init)
                  0100e9a8    00000078     simplelink.a : driver.obj (.text._SlDrvRxIrqHandler)
                  0100ea20    00000078     ti_sysbios_config.o (.text._pthread_removeThreadKeys)
                  0100ea98    00000078     ti_sysbios_config.o (.text.ti_sysbios_knl_Task_postInit)
                  0100eb10    00000076     simplelink.a : cc_pal.obj (.text.spi_Open)
                  0100eb86    00000074     driverlib.a : prcm.obj (.text.PRCMHibernateWakeUpGPIOSelect)
                  0100ebfa    00000074     slnetifwifi.a : slnetifwifi.obj (.text.SlNetIfWifi_setSockOpt)
                  0100ec6e    00000074     driverlib.a : uart.obj (.text.UARTConfigSetExpClk)
                  0100ece2    00000074     simplelink.a : driver.obj (.text._SlSpawnMsgListGetCount)
                  0100ed56    00000002     --HOLE-- [fill = 0]
                  0100ed58    00000074     ti_sysbios_config.o (.text.acquireMutex)
                  0100edcc    00000074     ti_sysbios_config.o (.text.ti_sysbios_family_arm_m3_Hwi_initNVIC)
                  0100ee40    00000074     ti_sysbios_config.o (.text.ti_sysbios_knl_Swi_restoreHwi)
                  0100eeb4    00000072     simplelink.a : device.obj (.text._SlDeviceHandleResetRequestInternally)
                  0100ef26    00000072                  : sl_socket.obj (.text._SlDrvCloseCtrlSocket)
                  0100ef98    00000072                  : spawn.obj (.text._SlInternalSpawn)
                  0100f00a    00000072                  : sl_socket.obj (.text.sl_Listen)
                  0100f07c    00000070     ti_sysbios_config.o (.text.ti_sysbios_family_arm_m3_Hwi_Instance_init)
                  0100f0ec    00000070     ti_sysbios_config.o (.text.ti_sysbios_heaps_HeapMem_allocUnprotected)
                  0100f15c    00000070     ti_sysbios_config.o (.text.ti_sysbios_knl_Task_startup)
                  0100f1cc    00000070     ti_sysbios_config.o (.text.ti_sysbios_runtime_System_formatNum)
                  0100f23c    00000070     libc.a : copy_decompress_lzss.c.obj (.text:decompress:lzss)
                  0100f2ac    0000006e     libclang_rt.builtins.a : comparedf2.c.obj (.text.__gedf2)
                  0100f31a    00000002     --HOLE-- [fill = 0]
                  0100f31c    0000006e                            : comparedf2.c.obj (.text.__ledf2)
                  0100f38a    0000006c     driverlib.a : pin.obj (.text.PinLockLevelSet)
                  0100f3f6    00000002     --HOLE-- [fill = 0]
                  0100f3f8    0000006c     drivers_cc32xx.a : PowerCC32XX.c.obj (.text.Power_setDependency)
                  0100f464    0000006c     driverlib.a : spi.obj (.text.SPIIntDisable)
                  0100f4d0    0000006c     drivers_cc32xx.a : UDMACC32XX.c.obj (.text.UDMACC32XX_open)
                  0100f53c    0000006c     simplelink.a : driver.obj (.text._SlDrvCmdSend_noLock)
                  0100f5a8    0000006c     libc.a : _printfi.c.obj (.text._mcpy)
                  0100f614    0000006c     drivers_cc32xx.a : GPIOCC32XX.c.obj (.text.powerNotifyFxn)
                  0100f680    0000006c     ti_sysbios_config.o (.text.ti_sysbios_family_arm_m3_Hwi_dispatchC)
                  0100f6ec    0000006c     ti_sysbios_config.o (.text.ti_sysbios_hal_Seconds_getTime)
                  0100f758    0000006c     ti_sysbios_config.o (.text.ti_sysbios_knl_Clock_workFunc)
                  0100f7c4    0000006a     driverlib.a : prcm.obj (.text.PRCMPeripheralReset)
                  0100f82e    0000006a     slnetifwifi.a : slwificonn.obj (.text.SignalEvent)
                  0100f898    00000068     driverlib.a : spi.obj (.text.SPIIntEnable)
                  0100f900    00000068     slnetsock_release.a : slnetsock.om4 (.text.SlNetSock_AllocVirtualSocket)
                  0100f968    00000068     simplelink.a : eventreg.obj (.text.sl_RegisterLibsEventHandler)
                  0100f9d0    00000068     ti_sysbios_config.o (.text.ti_sysbios_knl_Clock_init)
                  0100fa38    00000068     ti_sysbios_config.o (.text.ti_sysbios_knl_Swi_run)
                  0100faa0    00000066     simplelink.a : wlan.obj (.text.sl_WlanSetMode)
                  0100fb06    00000064     httpclient_release.a : httpclient.om4 (.text.HTTPClient_disconnect)
                  0100fb6a    00000002     --HOLE-- [fill = 0]
                  0100fb6c    00000064                          : httpclient.om4 (.text.HTTPClient_getHeader)
                  0100fbd0    00000064     simplelink.a : cc_pal.obj (.text.NwpRegisterInterruptHandler)
                  0100fc34    00000064     slnetsock_release.a : slnetsock.om4 (.text.SlNetSock_secAttribSet)
                  0100fc98    00000064     slnetifwifi.a : slwificonn.obj (.text.SlWifiConn_enable)
                  0100fcfc    00000064     ti_sysbios_config.o (.text.ti_sysbios_knl_Idle_init)
                  0100fd60    00000062     driverlib.a : spi.obj (.text.SPIIntClear)
                  0100fdc2    00000062     simplelink.a : eventreg.obj (.text._SlNetAppHttpServerHdlr)
                  0100fe24    00000062                  : eventreg.obj (.text._SlNetAppRequestHdlr)
                  0100fe86    00000002     --HOLE-- [fill = 0]
                  0100fe88    00000062     libclang_rt.builtins.a : aeabi_dcmp.S.obj (.text.__aeabi_dcmp)
                  0100feea    00000060     httpclient_release.a : httpclient.om4 (.text.HTTPClient_create)
                  0100ff4a    00000002     --HOLE-- [fill = 0]
                  0100ff4c    00000060     slnetsock_release.a : slnetif.om4 (.text.SlNetIf_queryIf)
                  0100ffac    00000060     drivers_cc32xx.a : UART2CC32XX.c.obj (.text.UART2Support_dmaStopTx)
                  0101000c    00000060     simplelink.a : driver.obj (.text._SlDrvSyncObjWaitTimeout)
                  0101006c    00000060     ti_sysbios_config.o (.text.ti_sysbios_knl_Semaphore_post)
                  010100cc    00000060     ti_sysbios_config.o (.text.ti_sysbios_knl_Swi_schedule)
                  0101012c    0000005c     driverlib.a : flash.obj (.text.FlashDisable)
                  01010188    0000005c                 : prcm.obj (.text.PRCMHibernateWakeupSourceDisable)
                  010101e4    0000005c     simplelink.a : driver.obj (.text._SlDrvUpdateApiInProgress)
                  01010240    0000005c                  : eventreg.obj (.text._SlIsEventRegistered)
                  0101029c    0000005c     libc.a : _printfi.c.obj (.text._pconv_f)
                  010102f8    0000005c     ti_sysbios_config.o (.text.pthread_exit)
                  01010354    0000005a     driverlib.a : prcm.obj (.text.PRCMPeripheralClkEnable)
                  010103ae    0000005a     simplelink.a : eventreg.obj (.text._SlDeviceFatalErrorEvtHdlr)
                  01010408    0000005a                  : eventreg.obj (.text._SlDeviceGeneralEvtHdlr)
                  01010462    0000005a                  : driver.obj (.text._SlDrvGlobalObjUnLock)
                  010104bc    0000005a                  : eventreg.obj (.text._SlNetAppEvtHdlr)
                  01010516    0000005a                  : eventreg.obj (.text._SlNetAppRequestMemFree)
                  01010570    0000005a                  : eventreg.obj (.text._SlSockEvtHdlr)
                  010105ca    0000005a                  : eventreg.obj (.text._SlWlanEvtHdlr)
                  01010624    00000058     platform.o (.text.Connect)
                  0101067c    00000058     slnetsock_release.a : slnetsock.om4 (.text.SlNetSock_recv)
                  010106d4    00000058                         : slnetsock.om4 (.text.SlNetSock_send)
                  0101072c    00000058     simplelink.a : sl_socket.obj (.text._SlDrvClearCtrlSocket)
                  01010784    00000058     main_tirtos.o (.text.main)
                  010107dc    00000056     driverlib.a : prcm.obj (.text.PRCMLPDSEnter)
                  01010832    00000056     slnetifwifi.a : slnetifwifi.obj (.text.SlNetIfWifi_getIPAddr)
                  01010888    00000056     libc.a : _ltoa.c.obj (.text.__TI_ltoa)
                  010108de    00000002     --HOLE-- [fill = 0]
                  010108e0    00000054     ti_sysbios_config.o (.text.HwiP_create)
                  01010934    00000054     drivers_cc32xx.a : PowerCC32XX.c.obj (.text.PowerCC32XX_setParkState)
                  01010988    00000054                      : PowerCC32XX.c.obj (.text.Power_releaseDependency)
                  010109dc    00000054     driverlib.a : spi.obj (.text.SPIDmaMaskGet)
                  01010a30    00000054     slnetifwifi.a : slnetifwifi.obj (.text.SlNetIfWifi_getConnectionStatus)
                  01010a84    00000054     simplelink.a : driver.obj (.text._SlFindAndReleasePendingCmd)
                  01010ad8    00000054     libc.a : s_frexp.c.obj (.text.frexp)
                  01010b2c    00000054     ti_sysbios_config.o (.text.mq_send)
                  01010b80    00000054     ti_sysbios_config.o (.text.ti_sysbios_family_arm_m3_Timer_start)
                  01010bd4    00000052     display_cc32xx.a : DisplayUart2.c.obj (.text.DisplayUart2Min_vprintf)
                  01010c26    00000052     simplelink.a : sl_socket.obj (.text._SlSocketBuildAddress)
                  01010c78    00000050     display_cc32xx.a : Display.c.obj (.text.Display_doOpen)
                  01010cc8    00000050     drivers_cc32xx.a : GPIOCC32XX.c.obj (.text.GPIO_hwiIntFxn)
                  01010d18    00000050     simplelink.a : cc_pal.obj (.text.NwpWaitForShutDownInd)
                  01010d68    00000050     driverlib.a : prcm.obj (.text.PRCMHibernateWakeupSourceEnable)
                  01010db8    00000050     simplelink.a : driver.obj (.text._SlDrvCmdSend_noWait)
                  01010e08    00000050     ti_sysbios_config.o (.text.ti_sysbios_knl_Swi_post)
                  01010e58    00000050     ti_sysbios_config.o (.text.ti_sysbios_knl_Swi_runLoop)
                  01010ea8    0000004e     slnetifwifi.a : slnetifwifi.obj (.text.SlNetIfWifi_sendTo)
                  01010ef6    0000004e     libc.a : _printfi.c.obj (.text._ecpy)
                  01010f44    0000004e     ti_sysbios_config.o (.text.ti_sysbios_heaps_HeapMem_freeUnprotected)
                  01010f92    0000004e     driverlib.a : udma.obj (.text.uDMAChannelAssign)
                  01010fe0    0000004c     ti_sysbios_config.o (.text.BIOS_startFunc)
                  0101102c    0000004c     drivers_cc32xx.a : GPIOCC32XX.c.obj (.text.GPIO_setInterruptConfig)
                  01011078    0000004c     driverlib.a : prcm.obj (.text.PRCMLPDSRestoreInfoSet)
                  010110c4    0000004c     slnetsock_release.a : slnetsock.om4 (.text.SlNetSock_freeVirtualSocket)
                  01011110    0000004c     ti_sysbios_config.o (.text.ti_sysbios_knl_Swi_Instance_init)
                  0101115c    0000004c     simplelink.a : sl_socket.obj (.text.to_mSec)
                  010111a8    0000004a     httpclient_release.a : httpclient.om4 (.text.HTTPClient_destroy)
                  010111f2    0000004a     drivers_cc32xx.a : UART2CC32XX.c.obj (.text.UART2Support_dmaStopRx)
                  0101123c    0000004a     simplelink.a : spawn.obj (.text._SlInternalSpawnWaitForEvent)
                  01011286    0000004a     driverlib.a : udma.obj (.text.uDMAChannelSizeGet)
                  010112d0    00000048     ti_sysbios_config.o (.text.BIOS_init)
                  01011318    00000048     driverlib.a : prcm.obj (.text.PRCMIntEnable)
                  01011360    00000048                 : prcm.obj (.text.PRCMPeripheralStatusGet)
                  010113a8    00000048                 : pin.obj (.text.PinConfigGet)
                  010113f0    00000048     slnetifwifi.a : slnetifwifi.obj (.text.SlNetIfWifi_recvFrom)
                  01011438    00000048     libclang_rt.builtins.a : fixdfsi.S.obj (.text.__fixdfsi)
                  01011480    00000048     httpclient_release.a : httpclient.om4 (.text.clearReqHeaders)
                  010114c8    00000048     ti_sysbios_config.o (.text.ti_sysbios_family_arm_m3_Hwi_create)
                  01011510    00000048     sysbios.a : Hwi_asm_switch_gcc.s.obj (.text.ti_sysbios_family_arm_m3_Hwi_initStacks)
                  01011558    00000048     ti_sysbios_config.o (.text.ti_sysbios_family_arm_m3_Timer_initDevice)
                  010115a0    00000048     ti_sysbios_config.o (.text.ti_sysbios_hal_Seconds_getCount)
                  010115e8    00000048     ti_sysbios_config.o (.text.ti_sysbios_heaps_HeapMem_Instance_init)
                  01011630    00000048     ti_sysbios_config.o (.text.ti_sysbios_heaps_HeapMem_alloc)
                  01011678    00000048     ti_sysbios_config.o (.text.ti_sysbios_knl_Task_schedule)
                  010116c0    00000048     ti_sysbios_config.o (.text.ti_sysbios_runtime_Startup_exec)
                  01011708    00000046     driverlib.a : prcm.obj (.text.PRCMLPDSEnterKeepDebugIf)
                  0101174e    00000046     drivers_cc32xx.a : RingBuf.c.obj (.text.RingBuf_put)
                  01011794    00000046     slnetifwifi.a : slnetifwifi.obj (.text.SlNetIfWifi_getHostByName)
                  010117da    00000046                   : slwificonn.obj (.text.SlWifiConn_disable)
                  01011820    00000044     ti_sysbios_config.o (.text.BIOS_atExitFunc)
                  01011864    00000044     driverlib.a : gpio.obj (.text.GPIODirModeSet)
                  010118a8    00000044     drivers_cc32xx.a : GPIOCC32XX.c.obj (.text.GPIO_disableInt)
                  010118ec    00000044                      : GPIOCC32XX.c.obj (.text.GPIO_enableInt)
                  01011930    00000044                      : PowerCC32XX.c.obj (.text.Power_releaseConstraint)
                  01011974    00000044                      : SPI.c.obj (.text.SPI_init)
                  010119b8    00000044     slnetsock_release.a : slnetsock.om4 (.text.SlNetSock_init)
                  010119fc    00000044                         : slnetsock.om4 (.text.SlNetSock_startSec)
                  01011a40    00000044     libclang_rt.builtins.a : fixunsdfsi.S.obj (.text.__fixunsdfsi)
                  01011a84    00000044     ti_net_config.o (.text.ti_net_SlNet_initConfig)
                  01011ac8    00000044     ti_sysbios_config.o (.text.ti_sysbios_family_arm_m3_Hwi_Instance_finalize)
                  01011b0c    00000044     ti_sysbios_config.o (.text.ti_sysbios_family_arm_m3_Hwi_construct2)
                  01011b50    00000044     ti_sysbios_config.o (.text.ti_sysbios_family_arm_m3_Hwi_disableInterrupt)
                  01011b94    00000044     ti_sysbios_config.o (.text.ti_sysbios_family_arm_m3_Hwi_enableInterrupt)
                  01011bd8    00000044     ti_sysbios_config.o (.text.ti_sysbios_family_arm_m3_Timer_setPeriodMicroSecs)
                  01011c1c    00000044     ti_sysbios_config.o (.text.ti_sysbios_knl_Swi_restore)
                  01011c60    00000044     ti_sysbios_config.o (.text.ti_sysbios_knl_Task_create)
                  01011ca4    00000042     driverlib.a : pin.obj (.text.PinModeSet)
                  01011ce6    00000042     slnetifwifi.a : slnetifwifi.obj (.text.SlNetIfWifi_select)
                  01011d28    00000042                   : slnetifwifi.obj (.text.SlNetIfWifi_socket)
                  01011d6a    00000042     simplelink.a : spawn.obj (.text._SlInternalSpawnTaskEntry)
                  01011dac    00000042     httpclient_release.a : httpclient.om4 (.text.clearResponseValues)
                  01011dee    00000042     ti_sysbios_config.o (.text.getCountsRTC)
                  01011e30    00000040     drivers_cc32xx.a : SPI.c.obj (.text.SPI_open)
                  01011e70    00000040     slnetsock_release.a : slnetsock.om4 (.text.SlNetSock_connect)
                  01011eb0    00000040     simplelink.a : driver.obj (.text._SlDrvSyncObjWaitForever)
                  01011ef0    00000040     libc.a : atoi.c.obj (.text.atoi)
                  01011f30    00000040     ti_sysbios_config.o (.text.ti_sysbios_heaps_HeapMem_getStats)
                  01011f70    00000040     ti_sysbios_config.o (.text.ti_sysbios_knl_ClockSupport_init)
                  01011fb0    00000040     ti_sysbios_config.o (.text.ti_sysbios_knl_Task_exit)
                  01011ff0    00000040     driverlib.a : udma.obj (.text.uDMAChannelControlSet)
                  01012030    0000003e                 : pin.obj (.text.PinDirModeSet)
                  0101206e    0000003e     ti_sysbios_config.o (.text.sem_timedwait)
                  010120ac    0000003c     simplelink.a : sl_socket.obj (.text.CountSetBits)
                  010120e8    0000003c     display_cc32xx.a : DisplayUart2.c.obj (.text.DisplayUart2Min_open)
                  01012124    0000003c     ti_sysbios_config.o (.text.HwiP_construct)
                  01012160    0000003c     drivers_cc32xx.a : UDMACC32XX.c.obj (.text.UDMACC32XX_init)
                  0101219c    0000003c     simplelink.a : driver.obj (.text._SlDrvIsApiInProgress)
                  010121d8    0000003c                  : driver.obj (.text._SlDrvProtectionObjLockWaitForever)
                  01012214    0000003c                  : driver.obj (.text._SlDrvProtectionObjUnLock)
                  01012250    0000003c     ti_sysbios_config.o (.text.ti_sysbios_heaps_HeapMem_construct)
                  0101228c    0000003c     ti_sysbios_config.o (.text.ti_sysbios_knl_Task_blockI)
                  010122c8    0000003c     ti_sysbios_config.o (.text.ti_sysbios_knl_Task_restore)
                  01012304    0000003c     ti_sysbios_config.o (.text.ti_sysbios_runtime_Memory_alloc)
                  01012340    0000003c     libc.a : vsnprintf.c.obj (.text.vsnprintf)
                  0101237c    0000003a     simplelink.a : cc_pal.obj (.text.Mutex_create_handle)
                  010123b6    0000003a                  : netapp.obj (.text._SlNetAppCopyPingResultsToReport)
                  010123f0    00000038     ti_sysbios_config.o (.text.MemAlloc_alloc)
                  01012428    00000038     drivers_cc32xx.a : PowerCC32XX.c.obj (.text.Power_setConstraint)
                  01012460    00000038                      : RingBuf.c.obj (.text.RingBuf_putAdvance)
                  01012498    00000038                      : UDMACC32XX.c.obj (.text.UDMACC32XX_close)
                  010124d0    00000038     libclang_rt.builtins.a : extendsfdf2.S.obj (.text.__extendsfdf2)
                  01012508    00000038     ti_sysbios_config.o (.text.pthread_mutex_init)
                  01012540    00000038     libc.a : sprintf.c.obj (.text.sprintf)
                  01012578    00000038     ti_sysbios_config.o (.text.ti_sysbios_family_arm_m3_Timer_Instance_finalize)
                  010125b0    00000038     ti_sysbios_config.o (.text.ti_sysbios_knl_TaskSupport_buildTaskStack)
                  010125e8    00000038     ti_sysbios_config.o (.text.ti_sysbios_knl_Task_processVitalTaskFlag)
                  01012620    00000038     libc.a : autoinit.c.obj (.text:__TI_auto_init_nobinit_nopinit)
                  01012658    00000036     driverlib.a : pin.obj (.text.PinLock)
                  0101268e    00000036                 : spi.obj (.text.SPIFIFOLevelSet)
                  010126c4    00000036     slnetsock_release.a : slnetsock.om4 (.text.SlNetSock_close)
                  010126fa    00000036     driverlib.a : uart.obj (.text.UARTCharPutNonBlocking)
                  01012730    00000036     httpclient_release.a : httpclient.om4 (.text.stringcasecmp)
                  01012766    00000034     driverlib.a : pin.obj (.text.PinDirModeGet)
                  0101279a    00000034                 : pin.obj (.text.PinModeGet)
                  010127ce    00000034     drivers_cc32xx.a : PowerCC32XX.c.obj (.text.PowerCC32XX_parkPin)
                  01012802    00000002     --HOLE-- [fill = 0]
                  01012804    00000034     slnetsock_release.a : slnetutils.om4 (.text.SlNetUtil_strTok)
                  01012838    00000034     drivers_cc32xx.a : UART2.c.obj (.text.UART2_rxDisable)
                  0101286c    00000034     simplelink.a : fs.obj (.text._SlFsStrlen)
                  010128a0    00000034     libc.a : _printfi.c.obj (.text._fcpy)
                  010128d4    00000034     ti_sysbios_config.o (.text._pthread_cleanupFxn)
                  01012908    00000034     ti_sysbios_config.o (.text.pthread_mutex_unlock)
                  0101293c    00000034     httpclient_release.a : httpclient.om4 (.text.stringncasecmp)
                  01012970    00000034     ti_sysbios_config.o (.text.ti_sysbios_family_arm_m3_Hwi_getStackInfo)
                  010129a4    00000034     ti_sysbios_config.o (.text.ti_sysbios_family_arm_m3_Hwi_init)
                  010129d8    00000034     ti_sysbios_config.o (.text.ti_sysbios_family_arm_m3_Timer_periodicStub)
                  01012a0c    00000034     ti_sysbios_config.o (.text.ti_sysbios_knl_Task_unblockI)
                  01012a40    00000034     ti_sysbios_config.o (.text.ti_sysbios_runtime_Error_raiseX)
                  01012a74    00000032     slnetifwifi.a : slnetifwifi.obj (.text.SlNetIfWifi_CreateContext)
                  01012aa6    00000032     simplelink.a : driver.obj (.text._SlDrvObjLockWaitForever)
                  01012ad8    00000032                  : driver.obj (.text._SlDrvObjUnLock)
                  01012b0a    00000032                  : driver.obj (.text._SlDrvSyncObjSignal)
                  01012b3c    00000032     ti_sysbios_config.o (.text.ti_sysbios_knl_Semaphore_pendTimeout)
                  01012b6e    00000030     driverlib.a : prcm.obj (.text.PRCMLPDSIntervalSet)
                  01012b9e    00000030                 : prcm.obj (.text.PRCMSlowClkCtrFastGet)
                  01012bce    00000030     slnetifwifi.a : slnetifwifi.obj (.text.SlNetIfWifi_recv)
                  01012bfe    00000030                   : slnetifwifi.obj (.text.SlNetIfWifi_send)
                  01012c2e    00000030     simplelink.a : driver.obj (.text._SlDrvStartMeasureTimeout)
                  01012c5e    00000030     libc.a : vsnprintf.c.obj (.text._outs)
                  01012c8e    00000030     ti_sysbios_config.o (.text.getTime)
                  01012cbe    00000002     --HOLE-- [fill = 0]
                  01012cc0    00000030     drivers_cc32xx.a : PowerCC32XX.c.obj (.text.notify)
                  01012cf0    00000030     ti_sysbios_config.o (.text.ti_sysbios_family_arm_m3_Hwi_excHandlerMin)
                  01012d20    00000030     ti_sysbios_config.o (.text.ti_sysbios_heaps_HeapMem_free)
                  01012d50    00000030     ti_sysbios_config.o (.text.ti_sysbios_knl_Clock_walkQueuePeriodic)
                  01012d80    00000030     ti_sysbios_config.o (.text.ti_sysbios_knl_TaskSupport_start)
                  01012db0    00000030     ti_sysbios_config.o (.text.ti_sysbios_runtime_System_atexit)
                  01012de0    00000030     ti_sysbios_config.o (.text.ti_sysbios_runtime_System_processAtExit)
                  01012e10    00000030     ti_sysbios_config.o (.text.usleep)
                  01012e40    0000002e     driverlib.a : gpio.obj (.text.GPIOIntStatus)
                  01012e6e    0000002e     simplelink.a : cc_pal.obj (.text.NwpPowerOn)
                  01012e9c    0000002e     drivers_cc32xx.a : RingBuf.c.obj (.text.RingBuf_getConsume)
                  01012eca    0000002e                      : RingBuf.c.obj (.text.RingBuf_putPointer)
                  01012ef8    0000002e     driverlib.a : uart.obj (.text.UARTDisable)
                  01012f26    00000002     --HOLE-- [fill = 0]
                  01012f28    0000002e     libclang_rt.builtins.a : floatsidf.S.obj (.text.__floatsidf)
                  01012f56    00000002     --HOLE-- [fill = 0]
                  01012f58    0000002c     slnetsock_release.a : slnetif.om4 (.text.SlNetIf_init)
                  01012f84    0000002c     drivers_cc32xx.a : UART2CC32XX.c.obj (.text.UART2CC32XX_getRxData)
                  01012fb0    0000002c     ti_sysbios_config.o (.text._pthread_delete)
                  01012fdc    0000002c     libc.a : strstr.c.obj (.text.strstr)
                  01013008    0000002c     ti_sysbios_config.o (.text.ti_sysbios_family_arm_m3_Timer_construct)
                  01013034    0000002c     ti_sysbios_config.o (.text.ti_sysbios_gates_GateMutex_enter)
                  01013060    0000002c     ti_sysbios_config.o (.text.ti_sysbios_knl_Task_restoreHwi)
                  0101308c    0000002a     driverlib.a : prcm.obj (.text.PRCMLPDSWakeUpGPIOSelect)
                  010130b6    0000002a                 : prcm.obj (.text.PRCMPeripheralClkDisable)
                  010130e0    0000002a     slnetifwifi.a : slnetifwifi.obj (.text.SlNetIfWifi_connect)
                  0101310a    0000002a     driverlib.a : uart.obj (.text.UARTIntStatus)
                  01013134    0000002a     simplelink.a : flowcont.obj (.text._SlFlowContSet)
                  0101315e    0000002a     ti_sysbios_config.o (.text.ti_sysbios_knl_Task_allBlockedFunction)
                  01013188    00000028     ti_sysbios_config.o (.text.BIOS_registerRTSLock)
                  010131b0    00000028     drivers_cc32xx.a : List.c.obj (.text.List_remove)
                  010131d8    00000028     driverlib.a : prcm.obj (.text.PRCMSRAMRetentionEnable)
                  01013200    00000028     drivers_cc32xx.a : PowerCC32XX.c.obj (.text.PowerCC32XX_getParkState)
                  01013228    00000028     driverlib.a : spi.obj (.text.SPIReset)
                  01013250    00000028     slnetifwifi.a : slnetifwifi.obj (.text.SlNetIfWifi_accept)
                  01013278    00000028     slnetsock_release.a : slnetsock.om4 (.text.SlNetSock_secAttribDelete)
                  010132a0    00000028     slnetifwifi.a : slwificonn.obj (.text.SlWifiConn_registerNetIFCallback)
                  010132c8    00000028     ti_sysbios_config.o (.text.calloc)
                  010132f0    00000028     httpclient_release.a : httpclient.om4 (.text.searchCustomResponseHeaderNode)
                  01013318    00000028     ti_sysbios_config.o (.text.sem_init)
                  01013340    00000028     sysbios.a : Hwi_asm_gcc.s.obj (.text.ti_sysbios_family_arm_m3_Hwi_excHandlerAsm)
                  01013368    00000028     ti_sysbios_config.o (.text.ti_sysbios_family_arm_m3_Timer_oneShotStub)
                  01013390    00000028     ti_sysbios_config.o (.text.ti_sysbios_family_arm_m3_Timer_setPeriod)
                  010133b8    00000028     ti_sysbios_config.o (.text.ti_sysbios_gates_GateMutex_Instance_init)
                  010133e0    00000028     ti_sysbios_config.o (.text.ti_sysbios_knl_Semaphore_Instance_init)
                  01013408    00000028     ti_sysbios_config.o (.text.ti_sysbios_knl_Swi_init)
                  01013430    00000028     ti_sysbios_config.o (.text.ti_sysbios_knl_Task_construct)
                  01013458    00000028     ti_sysbios_config.o (.text.ti_sysbios_knl_Task_init)
                  01013480    00000026     driverlib.a : spi.obj (.text.SPIDataGet)
                  010134a6    00000002     --HOLE-- [fill = 0]
                  010134a8    00000024     ti_sysbios_config.o (.text.BIOS_removeRTSLock)
                  010134cc    00000024     display_cc32xx.a : Display.c.obj (.text.Display_doInit)
                  010134f0    00000024     drivers_cc32xx.a : List.c.obj (.text.List_put)
                  01013514    00000024     driverlib.a : prcm.obj (.text.PRCMLPDSWakeupSourceEnable)
                  01013538    00000024     drivers_cc32xx.a : PowerCC32XX.c.obj (.text.PowerCC32XX_restoreParkState)
                  0101355c    00000024                      : PowerCC32XX.c.obj (.text.PowerCC32XX_restoreParkedPin)
                  01013580    00000024                      : PowerCC32XX.c.obj (.text.Power_registerNotify)
                  010135a4    00000024     driverlib.a : spi.obj (.text.SPIDataPut)
                  010135c8    00000024     ti_sysbios_config.o (.text.SemaphoreP_createBinary)
                  010135ec    00000024     slnetsock_release.a : slnetif.om4 (.text.SlNetIf_callback)
                  01013610    00000024                         : slnetif.om4 (.text.SlNetIf_getIfByID)
                  01013634    00000024     drivers_cc32xx.a : UART2CC32XX.c.obj (.text.UART2Support_disableRx)
                  01013658    00000024     ti_sysbios_config.o (.text.ti_sysbios_family_arm_m3_Hwi_construct)
                  0101367c    00000024     ti_sysbios_config.o (.text.ti_sysbios_family_arm_m3_Timer_postInit)
                  010136a0    00000024     ti_sysbios_config.o (.text.ti_sysbios_family_arm_m3_Timer_startup)
                  010136c4    00000024     ti_sysbios_config.o (.text.ti_sysbios_knl_Semaphore_destruct)
                  010136e8    00000024     ti_sysbios_config.o (.text.ti_sysbios_knl_Task_enter)
                  0101370c    00000024     sysbios.a : boot_cortex_m.c.obj (.text:_c_int00)
                  01013730    00000022     driverlib.a : gpio.obj (.text.GPIOPinWrite)
                  01013752    00000022                 : pin.obj (.text.PinUnlock)
                  01013774    00000022     drivers_cc32xx.a : RingBuf.c.obj (.text.RingBuf_getPointer)
                  01013796    00000022     driverlib.a : spi.obj (.text.SPIWordCountSet)
                  010137b8    00000022     slnetifwifi.a : slnetifwifi.obj (.text.SlNetIfWifi_bind)
                  010137da    00000022     drivers_cc32xx.a : UART2CC32XX.c.obj (.text.UART2Support_sendData)
                  010137fc    00000020     ti_sysbios_config.o (.text.HwiP_clearInterrupt)
                  0101381c    00000020     drivers_cc32xx.a : PowerCC32XX.c.obj (.text.PowerCC32XX_reset)
                  0101383c    00000020                      : PowerCC32XX.c.obj (.text.Power_unregisterNotify)
                  0101385c    00000020     ti_sysbios_config.o (.text.SemaphoreP_constructBinary)
                  0101387c    00000020     ti_sysbios_config.o (.text.getClockTicks)
                  0101389c    00000020     platform.o (.text.printError)
                  010138bc    00000020     ti_sysbios_config.o (.text.ti_sysbios_family_arm_m3_Hwi_delete)
                  010138dc    00000020     ti_sysbios_config.o (.text.ti_sysbios_family_arm_m3_Hwi_initStack)
                  010138fc    00000020     ti_sysbios_config.o (.text.ti_sysbios_knl_Clock_addI)
                  0101391c    00000020     ti_sysbios_config.o (.text.ti_sysbios_knl_Clock_tick)
                  0101393c    00000020     ti_sysbios_config.o (.text.ti_sysbios_knl_Semaphore_delete)
                  0101395c    00000020     sysbios.a : TaskSupport_asm_gcc.s.obj (.text.ti_sysbios_knl_TaskSupport_swap)
                  0101397c    00000020     ti_sysbios_config.o (.text.ti_sysbios_knl_Task_delete)
                  0101399c    00000020     ti_sysbios_config.o (.text.ti_sysbios_knl_Task_destruct)
                  010139bc    0000001e     driverlib.a : pin.obj (.text.PinTypeSPI)
                  010139da    0000001e                 : pin.obj (.text.PinTypeUART)
                  010139f8    0000001e     slnetifwifi.a : slnetifwifi.obj (.text.SlNetIfWifi_listen)
                  01013a16    0000001e     drivers_cc32xx.a : UART2.c.obj (.text.UART2_writeTimeout)
                  01013a34    0000001e     driverlib.a : uart.obj (.text.UARTEnable)
                  01013a52    0000001e     libc.a : memccpy.c.obj (.text.memccpy)
                  01013a70    0000001e     sysbios.a : Hwi_asm_switch_gcc.s.obj (.text.ti_sysbios_family_arm_m3_Hwi_switchAndRunFunc)
                  01013a8e    0000001e     ti_sysbios_config.o (.text.ti_sysbios_knl_Semaphore_create)
                  01013aac    0000001e     driverlib.a : udma.obj (.text.uDMAChannelDisable)
                  01013aca    0000001e                 : udma.obj (.text.uDMAChannelEnable)
                  01013ae8    0000001e                 : udma.obj (.text.uDMAChannelIsEnabled)
                  01013b06    00000002     --HOLE-- [fill = 0]
                  01013b08    0000001c     ti_sysbios_config.o (.text.BIOS_rtsLock)
                  01013b24    0000001c     slnetsock_release.a : slnetif.om4 (.text.SlNetIf_getConnectionStatus)
                  01013b40    0000001c     simplelink.a : spawn.obj (.text._SlInternalIsItSpawnThread)
                  01013b5c    0000001c     ti_sysbios_config.o (.text.free)
                  01013b78    0000001c     httpclient_release.a : httpclient.om4 (.text.searchRequestHeader)
                  01013b94    0000001c                          : httpclient.om4 (.text.strncmp)
                  01013bb0    0000001c     ti_sysbios_config.o (.text.ti_sysbios_knl_Idle_run)
                  01013bcc    0000001c     ti_sysbios_config.o (.text.ti_sysbios_knl_Queue_put)
                  01013be8    0000001c     ti_sysbios_config.o (.text.ti_sysbios_knl_Semaphore_construct)
                  01013c04    0000001a     driverlib.a : gpio.obj (.text.GPIOIntDisable)
                  01013c1e    0000001a                 : prcm.obj (.text.PRCMHIBRegRead)
                  01013c38    0000001a                 : prcm.obj (.text.PRCMHIBRegWrite)
                  01013c52    0000001a                 : prcm.obj (.text.PRCMLPDSWakeupSourceDisable)
                  01013c6c    0000001a                 : pin.obj (.text.PinToPadGet)
                  01013c86    0000001a                 : spi.obj (.text.SPIDmaDisable)
                  01013ca0    0000001a                 : spi.obj (.text.SPIFIFODisable)
                  01013cba    0000001a                 : uart.obj (.text.UARTFlowControlSet)
                  01013cd4    0000001a     simplelink.a : device.obj (.text._SlDeviceGetStartResponseConvert)
                  01013cee    0000001a     ti_sysbios_config.o (.text.ti_sysbios_knl_Task_sleepTimeout)
                  01013d08    00000018     ti_sysbios_config.o (.text.BIOS_exitFunc)
                  01013d20    00000018     ti_sysbios_config.o (.text.BIOS_rtsUnlock)
                  01013d38    00000018     display_cc32xx.a : DisplayUart2.c.obj (.text.DisplayUart2Min_close)
                  01013d50    00000018     driverlib.a : gpio.obj (.text.GPIOIntEnable)
                  01013d68    00000018                 : spi.obj (.text.SPIDmaEnable)
                  01013d80    00000018                 : spi.obj (.text.SPIFIFOEnable)
                  01013d98    00000018     simplelink.a : driver.obj (.text._SlDrvMemZero)
                  01013db0    00000018     libc.a : vsnprintf.c.obj (.text._outc)
                  01013dc8    00000018            : sprintf.c.obj (.text._outs)
                  01013de0    00000018     ti_sysbios_config.o (.text.pthread_attr_init)
                  01013df8    00000018     ti_sysbios_config.o (.text.ti_sysbios_family_arm_m3_Timer_stop)
                  01013e10    00000018     sysbios.a : TaskSupport_asm_gcc.s.obj (.text.ti_sysbios_knl_TaskSupport_glue)
                  01013e28    00000018     ti_sysbios_config.o (.text.ti_sysbios_knl_Task_unblock)
                  01013e40    00000016     ti_drivers_config.o (.text.Board_init)
                  01013e56    00000016     display_cc32xx.a : Display.c.obj (.text.Display_doPrintf)
                  01013e6c    00000016     ti_sysbios_config.o (.text.HwiP_interruptsEnabled)
                  01013e82    00000016     driverlib.a : spi.obj (.text.SPICSDisable)
                  01013e98    00000016                 : spi.obj (.text.SPICSEnable)
                  01013eae    00000016                 : spi.obj (.text.SPIDisable)
                  01013ec4    00000016                 : spi.obj (.text.SPIEnable)
                  01013eda    00000016     slnetifwifi.a : slnetifwifi.obj (.text.SlNetIfWifi_close)
                  01013ef0    00000016     driverlib.a : uart.obj (.text.UARTCharsAvail)
                  01013f06    00000016                 : uart.obj (.text.UARTDMADisable)
                  01013f1c    00000016                 : uart.obj (.text.UARTFIFOLevelSet)
                  01013f32    00000016                 : uart.obj (.text.UARTIntDisable)
                  01013f48    00000016     ti_sysbios_config.o (.text.clockFxn)
                  01013f5e    00000014     driverlib.a : cpu.obj (.text.CPUcpsid)
                  01013f72    00000014                 : cpu.obj (.text.CPUcpsie)
                  01013f86    00000002     --HOLE-- [fill = 0]
                  01013f88    00000014     drivers_cc32xx.a : PowerCC32XX.c.obj (.text.Power_getTransitionLatency)
                  01013f9c    00000014                      : PowerCC32XX.c.obj (.text.Power_idleFunc)
                  01013fb0    00000014     driverlib.a : uart.obj (.text.UARTDMAEnable)
                  01013fc4    00000014                 : uart.obj (.text.UARTIntEnable)
                  01013fd8    00000014     simplelink.a : driver.obj (.text._SlDrvDispatchHttpServerEvents)
                  01013fec    00000014                  : driver.obj (.text._SlDrvDispatchNetAppRequestEvents)
                  01014000    00000014                  : driver.obj (.text._SlDrvIsSpawnOwnGlobalLock)
                  01014014    00000014     libclang_rt.builtins.a : aeabi_uldivmod.S.obj (.text.__aeabi_uldivmod)
                  01014028    00000014     libc.a : args_main.c.obj (.text._args_main)
                  0101403c    00000014     httpclient_release.a : httpclient.om4 (.text.countChar)
                  01014050    00000014     ti_sysbios_config.o (.text.pthread_attr_setschedparam)
                  01014064    00000014     ti_sysbios_config.o (.text.pthread_mutex_destroy)
                  01014078    00000014     ti_sysbios_config.o (.text.pthread_mutexattr_init)
                  0101408c    00000014     slnetifwifi.a : slnetifwifi.obj (.text.slNetIfWifi_connDisable)
                  010140a0    00000014     httpclient_release.a : httpclient.om4 (.text.strcmp)
                  010140b4    00000014     ti_sysbios_config.o (.text.ti_sysbios_family_arm_m3_Hwi_switchFromBootStack)
                  010140c8    00000014     ti_sysbios_config.o (.text.ti_sysbios_knl_ClockSupport_setPeriodMicroSecs)
                  010140dc    00000014     driverlib.a : udma.obj (.text.uDMAControlBaseSet)
                  010140f0    00000014                 : udma.obj (.text.uDMAIntClear)
                  01014104    00000012                 : gpio.obj (.text.GPIOIntClear)
                  01014116    00000012     simplelink.a : driver.obj (.text._SlDrvResetCmdExt)
                  01014128    00000012     ti_sysbios_config.o (.text._pthread_runStub)
                  0101413a    00000012     drivers_cc32xx.a : UDMACC32XX.c.obj (.text.postNotifyFxn)
                  0101414c    00000012     httpclient_release.a : httpclient.om4 (.text.skipWhiteSpace)
                  0101415e    00000012     slnetifwifi.a : slnetifwifi.obj (.text.slNetIfWifi_connEnable)
                  01014170    00000012     simplelink.a : cc_pal.obj (.text.spi_Close)
                  01014182    00000012     httpclient_release.a : httpclient.om4 (.text.strchr)
                  01014194    00000012     libc.a : _printfi.c.obj (.text.strchr)
                  010141a6    00000012            : memcpy_t2.S.obj (.text:TI_memcpy_small)
                  010141b8    00000010     ti_sysbios_config.o (.text.ClockP_getCpuFreq)
                  010141c8    00000010     ti_sysbios_config.o (.text.HwiP_Params_init)
                  010141d8    00000010     drivers_cc32xx.a : RingBuf.c.obj (.text.RingBuf_construct)
                  010141e8    00000010                      : UART2CC32XX.c.obj (.text.UART2Support_txDone)
                  010141f8    00000010     driverlib.a : uart.obj (.text.UARTBusy)
                  01014208    00000010                 : uart.obj (.text.UARTIntClear)
                  01014218    00000010                 : uart.obj (.text.UARTRxErrorGet)
                  01014228    00000010     ti_sysbios_config.o (.text.ti_sysbios_family_arm_m3_Hwi_excHandler)
                  01014238    00000010     ti_sysbios_config.o (.text.ti_sysbios_runtime_System_vsnprintf)
                  01014248    00000010     libc.a : wcslen.c.obj (.text.wcslen)
                  01014258    00000010            : copy_zero_init.c.obj (.text:decompress:ZI)
                  01014268    0000000e     simplelink.a : cc_pal.obj (.text.NwpMaskInterrupt)
                  01014276    0000000e                  : cc_pal.obj (.text.NwpUnMaskInterrupt)
                  01014284    0000000e     httpclient_release.a : httpclient.om4 (.text.OUTLINED_FUNCTION_3)
                  01014292    0000000e                          : httpclient.om4 (.text.OUTLINED_FUNCTION_7)
                  010142a0    0000000e     slnetifwifi.a : slnetifwifi.obj (.text.SlNetIfWifi_DeleteContext)
                  010142ae    0000000e     drivers_cc32xx.a : UART2.c.obj (.text.UART2_write)
                  010142bc    0000000e                      : SPICC32XXDMA.c.obj (.text.postNotifyFxn)
                  010142ca    0000000e     ti_sysbios_config.o (.text.sem_wait)
                  010142d8    0000000e     simplelink.a : device.obj (.text.sl_Task)
                  010142e6    0000000e     httpclient_release.a : httpclient.om4 (.text.strlen)
                  010142f4    0000000e     libc.a : _printfi.c.obj (.text.strlen)
                  01014302    0000000e            : strlen.c.obj (.text.strlen)
                  01014310    0000000e     slnetsock_release.a : slnetif.om4 (.text.strlen)
                  0101431e    0000000e     ti_sysbios_config.o (.text.strlen)
                  0101432c    0000000e     ti_sysbios_config.o (.text.ti_sysbios_gates_GateMutex_leave)
                  0101433a    0000000e     ti_sysbios_config.o (.text.ti_sysbios_knl_Clock_tickReconfig)
                  01014348    0000000e     driverlib.a : udma.obj (.text.uDMAEnable)
                  01014356    0000000e                 : udma.obj (.text.uDMAErrorStatusClear)
                  01014364    0000000e     libc.a : memset_t2.S.obj (.text:TI_memset_small)
                  01014372    0000000e            : copy_decompress_none.c.obj (.text:decompress:none)
                  01014380    0000000c     ti_sysbios_config.o (.text.BIOS_linkedWithIncorrectBootLibrary)
                  0101438c    0000000c     ti_sysbios_config.o (.text.BIOS_start)
                  01014398    0000000c     driverlib.a : cpu.obj (.text.CPUwfi)
                  010143a4    0000000c     ti_sysbios_config.o (.text.ClockP_getSystemTicks)
                  010143b0    0000000c     ti_sysbios_config.o (.text.HwiP_delete)
                  010143bc    0000000c     ti_sysbios_config.o (.text.HwiP_disable)
                  010143c8    0000000c     drivers_cc32xx.a : UART2CC32XX.c.obj (.text.OUTLINED_FUNCTION_0)
                  010143d4    0000000c     libc.a : _printfi.c.obj (.text.OUTLINED_FUNCTION_0)
                  010143e0    0000000c     platform.o (.text.OUTLINED_FUNCTION_0)
                  010143ec    0000000c     httpclient_release.a : httpclient.om4 (.text.OUTLINED_FUNCTION_1)
                  010143f8    0000000c                          : httpclient.om4 (.text.OUTLINED_FUNCTION_4)
                  01014404    0000000c     driverlib.a : prcm.obj (.text.PRCMLPDSWakeupCauseGet)
                  01014410    0000000c     ti_sysbios_config.o (.text.PowerCC32XX_initPolicy)
                  0101441c    0000000c     drivers_cc32xx.a : PowerCC32XX.c.obj (.text.Power_getConstraintMask)
                  01014428    0000000c                      : SPI.c.obj (.text.SPI_Params_init)
                  01014434    0000000c     ti_sysbios_config.o (.text.SemaphoreP_delete)
                  01014440    0000000c     drivers_cc32xx.a : UART2CC32XX.c.obj (.text.UART2CC32XX_postNotifyFxn)
                  0101444c    0000000c                      : UART2CC32XX.c.obj (.text.UART2Support_disableTx)
                  01014458    0000000c                      : UART2CC32XX.c.obj (.text.UART2Support_enableTx)
                  01014464    0000000c                      : UART2.c.obj (.text.UART2_Params_init)
                  01014470    0000000c     libc.a : _lock.c.obj (.text._register_lock)
                  0101447c    0000000c            : _lock.c.obj (.text._register_unlock)
                  01014488    0000000c     ti_sysbios_config.o (.text.pthread_attr_setdetachstate)
                  01014494    0000000c     ti_sysbios_config.o (.text.pthread_mutexattr_settype)
                  010144a0    0000000c     ti_sysbios_config.o (.text.pthread_self)
                  010144ac    0000000c     ti_sysbios_config.o (.text.ti_sysbios_heaps_HeapMem_init)
                  010144b8    0000000c     ti_sysbios_config.o (.text.ti_sysbios_knl_ClockSupport_start)
                  010144c4    0000000c     ti_sysbios_config.o (.text.ti_sysbios_knl_ClockSupport_stop)
                  010144d0    0000000c     driverlib.a : udma.obj (.text.uDMAControlBaseGet)
                  010144dc    0000000c                 : udma.obj (.text.uDMAErrorStatusGet)
                  010144e8    0000000a     httpclient_release.a : httpclient.om4 (.text.OUTLINED_FUNCTION_0)
                  010144f2    0000000a                          : httpclient.om4 (.text.OUTLINED_FUNCTION_10)
                  010144fc    0000000a     drivers_cc32xx.a : SPICC32XXDMA.c.obj (.text.OUTLINED_FUNCTION_1)
                  01014506    0000000a                      : UART2CC32XX.c.obj (.text.OUTLINED_FUNCTION_1)
                  01014510    0000000a     libc.a : _printfi.c.obj (.text.OUTLINED_FUNCTION_1)
                  0101451a    0000000a     platform.o (.text.OUTLINED_FUNCTION_1)
                  01014524    0000000a     drivers_cc32xx.a : SPICC32XXDMA.c.obj (.text.OUTLINED_FUNCTION_2)
                  0101452e    0000000a                      : UART2CC32XX.c.obj (.text.OUTLINED_FUNCTION_2)
                  01014538    0000000a     platform.o (.text.OUTLINED_FUNCTION_2)
                  01014542    0000000a     httpclient_release.a : httpclient.om4 (.text.OUTLINED_FUNCTION_9)
                  0101454c    0000000a     ti_sysbios_config.o (.text.SemaphoreP_pend)
                  01014556    0000000a     simplelink.a : device.obj (.text._SlDeviceResetRequestInitCompletedCB)
                  01014560    0000000a     libclang_rt.builtins.a : aeabi_memset.S.obj (.text.__aeabi_memset)
                  0101456a    0000000a     libc.a : sprintf.c.obj (.text._outc)
                  01014574    0000000a     ti_drivers_config.o (.text.dmaErrorFxn)
                  0101457e    0000000a     ti_sysbios_config.o (.text.sem_destroy)
                  01014588    0000000a     ti_sysbios_config.o (.text.sem_post)
                  01014592    00000008     slnetifwifi.a : slwificonn.obj (.text.DummyPrintf)
                  0101459a    00000008     drivers_cc32xx.a : SPICC32XXDMA.c.obj (.text.OUTLINED_FUNCTION_0)
                  010145a2    00000008     httpclient_release.a : httpclient.om4 (.text.OUTLINED_FUNCTION_2)
                  010145aa    00000008                          : httpclient.om4 (.text.OUTLINED_FUNCTION_5)
                  010145b2    00000008                          : httpclient.om4 (.text.OUTLINED_FUNCTION_6)
                  010145ba    00000008     driverlib.a : prcm.obj (.text.PRCMSleepEnter)
                  010145c2    00000008     slnetsock_release.a : slnetsock.om4 (.text.SlNetSock_secAttribCreate)
                  010145ca    00000008     simplelink.a : cc_pal.obj (.text.TimerGetCurrentTimestamp)
                  010145d2    00000008     driverlib.a : utils.obj (.text.UtilsDelay)
                  010145da    00000002     --HOLE-- [fill = 0]
                  010145dc    00000008     libc.a : aeabi_portable.c.obj (.text.__aeabi_errno_addr)
                  010145e4    00000008     libclang_rt.builtins.a : aeabi_memset.S.obj (.text.__aeabi_memclr)
                  010145ec    00000008     drivers_cc32xx.a : SPICC32XXDMA.c.obj (.text.blockingTransferCallback)
                  010145f4    00000008     ti_sysbios_config.o (.text.pthread_mutex_lock)
                  010145fc    00000008     ti_sysbios_config.o (.text.sem_getvalue)
                  01014604    00000008     ti_sysbios_config.o (.text.ti_sysbios_runtime_System_exit)
                  0101460c    00000006     ti_sysbios_config.o (.text.ClockP_getSystemTickPeriod)
                  01014612    00000006     display_cc32xx.a : DisplayUart2.c.obj (.text.DisplayUart2Min_control)
                  01014618    00000006                      : DisplayUart2.c.obj (.text.DisplayUart2Min_getType)
                  0101461e    00000006     ti_sysbios_config.o (.text.HwiP_restore)
                  01014624    00000006     drivers_cc32xx.a : SPICC32XXDMA.c.obj (.text.OUTLINED_FUNCTION_3)
                  0101462a    00000006     httpclient_release.a : httpclient.om4 (.text.OUTLINED_FUNCTION_8)
                  01014630    00000006     drivers_cc32xx.a : SPICC32XXDMA.c.obj (.text.SPICC32XXDMA_control)
                  01014636    00000006                      : SPI.c.obj (.text.SPI_close)
                  0101463c    00000006                      : SPI.c.obj (.text.SPI_transfer)
                  01014642    00000006                      : UART2CC32XX.c.obj (.text.UART2Support_powerRelConstraint)
                  01014648    00000006     ti_sysbios_config.o (.text.pthread_attr_setstacksize)
                  0101464e    00000006     ti_sysbios_config.o (.text.ti_sysbios_family_arm_m3_Hwi_destruct)
                  01014654    00000006     ti_sysbios_config.o (.text.ti_sysbios_family_arm_m3_Hwi_doSwiRestore)
                  0101465a    00000006     ti_sysbios_config.o (.text.ti_sysbios_family_arm_m3_Hwi_doTaskRestore)
                  01014660    00000006     ti_sysbios_config.o (.text.ti_sysbios_knl_Idle_loop)
                  01014666    00000006     ti_sysbios_config.o (.text.ti_sysbios_knl_Swi_startup)
                  0101466c    00000004     ti_sysbios_config.o (.text.HwiP_destruct)
                  01014670    00000004     ti_sysbios_config.o (.text.HwiP_disableInterrupt)
                  01014674    00000004     ti_sysbios_config.o (.text.HwiP_enableInterrupt)
                  01014678    00000004     drivers_cc32xx.a : RingBuf.c.obj (.text.RingBuf_getCount)
                  0101467c    00000004                      : SPICC32XXDMA.c.obj (.text.SPICC32XXDMA_init)
                  01014680    00000004     ti_sysbios_config.o (.text.SemaphoreP_destruct)
                  01014684    00000004     ti_sysbios_config.o (.text.SemaphoreP_post)
                  01014688    00000004     slnetsock_release.a : slnetutils.om4 (.text.SlNetUtil_htonl)
                  0101468c    00000004                         : slnetutils.om4 (.text.SlNetUtil_htons)
                  01014690    00000004                         : slnetutils.om4 (.text.SlNetUtil_init)
                  01014694    00000004     ti_sysbios_config.o (.text.SystemP_vsnprintf)
                  01014698    00000004     libclang_rt.builtins.a : aeabi_memcpy.S.obj (.text.__aeabi_memcpy)
                  0101469c    00000004     ti_sysbios_config.o (.text._system_post_cinit)
                  010146a0    00000004     ti_sysbios_config.o (.text.malloc)
                  010146a4    00000004     ti_sysbios_config.o (.text.ti_sysbios_heaps_HeapMem_isBlocking)

.rodata    0    010146b0    000016c4     
                  010146b0    000003bb     slnetifwifi.a : slwificonn.obj (.rodata.str1.1)
                  01014a6b    000002d3     httpclient_release.a : httpclient.om4 (.rodata.str1.1)
                  01014d3e    00000002     drivers_cc32xx.a : UART2CC32XX.c.obj (.rodata.stopBits)
                  01014d40    00000101     libc.a : aeabi_ctype.S.obj (.rodata:__aeabi_ctype_table_)
                  01014e41    00000002     httpget.o (.rodata.str1.145101863953030187561)
                  01014e43    00000001     ti_drivers_config.o (.rodata.Display_count)
                  01014e44    00000100     driverlib.a : pin.obj (.rodata.g_ulPinToPadMap)
                  01014f44    000000b8     httpclient_release.a : httpclient.om4 (.rodata.headerFieldStr)
                  01014ffc    000000a8     driverlib.a : prcm.obj (.rodata.PRCM_PeriphRegsList)
                  010150a4    00000086     ti_sysbios_config.o (.rodata.ti_sysbios_heaps_HeapMem_alloc.err)
                  0101512a    00000082     ti_sysbios_config.o (.rodata.ti_sysbios_family_arm_m3_Hwi_Instance_init.err.1)
                  010151ac    00000082     ti_sysbios_config.o (.rodata.ti_sysbios_runtime_Memory_alloc.err)
                  0101522e    0000007f     ti_sysbios_config.o (.rodata.ti_sysbios_family_arm_m3_Hwi_Instance_init.err)
                  010152ad    0000007d     ti_sysbios_config.o (.rodata.ti_sysbios_family_arm_m3_Timer_Instance_init.err.61)
                  0101532a    0000007a     ti_sysbios_config.o (.rodata.ti_sysbios_family_arm_m3_Timer_Instance_init.err)
                  010153a4    00000078     ti_drivers_config.o (.rodata.spiCC32XXDMAHWAttrs)
                  0101541c    00000070     simplelink.a : driver.obj (.rodata.OpcodeTranslateTable)
                  0101548c    00000050     httpclient_release.a : httpclient.om4 (.rodata.HeadersHashTable)
                  010154dc    00000050     simplelink.a : driver.obj (.rodata._SlActionLookupTable)
                  0101552c    00000045     platform.o (.rodata.str1.42508305510748056491)
                  01015571    00000001     display_cc32xx.a : Display.c.obj (.rodata.Display_defaultParams)
                  01015572    00000001     ti_drivers_config.o (.rodata.GPIO_pinUpperBound)
                  01015573    00000001     ti_drivers_config.o (.rodata.SPI_count)
                  01015574    00000044     ti_drivers_config.o (.rodata.PowerCC32XX_config)
                  010155b8    00000043     platform.o (.rodata.str1.178036156888501362071)
                  010155fb    00000041     platform.o (.rodata.str1.39656311129249777681)
                  0101563c    00000038     ti_drivers_config.o (.rodata.uart2CC32XXHWAttrs0)
                  01015674    00000037     platform.o (.rodata.str1.51346049073297405271)
                  010156ab    00000031     platform.o (.rodata.str1.127958250862253205531)
                  010156dc    00000030     httpget.o (.rodata.str1.110705454331916885861)
                  0101570c    0000002a     httpget.o (.rodata.str1.136293847722276466291)
                  01015736    00000001     ti_drivers_config.o (.rodata.UART2_count)
                  01015737    00000001     --HOLE-- [fill = 0]
                  01015738    00000028     drivers_cc32xx.a : GPIOCC32XX.c.obj (.rodata.portConfigs)
                  01015760    00000028     httpget.o (.rodata.str1.149157267552041496811)
                  01015788    00000026     platform.o (.rodata.str1.59344356603898737841)
                  010157ae    00000025     httpget.o (.rodata.str1.134227958375819363961)
                  010157d3    00000001     --HOLE-- [fill = 0]
                  010157d4    00000024     drivers_cc32xx.a : UART2.c.obj (.rodata.UART2_defaultParams)
                  010157f8    00000024     platform.o (.rodata.str1.55753835711064310421)
                  0101581c    00000024     ti_sysbios_config.o (.rodata.ti_sysbios_knl_Task_Params_default)
                  01015840    00000022     httpclient_release.a : httpclient.om4 (.rodata.str1.4)
                  01015862    00000021     drivers_cc32xx.a : GPIOCC32XX.c.obj (.rodata.pinTable)
                  01015883    00000021     platform.o (.rodata.str1.123712170349267154841)
                  010158a4    00000020     display_cc32xx.a : DisplayUart2.c.obj (.rodata.DisplayUart2Min_fxnTable)
                  010158c4    00000020     simplelink.a : fs.obj (.rodata.FlagsTranslate)
                  010158e4    00000020                  : driver.obj (.rodata.RxMsgClassLUT)
                  01015904    00000020     drivers_cc32xx.a : SPI.c.obj (.rodata.SPI_defaultParams)
                  01015924    00000020     simplelink.a : device.obj (.rodata.StartResponseLUT)
                  01015944    00000020     platform.o (.rodata.str1.153264322989818112701)
                  01015964    00000020     httpget.o (.rodata.str1.96575814871125431061)
                  01015984    0000001f     httpget.o (.rodata.str1.21343837875681130251)
                  010159a3    0000001e     httpget.o (.rodata.str1.113942849206444191321)
                  010159c1    0000001d     ti_sysbios_config.o (.rodata.str1.52039025504259797111)
                  010159de    0000001c     httpget.o (.rodata.str1.126065437045949032971)
                  010159fa    0000001c     httpget.o (.rodata.str1.28661735242740563311)
                  01015a16    00000002     --HOLE-- [fill = 0]
                  01015a18    0000001c     ti_sysbios_config.o (.rodata.ti_sysbios_family_arm_m3_Timer_Params_default)
                  01015a34    0000001a     httpget.o (.rodata.str1.116749806040881303561)
                  01015a4e    00000019     httpget.o (.rodata.str1.85302687136633543471)
                  01015a67    00000001     --HOLE-- [fill = 0]
                  01015a68    00000018     drivers_cc32xx.a : SPICC32XXDMA.c.obj (.rodata.SPICC32XXDMA_fxnTable)
                  01015a80    00000018     ti_drivers_config.o (.rodata.SPI_config)
                  01015a98    00000018     driverlib.a : spi.obj (.rodata.g_ulSPIDmaMaskMap)
                  01015ab0    00000018     ti_sysbios_config.o (.rodata.ti_sysbios_family_arm_m3_Hwi_Params_default)
                  01015ac8    00000017     platform.o (.rodata.str1.35195397240078737001)
                  01015adf    00000016     platform.o (.rodata.str1.139568277015386275581)
                  01015af5    00000016     httpget.o (.rodata.str1.44654693311194556501)
                  01015b0b    00000016     httpget.o (.rodata.str1.92910656932708132451)
                  01015b21    00000003     --HOLE-- [fill = 0]
                  01015b24    00000014     simplelink.a : fs.obj (.rodata..L__const.FsGetCreateFsMode.granTable)
                  01015b38    00000014     slnetifwifi.a : slnetifwifi.obj (.rodata.StartSecOptName)
                  01015b4c    00000014     ti_drivers_config.o (.rodata.displayUart2HWAttrs)
                  01015b60    00000014     ti_sysbios_config.o (.rodata.ti_sysbios_knl_Swi_Params_default)
                  01015b74    00000013     platform.o (.rodata.str1.127743987051275154401)
                  01015b87    00000013     platform.o (.rodata.str1.179521573458965948871)
                  01015b9a    00000012     platform.o (.rodata.str1.19027149895808931651)
                  01015bac    00000011     libc.a : _printfi.c.obj (.rodata.str1.11645776875810915891)
                  01015bbd    00000011     ti_sysbios_config.o (.rodata.str1.24738519592824766381)
                  01015bce    00000011     libc.a : _printfi.c.obj (.rodata.str1.44690500295887128011)
                  01015bdf    00000001     --HOLE-- [fill = 0]
                  01015be0    00000010     ti_drivers_config.o (.rodata.GPIO_config)
                  01015bf0    00000010     simplelink.a : sl_socket.obj (.rodata._SlCtrlSockAddr)
                  01015c00    00000010                  : sl_socket.obj (.rodata._SlCtrlSockRelease)
                  01015c10    00000010     slnetifwifi.a : slnetifwifi.obj (.rodata.socketType)
                  01015c20    0000000f     httpget.o (.rodata.str1.7577440344724155701)
                  01015c2f    00000001     --HOLE-- [fill = 0]
                  01015c30    0000000c     ti_drivers_config.o (.rodata.Display_config)
                  01015c3c    0000000c     ti_sysbios_config.o (.rodata.defAttrs)
                  01015c48    0000000c     drivers_cc32xx.a : SPICC32XXDMA.c.obj (.rodata.dmaNullConfig)
                  01015c54    0000000c                      : SPICC32XXDMA.c.obj (.rodata.dmaRxConfig)
[...]
01013cbb  UARTFlowControlSet                                              
01013cef  ti_sysbios_knl_Task_sleepTimeout                                
01013d09  BIOS_exitFunc                                                   
01013d21  BIOS_rtsUnlock                                                  
01013d39  DisplayUart2Min_close                                           
01013d51  GPIOIntEnable                                                   
01013d69  SPIDmaEnable                                                    
01013d81  SPIFIFOEnable                                                   
01013d99  _SlDrvMemZero                                                   
01013de1  pthread_attr_init                                               
01013df9  ti_sysbios_family_arm_m3_Timer_stop                             
01013e11  ti_sysbios_knl_TaskSupport_glue                                 
01013e29  ti_sysbios_knl_Task_unblock                                     
01013e41  Board_init                                                      
01013e57  Display_doPrintf                                                
01013e6d  HwiP_interruptsEnabled                                          
01013e83  SPICSDisable                                                    
01013e99  SPICSEnable                                                     
01013eaf  SPIDisable                                                      
01013ec5  SPIEnable                                                       
01013edb  SlNetIfWifi_close                                               
01013ef1  UARTCharsAvail                                                  
01013f07  UARTDMADisable                                                  
01013f1d  UARTFIFOLevelSet                                                
01013f33  UARTIntDisable                                                  
01013f5f  CPUcpsid                                                        
01013f73  CPUcpsie                                                        
01013f89  Power_getTransitionLatency                                      
01013f9d  Power_idleFunc                                                  
01013fb1  UARTDMAEnable                                                   
01013fc5  UARTIntEnable                                                   
01013fd9  _SlDrvDispatchHttpServerEvents                                  
01013fed  _SlDrvDispatchNetAppRequestEvents                               
01014001  _SlDrvIsSpawnOwnGlobalLock                                      
01014015  __aeabi_uldivmod                                                
01014029  _args_main                                                      
01014051  pthread_attr_setschedparam                                      
01014065  pthread_mutex_destroy                                           
01014079  pthread_mutexattr_init                                          
0101408d  slNetIfWifi_connDisable                                         
010140b5  ti_sysbios_family_arm_m3_Hwi_switchFromBootStack                
010140c9  ti_sysbios_knl_ClockSupport_setPeriodMicroSecs                  
010140dd  uDMAControlBaseSet                                              
010140f1  uDMAIntClear                                                    
01014105  GPIOIntClear                                                    
01014117  _SlDrvResetCmdExt                                               
0101415f  slNetIfWifi_connEnable                                          
01014171  spi_Close                                                       
010141a7  TI_memcpy_small                                                 
010141b9  ClockP_getCpuFreq                                               
010141c9  HwiP_Params_init                                                
010141d9  RingBuf_construct                                               
010141e9  UART2Support_txDone                                             
010141f9  UARTBusy                                                        
01014209  UARTIntClear                                                    
01014219  UARTRxErrorGet                                                  
01014229  ti_sysbios_family_arm_m3_Hwi_excHandler                         
01014239  ti_sysbios_runtime_System_vsnprintf                             
01014249  wcslen                                                          
01014259  __TI_zero_init                                                  
01014269  NwpMaskInterrupt                                                
01014277  NwpUnMaskInterrupt                                              
010142a1  SlNetIfWifi_DeleteContext                                       
010142af  UART2_write                                                     
010142cb  sem_wait                                                        
010142d9  sl_Task                                                         
01014303  strlen                                                          
0101432d  ti_sysbios_gates_GateMutex_leave                                
0101433b  ti_sysbios_knl_Clock_tickReconfig                               
01014349  uDMAEnable                                                      
01014357  uDMAErrorStatusClear                                            
01014365  TI_memset_small                                                 
01014373  __TI_decompress_none                                            
01014381  BIOS_linkedWithIncorrectBootLibrary                             
0101438d  BIOS_start                                                      
01014399  CPUwfi                                                          
010143a5  ClockP_getSystemTicks                                           
010143b1  HwiP_delete                                                     
010143bd  HwiP_disable                                                    
01014405  PRCMLPDSWakeupCauseGet                                          
01014411  PowerCC32XX_initPolicy                                          
0101441d  Power_getConstraintMask                                         
01014429  SPI_Params_init                                                 
01014435  SemaphoreP_delete                                               
0101444d  UART2Support_disableTx                                          
01014459  UART2Support_enableTx                                           
01014465  UART2_Params_init                                               
01014471  _register_lock                                                  
0101447d  _register_unlock                                                
01014489  pthread_attr_setdetachstate                                     
01014495  pthread_mutexattr_settype                                       
010144a1  pthread_self                                                    
010144ad  ti_sysbios_heaps_HeapMem_init                                   
010144b9  ti_sysbios_knl_ClockSupport_start                               
010144c5  ti_sysbios_knl_ClockSupport_stop                                
010144d1  uDMAControlBaseGet                                              
010144dd  uDMAErrorStatusGet                                              
0101454d  SemaphoreP_pend                                                 
01014557  _SlDeviceResetRequestInitCompletedCB                            
01014561  __aeabi_memset                                                  
01014561  __aeabi_memset4                                                 
01014561  __aeabi_memset8                                                 
0101457f  sem_destroy                                                     
01014589  sem_post                                                        
010145bb  PRCMSleepEnter                                                  
010145c3  SlNetSock_secAttribCreate                                       
010145cb  TimerGetCurrentTimestamp                                        
010145d3  UtilsDelay                                                      
010145dd  __aeabi_errno_addr                                              
010145e5  __aeabi_memclr                                                  
010145e5  __aeabi_memclr4                                                 
010145e5  __aeabi_memclr8                                                 
010145f5  pthread_mutex_lock                                              
010145fd  sem_getvalue                                                    
01014605  ti_sysbios_runtime_System_exit                                  
0101460d  ClockP_getSystemTickPeriod                                      
01014613  DisplayUart2Min_control                                         
01014619  DisplayUart2Min_getType                                         
0101461f  HwiP_restore                                                    
01014631  SPICC32XXDMA_control                                            
01014637  SPI_close                                                       
0101463d  SPI_transfer                                                    
01014643  UART2Support_powerRelConstraint                                 
01014649  pthread_attr_setstacksize                                       
0101464f  ti_sysbios_family_arm_m3_Hwi_destruct                           
01014655  ti_sysbios_family_arm_m3_Hwi_doSwiRestore                       
0101465b  ti_sysbios_family_arm_m3_Hwi_doTaskRestore                      
01014661  ti_sysbios_knl_Idle_loop                                        
01014667  ti_sysbios_knl_Swi_startup                                      
0101466d  HwiP_destruct                                                   
01014671  HwiP_disableInterrupt                                           
01014675  HwiP_enableInterrupt                                            
01014679  RingBuf_getCount                                                
0101467d  SPICC32XXDMA_init                                               
01014681  SemaphoreP_destruct                                             
01014685  SemaphoreP_post                                                 
01014689  SlNetUtil_htonl                                                 
0101468d  SlNetUtil_htons                                                 
01014691  SlNetUtil_init                                                  
01014695  SystemP_vsnprintf                                               
01014699  __aeabi_memcpy                                                  
01014699  __aeabi_memcpy4                                                 
01014699  __aeabi_memcpy8                                                 
0101469d  _system_post_cinit                                              
010146a1  malloc                                                          
010146a5  ti_sysbios_heaps_HeapMem_isBlocking                             
01014d40  __aeabi_ctype_table_                                            
01014d40  __aeabi_ctype_table_C                                           
01014e43  Display_count                                                   
010153a4  spiCC32XXDMAHWAttrs                                             
0101541c  OpcodeTranslateTable                                            
010154dc  _SlActionLookupTable                                            
01015571  Display_defaultParams                                           
01015572  GPIO_pinUpperBound                                              
01015573  SPI_count                                                       
01015574  PowerCC32XX_config                                              
01015736  UART2_count                                                     
010157d4  UART2_defaultParams                                             
010158a4  DisplayUart2Min_fxnTable                                        
010158c4  FlagsTranslate                                                  
01015904  SPI_defaultParams                                               
01015a68  SPICC32XXDMA_fxnTable                                           
01015a80  SPI_config                                                      
01015b4c  displayUart2HWAttrs                                             
01015be0  GPIO_config                                                     
01015c30  Display_config                                                  
01015c84  udmaCC3220SHWAttrs                                              
01015ca4  UART2_config                                                    
01015cac  UDMACC32XX_config                                               
01015ce4  ti_sysbios_knl_Idle_funcList                                    
01015d04  TimestampP_nativeFormat32                                       
01015d08  TimestampP_nativeFormat64                                       
01015d30  _SlNetAppSendResponseCmdCtrl                                    
01015d34  _SlNetAppSendTokenValueCmdCtrl                                  
01015d70  ti_sysbios_family_arm_m3_Hwi_swiTaskKeyAddress                  
01015d74  __TI_static_base__                                              
01015f34  __TI_Handler_Table_Base                                         
01015f40  __TI_Handler_Table_Limit                                        
01015f48  __TI_CINIT_Base                                                 
01015f58  __TI_CINIT_Limit                                                
01015f58  __TI_CINIT_Warm                                                 
20000000  __primary_heap_start__                                          
20000000  __start___llvm_prf_bits                                         
20000000  __start___llvm_prf_cnts                                         
20000000  __stop___llvm_prf_bits                                          
20000000  __stop___llvm_prf_cnts                                          
20008000  __primary_heap_end__                                            
20008800  g_CB                                                            
20008bfc  ti_sysbios_family_arm_m3_Hwi_dispatchTable                      
20008f08  ti_sysbios_knl_Idle_taskStack                                   
20009108  uart2CC32XXObjects0                                             
20009280  PowerCC32XX_contextSave                                         
200093ac  spiCC32XXDMAObjects                                             
20009434  gpioCallbackFunctions                                           
200094b8  gpioUserArgs                                                    
200095bc  ti_sysbios_knl_Swi_readyQs                                      
2000963c  ti_sysbios_knl_Task_readyQs                                     
200096bc  ti_sysbios_knl_Idle_taskStruct                                  
20009714  ti_sysbios_knl_ClockSupport_timerStruct                         
20009748  BIOS_heapMemObject                                              
20009774  GlobalLockObj                                                   
200097a0  BIOS_rtsGate                                                    
200097c8  g_SlInternalSpawnCB                                             
200097f0  ti_sysbios_heaps_HeapMem_gate                                   
2000987c  ti_sysbios_runtime_System_atexitHandlers                        
20009904  ti_sysbios_hal_Seconds_Module_state                             
20009918  DeviceCB                                                        
20009924  Msg                                                             
20009930  displayUart2Object                                              
2000993c  spiCC32XXSDMAscratchBuf                                         
20009944  udmaCC3220SObject                                               
2000994c  display                                                         
20009950  mode                                                            
20009954  ti_sysbios_family_arm_m3_Timer_startupNeeded                    
20009958  ti_sysbios_family_arm_m3_TimestampProvider_Module_state         
2000995c  ti_sysbios_knl_Task_defaultStackHeap                            
20009960  gIfID                                                           
20009962  RxIrqCnt                                                        
20009968  PowerCC32XX_module                                              
20009ad4  parkInfo                                                        
20009bcc  gpioPinConfigs                                                  
20009c50  BIOS_Module_state                                               
20009c7c  ti_sysbios_family_arm_m3_Hwi_Module_state                       
20009cb8  SlNetIfConfigWifi                                               
20009d20  ti_sysbios_knl_Clock_Module_state                               
20009d88  ti_sysbios_runtime_Startup_done                                 
20009d8b  ti_sysbios_knl_Idle_initDone                                    
20009d8c  ti_sysbios_runtime_Memory_defaultHeapInstance                   
20009da4  ti_sysbios_runtime_Error_ignore                                 
20009db0  ti_sysbios_runtime_System_Module_state                          
20009dbc  ti_sysbios_knl_Swi_Module_state                                 
20009de4  ti_sysbios_knl_Task_Module_state                                
20009e20  g_LibsEvents                                                    
20009e44  g_UserEvents                                                    
20009e68  HTTP_METHOD_GET                                                 
20009e6c  HTTP_METHOD_HEAD                                                
20009e70  HTTP_METHOD_CONNECT                                             
20009eb0  ti_sysbios_family_arm_m3_Timer_Module_state                     
20009ed4  ti_sysbios_gates_GateMutex_Module_state                         
20009edc  ti_sysbios_heaps_HeapMem_Module_state                           
20009ee4  ti_sysbios_knl_Semaphore_Module_state                           
20009ef0  __aeabi_errno                                                   
20009ef4  _lock                                                           
20009ef8  _unlock                                                         
20009f04  g_fNetIfCB                                                      
20009f08  g_intHandle                                                     
20009f0c  g_pCB                                                           
20009f10  httpThread                                                      
20009f14  pPingCallBackFunc                                               
20009f18  spawn_thread                                                    
20009f1c  g_SlDeviceStatus                                                
20009f1e  g_ifId                                                          
20009f21  gGlobalLockCntReleased                                          
20009f22  gGlobalLockCntRequested                                         
2000a000  ti_sysbios_family_arm_m3_Hwi_ramVectors                         
2003fc00  __stack                                                         
20040000  __STACK_END                                                     
ffffffff  __TI_pprof_out_hndl                                             
ffffffff  __TI_prof_data_size                                             
ffffffff  __TI_prof_data_start                                            
ffffffff  __binit__                                                       
ffffffff  binit                                                           
UNDEFED   ITM_flush                                                       
UNDEFED   ITM_restore                                                     
UNDEFED   __c_args__                                                      
UNDEFED   __mpu_init                                                      

[746 symbols]
